Archive member included to satisfy reference by file (symbol)

c:/st/stm32cubeide_1.4.0/stm32cubeide/plugins/com.st.stm32cube.ide.mcu.externaltools.gnu-tools-for-stm32.7-2018-q2-update.win32_1.4.0.202007081208/tools/bin/../lib/gcc/arm-none-eabi/7.3.1/../../../../arm-none-eabi/lib/thumb/v7-m\libc_nano.a(lib_a-errno.o)
                              Src/syscalls.o (__errno)
c:/st/stm32cubeide_1.4.0/stm32cubeide/plugins/com.st.stm32cube.ide.mcu.externaltools.gnu-tools-for-stm32.7-2018-q2-update.win32_1.4.0.202007081208/tools/bin/../lib/gcc/arm-none-eabi/7.3.1/../../../../arm-none-eabi/lib/thumb/v7-m\libc_nano.a(lib_a-exit.o)
                              c:/st/stm32cubeide_1.4.0/stm32cubeide/plugins/com.st.stm32cube.ide.mcu.externaltools.gnu-tools-for-stm32.7-2018-q2-update.win32_1.4.0.202007081208/tools/bin/../lib/gcc/arm-none-eabi/7.3.1/../../../../arm-none-eabi/lib/thumb/v7-m/crt0.o (exit)
c:/st/stm32cubeide_1.4.0/stm32cubeide/plugins/com.st.stm32cube.ide.mcu.externaltools.gnu-tools-for-stm32.7-2018-q2-update.win32_1.4.0.202007081208/tools/bin/../lib/gcc/arm-none-eabi/7.3.1/../../../../arm-none-eabi/lib/thumb/v7-m\libc_nano.a(lib_a-impure.o)
                              c:/st/stm32cubeide_1.4.0/stm32cubeide/plugins/com.st.stm32cube.ide.mcu.externaltools.gnu-tools-for-stm32.7-2018-q2-update.win32_1.4.0.202007081208/tools/bin/../lib/gcc/arm-none-eabi/7.3.1/../../../../arm-none-eabi/lib/thumb/v7-m\libc_nano.a(lib_a-exit.o) (_global_impure_ptr)
c:/st/stm32cubeide_1.4.0/stm32cubeide/plugins/com.st.stm32cube.ide.mcu.externaltools.gnu-tools-for-stm32.7-2018-q2-update.win32_1.4.0.202007081208/tools/bin/../lib/gcc/arm-none-eabi/7.3.1/../../../../arm-none-eabi/lib/thumb/v7-m\libc_nano.a(lib_a-init.o)
                              c:/st/stm32cubeide_1.4.0/stm32cubeide/plugins/com.st.stm32cube.ide.mcu.externaltools.gnu-tools-for-stm32.7-2018-q2-update.win32_1.4.0.202007081208/tools/bin/../lib/gcc/arm-none-eabi/7.3.1/../../../../arm-none-eabi/lib/thumb/v7-m/crt0.o (__libc_init_array)
c:/st/stm32cubeide_1.4.0/stm32cubeide/plugins/com.st.stm32cube.ide.mcu.externaltools.gnu-tools-for-stm32.7-2018-q2-update.win32_1.4.0.202007081208/tools/bin/../lib/gcc/arm-none-eabi/7.3.1/../../../../arm-none-eabi/lib/thumb/v7-m\libc_nano.a(lib_a-memset.o)
                              c:/st/stm32cubeide_1.4.0/stm32cubeide/plugins/com.st.stm32cube.ide.mcu.externaltools.gnu-tools-for-stm32.7-2018-q2-update.win32_1.4.0.202007081208/tools/bin/../lib/gcc/arm-none-eabi/7.3.1/../../../../arm-none-eabi/lib/thumb/v7-m/crt0.o (memset)

Allocating common symbols
Common symbol       size              file

x                   0x4               Src/main.o
flag                0x4               Src/main.o
Gp_IRQ_Callback     0x3c              stm32_f103c6_drivers/stm32_f103c6_EXTI.o
Pincfg              0x4               stm32_f103c6_drivers/keypad_driver/keypad.o
ch                  0x1               Src/main.o

Discarded input sections

 .text          0x0000000000000000        0x0 c:/st/stm32cubeide_1.4.0/stm32cubeide/plugins/com.st.stm32cube.ide.mcu.externaltools.gnu-tools-for-stm32.7-2018-q2-update.win32_1.4.0.202007081208/tools/bin/../lib/gcc/arm-none-eabi/7.3.1/thumb/v7-m/crti.o
 .data          0x0000000000000000        0x0 c:/st/stm32cubeide_1.4.0/stm32cubeide/plugins/com.st.stm32cube.ide.mcu.externaltools.gnu-tools-for-stm32.7-2018-q2-update.win32_1.4.0.202007081208/tools/bin/../lib/gcc/arm-none-eabi/7.3.1/thumb/v7-m/crti.o
 .bss           0x0000000000000000        0x0 c:/st/stm32cubeide_1.4.0/stm32cubeide/plugins/com.st.stm32cube.ide.mcu.externaltools.gnu-tools-for-stm32.7-2018-q2-update.win32_1.4.0.202007081208/tools/bin/../lib/gcc/arm-none-eabi/7.3.1/thumb/v7-m/crti.o
 .data          0x0000000000000000        0x4 c:/st/stm32cubeide_1.4.0/stm32cubeide/plugins/com.st.stm32cube.ide.mcu.externaltools.gnu-tools-for-stm32.7-2018-q2-update.win32_1.4.0.202007081208/tools/bin/../lib/gcc/arm-none-eabi/7.3.1/thumb/v7-m/crtbegin.o
 .text          0x0000000000000000       0x74 c:/st/stm32cubeide_1.4.0/stm32cubeide/plugins/com.st.stm32cube.ide.mcu.externaltools.gnu-tools-for-stm32.7-2018-q2-update.win32_1.4.0.202007081208/tools/bin/../lib/gcc/arm-none-eabi/7.3.1/../../../../arm-none-eabi/lib/thumb/v7-m/crt0.o
 .data          0x0000000000000000        0x0 c:/st/stm32cubeide_1.4.0/stm32cubeide/plugins/com.st.stm32cube.ide.mcu.externaltools.gnu-tools-for-stm32.7-2018-q2-update.win32_1.4.0.202007081208/tools/bin/../lib/gcc/arm-none-eabi/7.3.1/../../../../arm-none-eabi/lib/thumb/v7-m/crt0.o
 .bss           0x0000000000000000        0x0 c:/st/stm32cubeide_1.4.0/stm32cubeide/plugins/com.st.stm32cube.ide.mcu.externaltools.gnu-tools-for-stm32.7-2018-q2-update.win32_1.4.0.202007081208/tools/bin/../lib/gcc/arm-none-eabi/7.3.1/../../../../arm-none-eabi/lib/thumb/v7-m/crt0.o
 .ARM.extab     0x0000000000000000        0x0 c:/st/stm32cubeide_1.4.0/stm32cubeide/plugins/com.st.stm32cube.ide.mcu.externaltools.gnu-tools-for-stm32.7-2018-q2-update.win32_1.4.0.202007081208/tools/bin/../lib/gcc/arm-none-eabi/7.3.1/../../../../arm-none-eabi/lib/thumb/v7-m/crt0.o
 .ARM.exidx     0x0000000000000000        0x8 c:/st/stm32cubeide_1.4.0/stm32cubeide/plugins/com.st.stm32cube.ide.mcu.externaltools.gnu-tools-for-stm32.7-2018-q2-update.win32_1.4.0.202007081208/tools/bin/../lib/gcc/arm-none-eabi/7.3.1/../../../../arm-none-eabi/lib/thumb/v7-m/crt0.o
 .ARM.attributes
                0x0000000000000000       0x1b c:/st/stm32cubeide_1.4.0/stm32cubeide/plugins/com.st.stm32cube.ide.mcu.externaltools.gnu-tools-for-stm32.7-2018-q2-update.win32_1.4.0.202007081208/tools/bin/../lib/gcc/arm-none-eabi/7.3.1/../../../../arm-none-eabi/lib/thumb/v7-m/crt0.o
 .group         0x0000000000000000        0xc Src/main.o
 .group         0x0000000000000000        0xc Src/main.o
 .group         0x0000000000000000        0xc Src/main.o
 .group         0x0000000000000000        0xc Src/main.o
 .group         0x0000000000000000        0xc Src/main.o
 .group         0x0000000000000000        0xc Src/main.o
 .group         0x0000000000000000        0xc Src/main.o
 .group         0x0000000000000000        0xc Src/main.o
 .group         0x0000000000000000        0xc Src/main.o
 .group         0x0000000000000000        0xc Src/main.o
 .group         0x0000000000000000        0xc Src/main.o
 .group         0x0000000000000000        0xc Src/main.o
 .group         0x0000000000000000        0xc Src/main.o
 .group         0x0000000000000000        0xc Src/main.o
 .group         0x0000000000000000        0xc Src/main.o
 .group         0x0000000000000000        0xc Src/main.o
 .group         0x0000000000000000        0xc Src/main.o
 .group         0x0000000000000000        0xc Src/main.o
 .group         0x0000000000000000        0xc Src/main.o
 .group         0x0000000000000000        0xc Src/main.o
 .group         0x0000000000000000        0xc Src/main.o
 .group         0x0000000000000000        0xc Src/main.o
 .group         0x0000000000000000        0xc Src/main.o
 .group         0x0000000000000000        0xc Src/main.o
 .group         0x0000000000000000        0xc Src/main.o
 .group         0x0000000000000000        0xc Src/main.o
 .text          0x0000000000000000        0x0 Src/main.o
 .data          0x0000000000000000        0x0 Src/main.o
 .bss           0x0000000000000000        0x0 Src/main.o
 .group         0x0000000000000000        0xc Src/syscalls.o
 .group         0x0000000000000000        0xc Src/syscalls.o
 .group         0x0000000000000000        0xc Src/syscalls.o
 .group         0x0000000000000000        0xc Src/syscalls.o
 .group         0x0000000000000000        0xc Src/syscalls.o
 .group         0x0000000000000000        0xc Src/syscalls.o
 .group         0x0000000000000000        0xc Src/syscalls.o
 .group         0x0000000000000000        0xc Src/syscalls.o
 .group         0x0000000000000000        0xc Src/syscalls.o
 .group         0x0000000000000000        0xc Src/syscalls.o
 .group         0x0000000000000000        0xc Src/syscalls.o
 .group         0x0000000000000000        0xc Src/syscalls.o
 .group         0x0000000000000000        0xc Src/syscalls.o
 .group         0x0000000000000000        0xc Src/syscalls.o
 .group         0x0000000000000000        0xc Src/syscalls.o
 .group         0x0000000000000000        0xc Src/syscalls.o
 .group         0x0000000000000000        0xc Src/syscalls.o
 .group         0x0000000000000000        0xc Src/syscalls.o
 .group         0x0000000000000000        0xc Src/syscalls.o
 .group         0x0000000000000000        0xc Src/syscalls.o
 .group         0x0000000000000000        0xc Src/syscalls.o
 .group         0x0000000000000000        0xc Src/syscalls.o
 .group         0x0000000000000000        0xc Src/syscalls.o
 .group         0x0000000000000000        0xc Src/syscalls.o
 .group         0x0000000000000000        0xc Src/syscalls.o
 .group         0x0000000000000000        0xc Src/syscalls.o
 .group         0x0000000000000000        0xc Src/syscalls.o
 .group         0x0000000000000000        0xc Src/syscalls.o
 .group         0x0000000000000000        0xc Src/syscalls.o
 .group         0x0000000000000000        0xc Src/syscalls.o
 .group         0x0000000000000000        0xc Src/syscalls.o
 .group         0x0000000000000000        0xc Src/syscalls.o
 .group         0x0000000000000000        0xc Src/syscalls.o
 .group         0x0000000000000000        0xc Src/syscalls.o
 .group         0x0000000000000000        0xc Src/syscalls.o
 .group         0x0000000000000000        0xc Src/syscalls.o
 .group         0x0000000000000000        0xc Src/syscalls.o
 .group         0x0000000000000000        0xc Src/syscalls.o
 .group         0x0000000000000000        0xc Src/syscalls.o
 .group         0x0000000000000000        0xc Src/syscalls.o
 .group         0x0000000000000000        0xc Src/syscalls.o
 .group         0x0000000000000000        0xc Src/syscalls.o
 .group         0x0000000000000000        0xc Src/syscalls.o
 .group         0x0000000000000000        0xc Src/syscalls.o
 .text          0x0000000000000000        0x0 Src/syscalls.o
 .data          0x0000000000000000        0x0 Src/syscalls.o
 .bss           0x0000000000000000        0x0 Src/syscalls.o
 .bss.__env     0x0000000000000000        0x4 Src/syscalls.o
 .data.environ  0x0000000000000000        0x4 Src/syscalls.o
 .text.initialise_monitor_handles
                0x0000000000000000        0xc Src/syscalls.o
 .text._getpid  0x0000000000000000        0xe Src/syscalls.o
 .text._kill    0x0000000000000000       0x20 Src/syscalls.o
 .text._exit    0x0000000000000000       0x14 Src/syscalls.o
 .text._read    0x0000000000000000       0x3a Src/syscalls.o
 .text._write   0x0000000000000000       0x38 Src/syscalls.o
 .text._close   0x0000000000000000       0x16 Src/syscalls.o
 .text._fstat   0x0000000000000000       0x1e Src/syscalls.o
 .text._isatty  0x0000000000000000       0x14 Src/syscalls.o
 .text._lseek   0x0000000000000000       0x18 Src/syscalls.o
 .text._open    0x0000000000000000       0x1a Src/syscalls.o
 .text._wait    0x0000000000000000       0x1e Src/syscalls.o
 .text._unlink  0x0000000000000000       0x1e Src/syscalls.o
 .text._times   0x0000000000000000       0x16 Src/syscalls.o
 .text._stat    0x0000000000000000       0x1e Src/syscalls.o
 .text._link    0x0000000000000000       0x20 Src/syscalls.o
 .text._fork    0x0000000000000000       0x16 Src/syscalls.o
 .text._execve  0x0000000000000000       0x22 Src/syscalls.o
 .debug_info    0x0000000000000000     0x1038 Src/syscalls.o
 .debug_abbrev  0x0000000000000000      0x254 Src/syscalls.o
 .debug_loc     0x0000000000000000      0x5b8 Src/syscalls.o
 .debug_aranges
                0x0000000000000000       0xa8 Src/syscalls.o
 .debug_ranges  0x0000000000000000       0x98 Src/syscalls.o
 .debug_macro   0x0000000000000000      0x243 Src/syscalls.o
 .debug_macro   0x0000000000000000      0xa60 Src/syscalls.o
 .debug_macro   0x0000000000000000       0x22 Src/syscalls.o
 .debug_macro   0x0000000000000000       0x40 Src/syscalls.o
 .debug_macro   0x0000000000000000       0x18 Src/syscalls.o
 .debug_macro   0x0000000000000000       0x94 Src/syscalls.o
 .debug_macro   0x0000000000000000       0x3c Src/syscalls.o
 .debug_macro   0x0000000000000000       0x34 Src/syscalls.o
 .debug_macro   0x0000000000000000       0x57 Src/syscalls.o
 .debug_macro   0x0000000000000000      0x174 Src/syscalls.o
 .debug_macro   0x0000000000000000      0x330 Src/syscalls.o
 .debug_macro   0x0000000000000000       0x52 Src/syscalls.o
 .debug_macro   0x0000000000000000       0x1f Src/syscalls.o
 .debug_macro   0x0000000000000000       0x43 Src/syscalls.o
 .debug_macro   0x0000000000000000       0x20 Src/syscalls.o
 .debug_macro   0x0000000000000000      0x1a3 Src/syscalls.o
 .debug_macro   0x0000000000000000       0x10 Src/syscalls.o
 .debug_macro   0x0000000000000000       0x35 Src/syscalls.o
 .debug_macro   0x0000000000000000       0x10 Src/syscalls.o
 .debug_macro   0x0000000000000000       0x10 Src/syscalls.o
 .debug_macro   0x0000000000000000       0x10 Src/syscalls.o
 .debug_macro   0x0000000000000000       0x6a Src/syscalls.o
 .debug_macro   0x0000000000000000       0x1c Src/syscalls.o
 .debug_macro   0x0000000000000000       0x52 Src/syscalls.o
 .debug_macro   0x0000000000000000       0x40 Src/syscalls.o
 .debug_macro   0x0000000000000000       0x10 Src/syscalls.o
 .debug_macro   0x0000000000000000       0x40 Src/syscalls.o
 .debug_macro   0x0000000000000000       0xd7 Src/syscalls.o
 .debug_macro   0x0000000000000000       0x1c Src/syscalls.o
 .debug_macro   0x0000000000000000       0x3d Src/syscalls.o
 .debug_macro   0x0000000000000000       0x35 Src/syscalls.o
 .debug_macro   0x0000000000000000      0x122 Src/syscalls.o
 .debug_macro   0x0000000000000000       0x16 Src/syscalls.o
 .debug_macro   0x0000000000000000       0x16 Src/syscalls.o
 .debug_macro   0x0000000000000000       0x29 Src/syscalls.o
 .debug_macro   0x0000000000000000       0x10 Src/syscalls.o
 .debug_macro   0x0000000000000000      0x241 Src/syscalls.o
 .debug_macro   0x0000000000000000       0x1c Src/syscalls.o
 .debug_macro   0x0000000000000000       0x10 Src/syscalls.o
 .debug_macro   0x0000000000000000       0x10 Src/syscalls.o
 .debug_macro   0x0000000000000000       0x16 Src/syscalls.o
 .debug_macro   0x0000000000000000      0x145 Src/syscalls.o
 .debug_macro   0x0000000000000000      0x189 Src/syscalls.o
 .debug_macro   0x0000000000000000       0x16 Src/syscalls.o
 .debug_macro   0x0000000000000000       0x88 Src/syscalls.o
 .debug_line    0x0000000000000000      0x739 Src/syscalls.o
 .debug_str     0x0000000000000000     0x8867 Src/syscalls.o
 .comment       0x0000000000000000       0x7c Src/syscalls.o
 .debug_frame   0x0000000000000000      0x2ac Src/syscalls.o
 .ARM.attributes
                0x0000000000000000       0x33 Src/syscalls.o
 .group         0x0000000000000000        0xc Src/sysmem.o
 .group         0x0000000000000000        0xc Src/sysmem.o
 .group         0x0000000000000000        0xc Src/sysmem.o
 .group         0x0000000000000000        0xc Src/sysmem.o
 .group         0x0000000000000000        0xc Src/sysmem.o
 .group         0x0000000000000000        0xc Src/sysmem.o
 .group         0x0000000000000000        0xc Src/sysmem.o
 .group         0x0000000000000000        0xc Src/sysmem.o
 .group         0x0000000000000000        0xc Src/sysmem.o
 .group         0x0000000000000000        0xc Src/sysmem.o
 .group         0x0000000000000000        0xc Src/sysmem.o
 .group         0x0000000000000000        0xc Src/sysmem.o
 .group         0x0000000000000000        0xc Src/sysmem.o
 .group         0x0000000000000000        0xc Src/sysmem.o
 .group         0x0000000000000000        0xc Src/sysmem.o
 .group         0x0000000000000000        0xc Src/sysmem.o
 .group         0x0000000000000000        0xc Src/sysmem.o
 .group         0x0000000000000000        0xc Src/sysmem.o
 .group         0x0000000000000000        0xc Src/sysmem.o
 .text          0x0000000000000000        0x0 Src/sysmem.o
 .data          0x0000000000000000        0x0 Src/sysmem.o
 .bss           0x0000000000000000        0x0 Src/sysmem.o
 .bss.__sbrk_heap_end
                0x0000000000000000        0x4 Src/sysmem.o
 .text._sbrk    0x0000000000000000       0x6c Src/sysmem.o
 .debug_info    0x0000000000000000      0xa7c Src/sysmem.o
 .debug_abbrev  0x0000000000000000      0x18e Src/sysmem.o
 .debug_loc     0x0000000000000000       0x50 Src/sysmem.o
 .debug_aranges
                0x0000000000000000       0x20 Src/sysmem.o
 .debug_ranges  0x0000000000000000       0x10 Src/sysmem.o
 .debug_macro   0x0000000000000000       0xee Src/sysmem.o
 .debug_macro   0x0000000000000000      0xa60 Src/sysmem.o
 .debug_macro   0x0000000000000000       0x10 Src/sysmem.o
 .debug_macro   0x0000000000000000       0x22 Src/sysmem.o
 .debug_macro   0x0000000000000000       0x40 Src/sysmem.o
 .debug_macro   0x0000000000000000       0x18 Src/sysmem.o
 .debug_macro   0x0000000000000000       0x94 Src/sysmem.o
 .debug_macro   0x0000000000000000       0x3c Src/sysmem.o
 .debug_macro   0x0000000000000000       0x34 Src/sysmem.o
 .debug_macro   0x0000000000000000      0x174 Src/sysmem.o
 .debug_macro   0x0000000000000000       0x57 Src/sysmem.o
 .debug_macro   0x0000000000000000       0x52 Src/sysmem.o
 .debug_macro   0x0000000000000000       0x1f Src/sysmem.o
 .debug_macro   0x0000000000000000       0x43 Src/sysmem.o
 .debug_macro   0x0000000000000000       0x20 Src/sysmem.o
 .debug_macro   0x0000000000000000      0x1a3 Src/sysmem.o
 .debug_macro   0x0000000000000000      0x23b Src/sysmem.o
 .debug_macro   0x0000000000000000       0xef Src/sysmem.o
 .debug_macro   0x0000000000000000       0x6a Src/sysmem.o
 .debug_macro   0x0000000000000000      0x1df Src/sysmem.o
 .debug_line    0x0000000000000000      0x4c2 Src/sysmem.o
 .debug_str     0x0000000000000000     0x5f35 Src/sysmem.o
 .comment       0x0000000000000000       0x7c Src/sysmem.o
 .debug_frame   0x0000000000000000       0x34 Src/sysmem.o
 .ARM.attributes
                0x0000000000000000       0x33 Src/sysmem.o
 .text          0x0000000000000000       0x14 Startup/startup_stm32f103c6tx.o
 .data          0x0000000000000000        0x0 Startup/startup_stm32f103c6tx.o
 .bss           0x0000000000000000        0x0 Startup/startup_stm32f103c6tx.o
 .group         0x0000000000000000        0xc stm32_f103c6_drivers/keypad_driver/keypad.o
 .group         0x0000000000000000        0xc stm32_f103c6_drivers/keypad_driver/keypad.o
 .group         0x0000000000000000        0xc stm32_f103c6_drivers/keypad_driver/keypad.o
 .group         0x0000000000000000        0xc stm32_f103c6_drivers/keypad_driver/keypad.o
 .group         0x0000000000000000        0xc stm32_f103c6_drivers/keypad_driver/keypad.o
 .group         0x0000000000000000        0xc stm32_f103c6_drivers/keypad_driver/keypad.o
 .group         0x0000000000000000        0xc stm32_f103c6_drivers/keypad_driver/keypad.o
 .group         0x0000000000000000        0xc stm32_f103c6_drivers/keypad_driver/keypad.o
 .group         0x0000000000000000        0xc stm32_f103c6_drivers/keypad_driver/keypad.o
 .group         0x0000000000000000        0xc stm32_f103c6_drivers/keypad_driver/keypad.o
 .group         0x0000000000000000        0xc stm32_f103c6_drivers/keypad_driver/keypad.o
 .group         0x0000000000000000        0xc stm32_f103c6_drivers/keypad_driver/keypad.o
 .group         0x0000000000000000        0xc stm32_f103c6_drivers/keypad_driver/keypad.o
 .group         0x0000000000000000        0xc stm32_f103c6_drivers/keypad_driver/keypad.o
 .group         0x0000000000000000        0xc stm32_f103c6_drivers/keypad_driver/keypad.o
 .group         0x0000000000000000        0xc stm32_f103c6_drivers/keypad_driver/keypad.o
 .group         0x0000000000000000        0xc stm32_f103c6_drivers/keypad_driver/keypad.o
 .group         0x0000000000000000        0xc stm32_f103c6_drivers/keypad_driver/keypad.o
 .group         0x0000000000000000        0xc stm32_f103c6_drivers/keypad_driver/keypad.o
 .group         0x0000000000000000        0xc stm32_f103c6_drivers/keypad_driver/keypad.o
 .group         0x0000000000000000        0xc stm32_f103c6_drivers/keypad_driver/keypad.o
 .group         0x0000000000000000        0xc stm32_f103c6_drivers/keypad_driver/keypad.o
 .group         0x0000000000000000        0xc stm32_f103c6_drivers/keypad_driver/keypad.o
 .group         0x0000000000000000        0xc stm32_f103c6_drivers/keypad_driver/keypad.o
 .group         0x0000000000000000        0xc stm32_f103c6_drivers/keypad_driver/keypad.o
 .text          0x0000000000000000        0x0 stm32_f103c6_drivers/keypad_driver/keypad.o
 .data          0x0000000000000000        0x0 stm32_f103c6_drivers/keypad_driver/keypad.o
 .bss           0x0000000000000000        0x0 stm32_f103c6_drivers/keypad_driver/keypad.o
 .data.Keypad_r
                0x0000000000000000       0x10 stm32_f103c6_drivers/keypad_driver/keypad.o
 .data.Keypad_c
                0x0000000000000000       0x10 stm32_f103c6_drivers/keypad_driver/keypad.o
 .text.KEYPAD_INIT
                0x0000000000000000       0x88 stm32_f103c6_drivers/keypad_driver/keypad.o
 .text.KEYPAD_getchar
                0x0000000000000000      0x194 stm32_f103c6_drivers/keypad_driver/keypad.o
 .debug_info    0x0000000000000000      0xb17 stm32_f103c6_drivers/keypad_driver/keypad.o
 .debug_abbrev  0x0000000000000000      0x1a6 stm32_f103c6_drivers/keypad_driver/keypad.o
 .debug_loc     0x0000000000000000       0xa0 stm32_f103c6_drivers/keypad_driver/keypad.o
 .debug_aranges
                0x0000000000000000       0x28 stm32_f103c6_drivers/keypad_driver/keypad.o
 .debug_ranges  0x0000000000000000       0x18 stm32_f103c6_drivers/keypad_driver/keypad.o
 .debug_macro   0x0000000000000000      0x14e stm32_f103c6_drivers/keypad_driver/keypad.o
 .debug_macro   0x0000000000000000      0xa60 stm32_f103c6_drivers/keypad_driver/keypad.o
 .debug_macro   0x0000000000000000       0x18 stm32_f103c6_drivers/keypad_driver/keypad.o
 .debug_macro   0x0000000000000000       0x22 stm32_f103c6_drivers/keypad_driver/keypad.o
 .debug_macro   0x0000000000000000       0x40 stm32_f103c6_drivers/keypad_driver/keypad.o
 .debug_macro   0x0000000000000000       0x94 stm32_f103c6_drivers/keypad_driver/keypad.o
 .debug_macro   0x0000000000000000       0x3c stm32_f103c6_drivers/keypad_driver/keypad.o
 .debug_macro   0x0000000000000000       0x34 stm32_f103c6_drivers/keypad_driver/keypad.o
 .debug_macro   0x0000000000000000       0x16 stm32_f103c6_drivers/keypad_driver/keypad.o
 .debug_macro   0x0000000000000000      0x10e stm32_f103c6_drivers/keypad_driver/keypad.o
 .debug_macro   0x0000000000000000       0x8d stm32_f103c6_drivers/keypad_driver/keypad.o
 .debug_macro   0x0000000000000000       0x57 stm32_f103c6_drivers/keypad_driver/keypad.o
 .debug_macro   0x0000000000000000       0x52 stm32_f103c6_drivers/keypad_driver/keypad.o
 .debug_macro   0x0000000000000000       0x1f stm32_f103c6_drivers/keypad_driver/keypad.o
 .debug_macro   0x0000000000000000       0x43 stm32_f103c6_drivers/keypad_driver/keypad.o
 .debug_macro   0x0000000000000000       0x20 stm32_f103c6_drivers/keypad_driver/keypad.o
 .debug_macro   0x0000000000000000      0x1a3 stm32_f103c6_drivers/keypad_driver/keypad.o
 .debug_macro   0x0000000000000000      0x330 stm32_f103c6_drivers/keypad_driver/keypad.o
 .debug_macro   0x0000000000000000       0x16 stm32_f103c6_drivers/keypad_driver/keypad.o
 .debug_macro   0x0000000000000000       0x29 stm32_f103c6_drivers/keypad_driver/keypad.o
 .debug_macro   0x0000000000000000       0xef stm32_f103c6_drivers/keypad_driver/keypad.o
 .debug_macro   0x0000000000000000       0x6a stm32_f103c6_drivers/keypad_driver/keypad.o
 .debug_macro   0x0000000000000000      0x1df stm32_f103c6_drivers/keypad_driver/keypad.o
 .debug_macro   0x0000000000000000      0x240 stm32_f103c6_drivers/keypad_driver/keypad.o
 .debug_macro   0x0000000000000000       0xd0 stm32_f103c6_drivers/keypad_driver/keypad.o
 .debug_macro   0x0000000000000000       0x40 stm32_f103c6_drivers/keypad_driver/keypad.o
 .debug_line    0x0000000000000000      0x656 stm32_f103c6_drivers/keypad_driver/keypad.o
 .debug_str     0x0000000000000000     0x8031 stm32_f103c6_drivers/keypad_driver/keypad.o
 .comment       0x0000000000000000       0x7c stm32_f103c6_drivers/keypad_driver/keypad.o
 .debug_frame   0x0000000000000000       0x58 stm32_f103c6_drivers/keypad_driver/keypad.o
 .ARM.attributes
                0x0000000000000000       0x33 stm32_f103c6_drivers/keypad_driver/keypad.o
 COMMON         0x0000000000000000        0x4 stm32_f103c6_drivers/keypad_driver/keypad.o
 .group         0x0000000000000000        0xc stm32_f103c6_drivers/lcd_driver/lcd.o
 .group         0x0000000000000000        0xc stm32_f103c6_drivers/lcd_driver/lcd.o
 .group         0x0000000000000000        0xc stm32_f103c6_drivers/lcd_driver/lcd.o
 .group         0x0000000000000000        0xc stm32_f103c6_drivers/lcd_driver/lcd.o
 .group         0x0000000000000000        0xc stm32_f103c6_drivers/lcd_driver/lcd.o
 .group         0x0000000000000000        0xc stm32_f103c6_drivers/lcd_driver/lcd.o
 .group         0x0000000000000000        0xc stm32_f103c6_drivers/lcd_driver/lcd.o
 .group         0x0000000000000000        0xc stm32_f103c6_drivers/lcd_driver/lcd.o
 .group         0x0000000000000000        0xc stm32_f103c6_drivers/lcd_driver/lcd.o
 .group         0x0000000000000000        0xc stm32_f103c6_drivers/lcd_driver/lcd.o
 .group         0x0000000000000000        0xc stm32_f103c6_drivers/lcd_driver/lcd.o
 .group         0x0000000000000000        0xc stm32_f103c6_drivers/lcd_driver/lcd.o
 .group         0x0000000000000000        0xc stm32_f103c6_drivers/lcd_driver/lcd.o
 .group         0x0000000000000000        0xc stm32_f103c6_drivers/lcd_driver/lcd.o
 .group         0x0000000000000000        0xc stm32_f103c6_drivers/lcd_driver/lcd.o
 .group         0x0000000000000000        0xc stm32_f103c6_drivers/lcd_driver/lcd.o
 .group         0x0000000000000000        0xc stm32_f103c6_drivers/lcd_driver/lcd.o
 .group         0x0000000000000000        0xc stm32_f103c6_drivers/lcd_driver/lcd.o
 .group         0x0000000000000000        0xc stm32_f103c6_drivers/lcd_driver/lcd.o
 .group         0x0000000000000000        0xc stm32_f103c6_drivers/lcd_driver/lcd.o
 .group         0x0000000000000000        0xc stm32_f103c6_drivers/lcd_driver/lcd.o
 .group         0x0000000000000000        0xc stm32_f103c6_drivers/lcd_driver/lcd.o
 .group         0x0000000000000000        0xc stm32_f103c6_drivers/lcd_driver/lcd.o
 .group         0x0000000000000000        0xc stm32_f103c6_drivers/lcd_driver/lcd.o
 .group         0x0000000000000000        0xc stm32_f103c6_drivers/lcd_driver/lcd.o
 .text          0x0000000000000000        0x0 stm32_f103c6_drivers/lcd_driver/lcd.o
 .data          0x0000000000000000        0x0 stm32_f103c6_drivers/lcd_driver/lcd.o
 .bss           0x0000000000000000        0x0 stm32_f103c6_drivers/lcd_driver/lcd.o
 .data.GPIO_PINS
                0x0000000000000000       0x20 stm32_f103c6_drivers/lcd_driver/lcd.o
 .text.LCD_clear_screen
                0x0000000000000000        0xe stm32_f103c6_drivers/lcd_driver/lcd.o
 .text.LCD_lcd_kick
                0x0000000000000000       0x2c stm32_f103c6_drivers/lcd_driver/lcd.o
 .text.LCD_GOTO_XY
                0x0000000000000000       0x48 stm32_f103c6_drivers/lcd_driver/lcd.o
 .bss.i         0x0000000000000000        0x4 stm32_f103c6_drivers/lcd_driver/lcd.o
 .text.LCD_INIT
                0x0000000000000000       0xb0 stm32_f103c6_drivers/lcd_driver/lcd.o
 .text.LCD_check_lcd_isbusy
                0x0000000000000000       0xa0 stm32_f103c6_drivers/lcd_driver/lcd.o
 .text.LCD_WRITE_COMMAND
                0x0000000000000000       0x48 stm32_f103c6_drivers/lcd_driver/lcd.o
 .text.LCD_WRITE_CHAR
                0x0000000000000000       0x48 stm32_f103c6_drivers/lcd_driver/lcd.o
 .text.LCD_WRITE_STRING
                0x0000000000000000       0x58 stm32_f103c6_drivers/lcd_driver/lcd.o
 .text.my_wait_ms
                0x0000000000000000       0x38 stm32_f103c6_drivers/lcd_driver/lcd.o
 .debug_info    0x0000000000000000      0xc62 stm32_f103c6_drivers/lcd_driver/lcd.o
 .debug_abbrev  0x0000000000000000      0x242 stm32_f103c6_drivers/lcd_driver/lcd.o
 .debug_loc     0x0000000000000000      0x294 stm32_f103c6_drivers/lcd_driver/lcd.o
 .debug_aranges
                0x0000000000000000       0x60 stm32_f103c6_drivers/lcd_driver/lcd.o
 .debug_ranges  0x0000000000000000       0x50 stm32_f103c6_drivers/lcd_driver/lcd.o
 .debug_macro   0x0000000000000000      0x14e stm32_f103c6_drivers/lcd_driver/lcd.o
 .debug_macro   0x0000000000000000      0xa60 stm32_f103c6_drivers/lcd_driver/lcd.o
 .debug_macro   0x0000000000000000       0x18 stm32_f103c6_drivers/lcd_driver/lcd.o
 .debug_macro   0x0000000000000000       0x22 stm32_f103c6_drivers/lcd_driver/lcd.o
 .debug_macro   0x0000000000000000       0x40 stm32_f103c6_drivers/lcd_driver/lcd.o
 .debug_macro   0x0000000000000000       0x94 stm32_f103c6_drivers/lcd_driver/lcd.o
 .debug_macro   0x0000000000000000       0x3c stm32_f103c6_drivers/lcd_driver/lcd.o
 .debug_macro   0x0000000000000000       0x34 stm32_f103c6_drivers/lcd_driver/lcd.o
 .debug_macro   0x0000000000000000       0x16 stm32_f103c6_drivers/lcd_driver/lcd.o
 .debug_macro   0x0000000000000000      0x10e stm32_f103c6_drivers/lcd_driver/lcd.o
 .debug_macro   0x0000000000000000       0x8d stm32_f103c6_drivers/lcd_driver/lcd.o
 .debug_macro   0x0000000000000000       0x57 stm32_f103c6_drivers/lcd_driver/lcd.o
 .debug_macro   0x0000000000000000       0x52 stm32_f103c6_drivers/lcd_driver/lcd.o
 .debug_macro   0x0000000000000000       0x1f stm32_f103c6_drivers/lcd_driver/lcd.o
 .debug_macro   0x0000000000000000       0x43 stm32_f103c6_drivers/lcd_driver/lcd.o
 .debug_macro   0x0000000000000000       0x20 stm32_f103c6_drivers/lcd_driver/lcd.o
 .debug_macro   0x0000000000000000      0x1a3 stm32_f103c6_drivers/lcd_driver/lcd.o
 .debug_macro   0x0000000000000000      0x330 stm32_f103c6_drivers/lcd_driver/lcd.o
 .debug_macro   0x0000000000000000       0x16 stm32_f103c6_drivers/lcd_driver/lcd.o
 .debug_macro   0x0000000000000000       0x29 stm32_f103c6_drivers/lcd_driver/lcd.o
 .debug_macro   0x0000000000000000       0xef stm32_f103c6_drivers/lcd_driver/lcd.o
 .debug_macro   0x0000000000000000       0x6a stm32_f103c6_drivers/lcd_driver/lcd.o
 .debug_macro   0x0000000000000000      0x1df stm32_f103c6_drivers/lcd_driver/lcd.o
 .debug_macro   0x0000000000000000      0x240 stm32_f103c6_drivers/lcd_driver/lcd.o
 .debug_macro   0x0000000000000000       0xd0 stm32_f103c6_drivers/lcd_driver/lcd.o
 .debug_macro   0x0000000000000000       0xa0 stm32_f103c6_drivers/lcd_driver/lcd.o
 .debug_line    0x0000000000000000      0x678 stm32_f103c6_drivers/lcd_driver/lcd.o
 .debug_str     0x0000000000000000     0x829a stm32_f103c6_drivers/lcd_driver/lcd.o
 .comment       0x0000000000000000       0x7c stm32_f103c6_drivers/lcd_driver/lcd.o
 .debug_frame   0x0000000000000000      0x148 stm32_f103c6_drivers/lcd_driver/lcd.o
 .ARM.attributes
                0x0000000000000000       0x33 stm32_f103c6_drivers/lcd_driver/lcd.o
 .group         0x0000000000000000        0xc stm32_f103c6_drivers/stm32_f103c6_EXTI.o
 .group         0x0000000000000000        0xc stm32_f103c6_drivers/stm32_f103c6_EXTI.o
 .group         0x0000000000000000        0xc stm32_f103c6_drivers/stm32_f103c6_EXTI.o
 .group         0x0000000000000000        0xc stm32_f103c6_drivers/stm32_f103c6_EXTI.o
 .group         0x0000000000000000        0xc stm32_f103c6_drivers/stm32_f103c6_EXTI.o
 .group         0x0000000000000000        0xc stm32_f103c6_drivers/stm32_f103c6_EXTI.o
 .group         0x0000000000000000        0xc stm32_f103c6_drivers/stm32_f103c6_EXTI.o
 .group         0x0000000000000000        0xc stm32_f103c6_drivers/stm32_f103c6_EXTI.o
 .group         0x0000000000000000        0xc stm32_f103c6_drivers/stm32_f103c6_EXTI.o
 .group         0x0000000000000000        0xc stm32_f103c6_drivers/stm32_f103c6_EXTI.o
 .group         0x0000000000000000        0xc stm32_f103c6_drivers/stm32_f103c6_EXTI.o
 .group         0x0000000000000000        0xc stm32_f103c6_drivers/stm32_f103c6_EXTI.o
 .group         0x0000000000000000        0xc stm32_f103c6_drivers/stm32_f103c6_EXTI.o
 .group         0x0000000000000000        0xc stm32_f103c6_drivers/stm32_f103c6_EXTI.o
 .group         0x0000000000000000        0xc stm32_f103c6_drivers/stm32_f103c6_EXTI.o
 .group         0x0000000000000000        0xc stm32_f103c6_drivers/stm32_f103c6_EXTI.o
 .group         0x0000000000000000        0xc stm32_f103c6_drivers/stm32_f103c6_EXTI.o
 .group         0x0000000000000000        0xc stm32_f103c6_drivers/stm32_f103c6_EXTI.o
 .group         0x0000000000000000        0xc stm32_f103c6_drivers/stm32_f103c6_EXTI.o
 .group         0x0000000000000000        0xc stm32_f103c6_drivers/stm32_f103c6_EXTI.o
 .group         0x0000000000000000        0xc stm32_f103c6_drivers/stm32_f103c6_EXTI.o
 .group         0x0000000000000000        0xc stm32_f103c6_drivers/stm32_f103c6_EXTI.o
 .group         0x0000000000000000        0xc stm32_f103c6_drivers/stm32_f103c6_EXTI.o
 .group         0x0000000000000000        0xc stm32_f103c6_drivers/stm32_f103c6_EXTI.o
 .group         0x0000000000000000        0xc stm32_f103c6_drivers/stm32_f103c6_EXTI.o
 .text          0x0000000000000000        0x0 stm32_f103c6_drivers/stm32_f103c6_EXTI.o
 .data          0x0000000000000000        0x0 stm32_f103c6_drivers/stm32_f103c6_EXTI.o
 .bss           0x0000000000000000        0x0 stm32_f103c6_drivers/stm32_f103c6_EXTI.o
 .text.EXTI_UPDATE
                0x0000000000000000      0x1b8 stm32_f103c6_drivers/stm32_f103c6_EXTI.o
 .text.MCAL_EXTI_GPIO_DeInit
                0x0000000000000000       0x94 stm32_f103c6_drivers/stm32_f103c6_EXTI.o
 .text.MCAL_EXTI_GPIO_Init
                0x0000000000000000       0x16 stm32_f103c6_drivers/stm32_f103c6_EXTI.o
 .text.enable_NVIC
                0x0000000000000000       0xcc stm32_f103c6_drivers/stm32_f103c6_EXTI.o
 .text.disable_NVIC
                0x0000000000000000       0xcc stm32_f103c6_drivers/stm32_f103c6_EXTI.o
 .debug_macro   0x0000000000000000      0xa60 stm32_f103c6_drivers/stm32_f103c6_EXTI.o
 .debug_macro   0x0000000000000000       0x18 stm32_f103c6_drivers/stm32_f103c6_EXTI.o
 .debug_macro   0x0000000000000000       0x22 stm32_f103c6_drivers/stm32_f103c6_EXTI.o
 .debug_macro   0x0000000000000000       0x40 stm32_f103c6_drivers/stm32_f103c6_EXTI.o
 .debug_macro   0x0000000000000000       0x94 stm32_f103c6_drivers/stm32_f103c6_EXTI.o
 .debug_macro   0x0000000000000000       0x3c stm32_f103c6_drivers/stm32_f103c6_EXTI.o
 .debug_macro   0x0000000000000000       0x34 stm32_f103c6_drivers/stm32_f103c6_EXTI.o
 .debug_macro   0x0000000000000000       0x16 stm32_f103c6_drivers/stm32_f103c6_EXTI.o
 .debug_macro   0x0000000000000000      0x10e stm32_f103c6_drivers/stm32_f103c6_EXTI.o
 .debug_macro   0x0000000000000000       0x8d stm32_f103c6_drivers/stm32_f103c6_EXTI.o
 .debug_macro   0x0000000000000000       0x57 stm32_f103c6_drivers/stm32_f103c6_EXTI.o
 .debug_macro   0x0000000000000000       0x52 stm32_f103c6_drivers/stm32_f103c6_EXTI.o
 .debug_macro   0x0000000000000000       0x1f stm32_f103c6_drivers/stm32_f103c6_EXTI.o
 .debug_macro   0x0000000000000000       0x43 stm32_f103c6_drivers/stm32_f103c6_EXTI.o
 .debug_macro   0x0000000000000000       0x20 stm32_f103c6_drivers/stm32_f103c6_EXTI.o
 .debug_macro   0x0000000000000000      0x1a3 stm32_f103c6_drivers/stm32_f103c6_EXTI.o
 .debug_macro   0x0000000000000000      0x330 stm32_f103c6_drivers/stm32_f103c6_EXTI.o
 .debug_macro   0x0000000000000000       0x16 stm32_f103c6_drivers/stm32_f103c6_EXTI.o
 .debug_macro   0x0000000000000000       0x29 stm32_f103c6_drivers/stm32_f103c6_EXTI.o
 .debug_macro   0x0000000000000000       0xef stm32_f103c6_drivers/stm32_f103c6_EXTI.o
 .debug_macro   0x0000000000000000       0x6a stm32_f103c6_drivers/stm32_f103c6_EXTI.o
 .debug_macro   0x0000000000000000      0x1df stm32_f103c6_drivers/stm32_f103c6_EXTI.o
 .debug_macro   0x0000000000000000      0x240 stm32_f103c6_drivers/stm32_f103c6_EXTI.o
 .group         0x0000000000000000        0xc stm32_f103c6_drivers/stm32_f103c6_GPIO.o
 .group         0x0000000000000000        0xc stm32_f103c6_drivers/stm32_f103c6_GPIO.o
 .group         0x0000000000000000        0xc stm32_f103c6_drivers/stm32_f103c6_GPIO.o
 .group         0x0000000000000000        0xc stm32_f103c6_drivers/stm32_f103c6_GPIO.o
 .group         0x0000000000000000        0xc stm32_f103c6_drivers/stm32_f103c6_GPIO.o
 .group         0x0000000000000000        0xc stm32_f103c6_drivers/stm32_f103c6_GPIO.o
 .group         0x0000000000000000        0xc stm32_f103c6_drivers/stm32_f103c6_GPIO.o
 .group         0x0000000000000000        0xc stm32_f103c6_drivers/stm32_f103c6_GPIO.o
 .group         0x0000000000000000        0xc stm32_f103c6_drivers/stm32_f103c6_GPIO.o
 .group         0x0000000000000000        0xc stm32_f103c6_drivers/stm32_f103c6_GPIO.o
 .group         0x0000000000000000        0xc stm32_f103c6_drivers/stm32_f103c6_GPIO.o
 .group         0x0000000000000000        0xc stm32_f103c6_drivers/stm32_f103c6_GPIO.o
 .group         0x0000000000000000        0xc stm32_f103c6_drivers/stm32_f103c6_GPIO.o
 .group         0x0000000000000000        0xc stm32_f103c6_drivers/stm32_f103c6_GPIO.o
 .group         0x0000000000000000        0xc stm32_f103c6_drivers/stm32_f103c6_GPIO.o
 .group         0x0000000000000000        0xc stm32_f103c6_drivers/stm32_f103c6_GPIO.o
 .group         0x0000000000000000        0xc stm32_f103c6_drivers/stm32_f103c6_GPIO.o
 .group         0x0000000000000000        0xc stm32_f103c6_drivers/stm32_f103c6_GPIO.o
 .group         0x0000000000000000        0xc stm32_f103c6_drivers/stm32_f103c6_GPIO.o
 .group         0x0000000000000000        0xc stm32_f103c6_drivers/stm32_f103c6_GPIO.o
 .group         0x0000000000000000        0xc stm32_f103c6_drivers/stm32_f103c6_GPIO.o
 .group         0x0000000000000000        0xc stm32_f103c6_drivers/stm32_f103c6_GPIO.o
 .group         0x0000000000000000        0xc stm32_f103c6_drivers/stm32_f103c6_GPIO.o
 .group         0x0000000000000000        0xc stm32_f103c6_drivers/stm32_f103c6_GPIO.o
 .text          0x0000000000000000        0x0 stm32_f103c6_drivers/stm32_f103c6_GPIO.o
 .data          0x0000000000000000        0x0 stm32_f103c6_drivers/stm32_f103c6_GPIO.o
 .bss           0x0000000000000000        0x0 stm32_f103c6_drivers/stm32_f103c6_GPIO.o
 .text.MCAL_GPIO_DeInit
                0x0000000000000000       0xd4 stm32_f103c6_drivers/stm32_f103c6_GPIO.o
 .text.MCAL_GPIO_ReadPin
                0x0000000000000000       0x2e stm32_f103c6_drivers/stm32_f103c6_GPIO.o
 .text.MCAL_GPIO_ReadPort
                0x0000000000000000       0x18 stm32_f103c6_drivers/stm32_f103c6_GPIO.o
 .text.MCAL_GPIO_WritePin
                0x0000000000000000       0x2e stm32_f103c6_drivers/stm32_f103c6_GPIO.o
 .text.MCAL_GPIO_WritePort
                0x0000000000000000       0x1c stm32_f103c6_drivers/stm32_f103c6_GPIO.o
 .text.MCAL_GPIO_togglePin
                0x0000000000000000       0x22 stm32_f103c6_drivers/stm32_f103c6_GPIO.o
 .text.MCAL_GPIO_LockPin
                0x0000000000000000       0x4e stm32_f103c6_drivers/stm32_f103c6_GPIO.o
 .debug_macro   0x0000000000000000      0xa60 stm32_f103c6_drivers/stm32_f103c6_GPIO.o
 .debug_macro   0x0000000000000000       0x18 stm32_f103c6_drivers/stm32_f103c6_GPIO.o
 .debug_macro   0x0000000000000000       0x22 stm32_f103c6_drivers/stm32_f103c6_GPIO.o
 .debug_macro   0x0000000000000000       0x40 stm32_f103c6_drivers/stm32_f103c6_GPIO.o
 .debug_macro   0x0000000000000000       0x94 stm32_f103c6_drivers/stm32_f103c6_GPIO.o
 .debug_macro   0x0000000000000000       0x3c stm32_f103c6_drivers/stm32_f103c6_GPIO.o
 .debug_macro   0x0000000000000000       0x34 stm32_f103c6_drivers/stm32_f103c6_GPIO.o
 .debug_macro   0x0000000000000000       0x16 stm32_f103c6_drivers/stm32_f103c6_GPIO.o
 .debug_macro   0x0000000000000000      0x10e stm32_f103c6_drivers/stm32_f103c6_GPIO.o
 .debug_macro   0x0000000000000000       0x8d stm32_f103c6_drivers/stm32_f103c6_GPIO.o
 .debug_macro   0x0000000000000000       0x57 stm32_f103c6_drivers/stm32_f103c6_GPIO.o
 .debug_macro   0x0000000000000000       0x52 stm32_f103c6_drivers/stm32_f103c6_GPIO.o
 .debug_macro   0x0000000000000000       0x1f stm32_f103c6_drivers/stm32_f103c6_GPIO.o
 .debug_macro   0x0000000000000000       0x43 stm32_f103c6_drivers/stm32_f103c6_GPIO.o
 .debug_macro   0x0000000000000000       0x20 stm32_f103c6_drivers/stm32_f103c6_GPIO.o
 .debug_macro   0x0000000000000000      0x1a3 stm32_f103c6_drivers/stm32_f103c6_GPIO.o
 .debug_macro   0x0000000000000000      0x330 stm32_f103c6_drivers/stm32_f103c6_GPIO.o
 .debug_macro   0x0000000000000000       0x16 stm32_f103c6_drivers/stm32_f103c6_GPIO.o
 .debug_macro   0x0000000000000000       0x29 stm32_f103c6_drivers/stm32_f103c6_GPIO.o
 .debug_macro   0x0000000000000000       0xef stm32_f103c6_drivers/stm32_f103c6_GPIO.o
 .debug_macro   0x0000000000000000       0x6a stm32_f103c6_drivers/stm32_f103c6_GPIO.o
 .debug_macro   0x0000000000000000      0x1df stm32_f103c6_drivers/stm32_f103c6_GPIO.o
 .debug_macro   0x0000000000000000      0x240 stm32_f103c6_drivers/stm32_f103c6_GPIO.o
 .debug_macro   0x0000000000000000       0xd0 stm32_f103c6_drivers/stm32_f103c6_GPIO.o
 .group         0x0000000000000000        0xc stm32_f103c6_drivers/stm32_f103c6_RCC.o
 .group         0x0000000000000000        0xc stm32_f103c6_drivers/stm32_f103c6_RCC.o
 .group         0x0000000000000000        0xc stm32_f103c6_drivers/stm32_f103c6_RCC.o
 .group         0x0000000000000000        0xc stm32_f103c6_drivers/stm32_f103c6_RCC.o
 .group         0x0000000000000000        0xc stm32_f103c6_drivers/stm32_f103c6_RCC.o
 .group         0x0000000000000000        0xc stm32_f103c6_drivers/stm32_f103c6_RCC.o
 .group         0x0000000000000000        0xc stm32_f103c6_drivers/stm32_f103c6_RCC.o
 .group         0x0000000000000000        0xc stm32_f103c6_drivers/stm32_f103c6_RCC.o
 .group         0x0000000000000000        0xc stm32_f103c6_drivers/stm32_f103c6_RCC.o
 .group         0x0000000000000000        0xc stm32_f103c6_drivers/stm32_f103c6_RCC.o
 .group         0x0000000000000000        0xc stm32_f103c6_drivers/stm32_f103c6_RCC.o
 .group         0x0000000000000000        0xc stm32_f103c6_drivers/stm32_f103c6_RCC.o
 .group         0x0000000000000000        0xc stm32_f103c6_drivers/stm32_f103c6_RCC.o
 .group         0x0000000000000000        0xc stm32_f103c6_drivers/stm32_f103c6_RCC.o
 .group         0x0000000000000000        0xc stm32_f103c6_drivers/stm32_f103c6_RCC.o
 .group         0x0000000000000000        0xc stm32_f103c6_drivers/stm32_f103c6_RCC.o
 .group         0x0000000000000000        0xc stm32_f103c6_drivers/stm32_f103c6_RCC.o
 .group         0x0000000000000000        0xc stm32_f103c6_drivers/stm32_f103c6_RCC.o
 .group         0x0000000000000000        0xc stm32_f103c6_drivers/stm32_f103c6_RCC.o
 .group         0x0000000000000000        0xc stm32_f103c6_drivers/stm32_f103c6_RCC.o
 .group         0x0000000000000000        0xc stm32_f103c6_drivers/stm32_f103c6_RCC.o
 .group         0x0000000000000000        0xc stm32_f103c6_drivers/stm32_f103c6_RCC.o
 .group         0x0000000000000000        0xc stm32_f103c6_drivers/stm32_f103c6_RCC.o
 .group         0x0000000000000000        0xc stm32_f103c6_drivers/stm32_f103c6_RCC.o
 .text          0x0000000000000000        0x0 stm32_f103c6_drivers/stm32_f103c6_RCC.o
 .data          0x0000000000000000        0x0 stm32_f103c6_drivers/stm32_f103c6_RCC.o
 .bss           0x0000000000000000        0x0 stm32_f103c6_drivers/stm32_f103c6_RCC.o
 .debug_macro   0x0000000000000000      0xa60 stm32_f103c6_drivers/stm32_f103c6_RCC.o
 .debug_macro   0x0000000000000000       0x18 stm32_f103c6_drivers/stm32_f103c6_RCC.o
 .debug_macro   0x0000000000000000       0x22 stm32_f103c6_drivers/stm32_f103c6_RCC.o
 .debug_macro   0x0000000000000000       0x40 stm32_f103c6_drivers/stm32_f103c6_RCC.o
 .debug_macro   0x0000000000000000       0x94 stm32_f103c6_drivers/stm32_f103c6_RCC.o
 .debug_macro   0x0000000000000000       0x3c stm32_f103c6_drivers/stm32_f103c6_RCC.o
 .debug_macro   0x0000000000000000       0x34 stm32_f103c6_drivers/stm32_f103c6_RCC.o
 .debug_macro   0x0000000000000000       0x16 stm32_f103c6_drivers/stm32_f103c6_RCC.o
 .debug_macro   0x0000000000000000      0x10e stm32_f103c6_drivers/stm32_f103c6_RCC.o
 .debug_macro   0x0000000000000000       0x8d stm32_f103c6_drivers/stm32_f103c6_RCC.o
 .debug_macro   0x0000000000000000       0x57 stm32_f103c6_drivers/stm32_f103c6_RCC.o
 .debug_macro   0x0000000000000000       0x52 stm32_f103c6_drivers/stm32_f103c6_RCC.o
 .debug_macro   0x0000000000000000       0x1f stm32_f103c6_drivers/stm32_f103c6_RCC.o
 .debug_macro   0x0000000000000000       0x43 stm32_f103c6_drivers/stm32_f103c6_RCC.o
 .debug_macro   0x0000000000000000       0x20 stm32_f103c6_drivers/stm32_f103c6_RCC.o
 .debug_macro   0x0000000000000000      0x1a3 stm32_f103c6_drivers/stm32_f103c6_RCC.o
 .debug_macro   0x0000000000000000      0x330 stm32_f103c6_drivers/stm32_f103c6_RCC.o
 .debug_macro   0x0000000000000000       0x16 stm32_f103c6_drivers/stm32_f103c6_RCC.o
 .debug_macro   0x0000000000000000       0x29 stm32_f103c6_drivers/stm32_f103c6_RCC.o
 .debug_macro   0x0000000000000000       0xef stm32_f103c6_drivers/stm32_f103c6_RCC.o
 .debug_macro   0x0000000000000000       0x6a stm32_f103c6_drivers/stm32_f103c6_RCC.o
 .debug_macro   0x0000000000000000      0x1df stm32_f103c6_drivers/stm32_f103c6_RCC.o
 .debug_macro   0x0000000000000000       0x10 stm32_f103c6_drivers/stm32_f103c6_RCC.o
 .group         0x0000000000000000        0xc stm32_f103c6_drivers/stm32_f103c6_USART.o
 .group         0x0000000000000000        0xc stm32_f103c6_drivers/stm32_f103c6_USART.o
 .group         0x0000000000000000        0xc stm32_f103c6_drivers/stm32_f103c6_USART.o
 .group         0x0000000000000000        0xc stm32_f103c6_drivers/stm32_f103c6_USART.o
 .group         0x0000000000000000        0xc stm32_f103c6_drivers/stm32_f103c6_USART.o
 .group         0x0000000000000000        0xc stm32_f103c6_drivers/stm32_f103c6_USART.o
 .group         0x0000000000000000        0xc stm32_f103c6_drivers/stm32_f103c6_USART.o
 .group         0x0000000000000000        0xc stm32_f103c6_drivers/stm32_f103c6_USART.o
 .group         0x0000000000000000        0xc stm32_f103c6_drivers/stm32_f103c6_USART.o
 .group         0x0000000000000000        0xc stm32_f103c6_drivers/stm32_f103c6_USART.o
 .group         0x0000000000000000        0xc stm32_f103c6_drivers/stm32_f103c6_USART.o
 .group         0x0000000000000000        0xc stm32_f103c6_drivers/stm32_f103c6_USART.o
 .group         0x0000000000000000        0xc stm32_f103c6_drivers/stm32_f103c6_USART.o
 .group         0x0000000000000000        0xc stm32_f103c6_drivers/stm32_f103c6_USART.o
 .group         0x0000000000000000        0xc stm32_f103c6_drivers/stm32_f103c6_USART.o
 .group         0x0000000000000000        0xc stm32_f103c6_drivers/stm32_f103c6_USART.o
 .group         0x0000000000000000        0xc stm32_f103c6_drivers/stm32_f103c6_USART.o
 .group         0x0000000000000000        0xc stm32_f103c6_drivers/stm32_f103c6_USART.o
 .group         0x0000000000000000        0xc stm32_f103c6_drivers/stm32_f103c6_USART.o
 .group         0x0000000000000000        0xc stm32_f103c6_drivers/stm32_f103c6_USART.o
 .group         0x0000000000000000        0xc stm32_f103c6_drivers/stm32_f103c6_USART.o
 .group         0x0000000000000000        0xc stm32_f103c6_drivers/stm32_f103c6_USART.o
 .group         0x0000000000000000        0xc stm32_f103c6_drivers/stm32_f103c6_USART.o
 .group         0x0000000000000000        0xc stm32_f103c6_drivers/stm32_f103c6_USART.o
 .group         0x0000000000000000        0xc stm32_f103c6_drivers/stm32_f103c6_USART.o
 .group         0x0000000000000000        0xc stm32_f103c6_drivers/stm32_f103c6_USART.o
 .text          0x0000000000000000        0x0 stm32_f103c6_drivers/stm32_f103c6_USART.o
 .data          0x0000000000000000        0x0 stm32_f103c6_drivers/stm32_f103c6_USART.o
 .bss           0x0000000000000000        0x0 stm32_f103c6_drivers/stm32_f103c6_USART.o
 .text.MCAL_USART_DeInit
                0x0000000000000000       0x80 stm32_f103c6_drivers/stm32_f103c6_USART.o
 .text.MCAL_USART_Wait_TC
                0x0000000000000000       0x20 stm32_f103c6_drivers/stm32_f103c6_USART.o
 .debug_macro   0x0000000000000000      0xa60 stm32_f103c6_drivers/stm32_f103c6_USART.o
 .debug_macro   0x0000000000000000       0x18 stm32_f103c6_drivers/stm32_f103c6_USART.o
 .debug_macro   0x0000000000000000       0x22 stm32_f103c6_drivers/stm32_f103c6_USART.o
 .debug_macro   0x0000000000000000       0x40 stm32_f103c6_drivers/stm32_f103c6_USART.o
 .debug_macro   0x0000000000000000       0x94 stm32_f103c6_drivers/stm32_f103c6_USART.o
 .debug_macro   0x0000000000000000       0x3c stm32_f103c6_drivers/stm32_f103c6_USART.o
 .debug_macro   0x0000000000000000       0x34 stm32_f103c6_drivers/stm32_f103c6_USART.o
 .debug_macro   0x0000000000000000       0x16 stm32_f103c6_drivers/stm32_f103c6_USART.o
 .debug_macro   0x0000000000000000      0x10e stm32_f103c6_drivers/stm32_f103c6_USART.o
 .debug_macro   0x0000000000000000       0x8d stm32_f103c6_drivers/stm32_f103c6_USART.o
 .debug_macro   0x0000000000000000       0x57 stm32_f103c6_drivers/stm32_f103c6_USART.o
 .debug_macro   0x0000000000000000       0x52 stm32_f103c6_drivers/stm32_f103c6_USART.o
 .debug_macro   0x0000000000000000       0x1f stm32_f103c6_drivers/stm32_f103c6_USART.o
 .debug_macro   0x0000000000000000       0x43 stm32_f103c6_drivers/stm32_f103c6_USART.o
 .debug_macro   0x0000000000000000       0x20 stm32_f103c6_drivers/stm32_f103c6_USART.o
 .debug_macro   0x0000000000000000      0x1a3 stm32_f103c6_drivers/stm32_f103c6_USART.o
 .debug_macro   0x0000000000000000      0x330 stm32_f103c6_drivers/stm32_f103c6_USART.o
 .debug_macro   0x0000000000000000       0x16 stm32_f103c6_drivers/stm32_f103c6_USART.o
 .debug_macro   0x0000000000000000       0x29 stm32_f103c6_drivers/stm32_f103c6_USART.o
 .debug_macro   0x0000000000000000       0xef stm32_f103c6_drivers/stm32_f103c6_USART.o
 .debug_macro   0x0000000000000000       0x6a stm32_f103c6_drivers/stm32_f103c6_USART.o
 .debug_macro   0x0000000000000000      0x1df stm32_f103c6_drivers/stm32_f103c6_USART.o
 .debug_macro   0x0000000000000000      0x240 stm32_f103c6_drivers/stm32_f103c6_USART.o
 .debug_macro   0x0000000000000000       0x10 stm32_f103c6_drivers/stm32_f103c6_USART.o
 .debug_macro   0x0000000000000000       0xd6 stm32_f103c6_drivers/stm32_f103c6_USART.o
 .debug_macro   0x0000000000000000       0xe2 stm32_f103c6_drivers/stm32_f103c6_USART.o
 .text          0x0000000000000000        0x0 c:/st/stm32cubeide_1.4.0/stm32cubeide/plugins/com.st.stm32cube.ide.mcu.externaltools.gnu-tools-for-stm32.7-2018-q2-update.win32_1.4.0.202007081208/tools/bin/../lib/gcc/arm-none-eabi/7.3.1/../../../../arm-none-eabi/lib/thumb/v7-m\libc_nano.a(lib_a-errno.o)
 .data          0x0000000000000000        0x0 c:/st/stm32cubeide_1.4.0/stm32cubeide/plugins/com.st.stm32cube.ide.mcu.externaltools.gnu-tools-for-stm32.7-2018-q2-update.win32_1.4.0.202007081208/tools/bin/../lib/gcc/arm-none-eabi/7.3.1/../../../../arm-none-eabi/lib/thumb/v7-m\libc_nano.a(lib_a-errno.o)
 .bss           0x0000000000000000        0x0 c:/st/stm32cubeide_1.4.0/stm32cubeide/plugins/com.st.stm32cube.ide.mcu.externaltools.gnu-tools-for-stm32.7-2018-q2-update.win32_1.4.0.202007081208/tools/bin/../lib/gcc/arm-none-eabi/7.3.1/../../../../arm-none-eabi/lib/thumb/v7-m\libc_nano.a(lib_a-errno.o)
 .text.__errno  0x0000000000000000        0xc c:/st/stm32cubeide_1.4.0/stm32cubeide/plugins/com.st.stm32cube.ide.mcu.externaltools.gnu-tools-for-stm32.7-2018-q2-update.win32_1.4.0.202007081208/tools/bin/../lib/gcc/arm-none-eabi/7.3.1/../../../../arm-none-eabi/lib/thumb/v7-m\libc_nano.a(lib_a-errno.o)
 .debug_frame   0x0000000000000000       0x20 c:/st/stm32cubeide_1.4.0/stm32cubeide/plugins/com.st.stm32cube.ide.mcu.externaltools.gnu-tools-for-stm32.7-2018-q2-update.win32_1.4.0.202007081208/tools/bin/../lib/gcc/arm-none-eabi/7.3.1/../../../../arm-none-eabi/lib/thumb/v7-m\libc_nano.a(lib_a-errno.o)
 .ARM.attributes
                0x0000000000000000       0x2d c:/st/stm32cubeide_1.4.0/stm32cubeide/plugins/com.st.stm32cube.ide.mcu.externaltools.gnu-tools-for-stm32.7-2018-q2-update.win32_1.4.0.202007081208/tools/bin/../lib/gcc/arm-none-eabi/7.3.1/../../../../arm-none-eabi/lib/thumb/v7-m\libc_nano.a(lib_a-errno.o)
 .text          0x0000000000000000        0x0 c:/st/stm32cubeide_1.4.0/stm32cubeide/plugins/com.st.stm32cube.ide.mcu.externaltools.gnu-tools-for-stm32.7-2018-q2-update.win32_1.4.0.202007081208/tools/bin/../lib/gcc/arm-none-eabi/7.3.1/../../../../arm-none-eabi/lib/thumb/v7-m\libc_nano.a(lib_a-exit.o)
 .data          0x0000000000000000        0x0 c:/st/stm32cubeide_1.4.0/stm32cubeide/plugins/com.st.stm32cube.ide.mcu.externaltools.gnu-tools-for-stm32.7-2018-q2-update.win32_1.4.0.202007081208/tools/bin/../lib/gcc/arm-none-eabi/7.3.1/../../../../arm-none-eabi/lib/thumb/v7-m\libc_nano.a(lib_a-exit.o)
 .bss           0x0000000000000000        0x0 c:/st/stm32cubeide_1.4.0/stm32cubeide/plugins/com.st.stm32cube.ide.mcu.externaltools.gnu-tools-for-stm32.7-2018-q2-update.win32_1.4.0.202007081208/tools/bin/../lib/gcc/arm-none-eabi/7.3.1/../../../../arm-none-eabi/lib/thumb/v7-m\libc_nano.a(lib_a-exit.o)
 .text.exit     0x0000000000000000       0x28 c:/st/stm32cubeide_1.4.0/stm32cubeide/plugins/com.st.stm32cube.ide.mcu.externaltools.gnu-tools-for-stm32.7-2018-q2-update.win32_1.4.0.202007081208/tools/bin/../lib/gcc/arm-none-eabi/7.3.1/../../../../arm-none-eabi/lib/thumb/v7-m\libc_nano.a(lib_a-exit.o)
 .debug_frame   0x0000000000000000       0x28 c:/st/stm32cubeide_1.4.0/stm32cubeide/plugins/com.st.stm32cube.ide.mcu.externaltools.gnu-tools-for-stm32.7-2018-q2-update.win32_1.4.0.202007081208/tools/bin/../lib/gcc/arm-none-eabi/7.3.1/../../../../arm-none-eabi/lib/thumb/v7-m\libc_nano.a(lib_a-exit.o)
 .ARM.attributes
                0x0000000000000000       0x2d c:/st/stm32cubeide_1.4.0/stm32cubeide/plugins/com.st.stm32cube.ide.mcu.externaltools.gnu-tools-for-stm32.7-2018-q2-update.win32_1.4.0.202007081208/tools/bin/../lib/gcc/arm-none-eabi/7.3.1/../../../../arm-none-eabi/lib/thumb/v7-m\libc_nano.a(lib_a-exit.o)
 .text          0x0000000000000000        0x0 c:/st/stm32cubeide_1.4.0/stm32cubeide/plugins/com.st.stm32cube.ide.mcu.externaltools.gnu-tools-for-stm32.7-2018-q2-update.win32_1.4.0.202007081208/tools/bin/../lib/gcc/arm-none-eabi/7.3.1/../../../../arm-none-eabi/lib/thumb/v7-m\libc_nano.a(lib_a-impure.o)
 .data          0x0000000000000000        0x0 c:/st/stm32cubeide_1.4.0/stm32cubeide/plugins/com.st.stm32cube.ide.mcu.externaltools.gnu-tools-for-stm32.7-2018-q2-update.win32_1.4.0.202007081208/tools/bin/../lib/gcc/arm-none-eabi/7.3.1/../../../../arm-none-eabi/lib/thumb/v7-m\libc_nano.a(lib_a-impure.o)
 .bss           0x0000000000000000        0x0 c:/st/stm32cubeide_1.4.0/stm32cubeide/plugins/com.st.stm32cube.ide.mcu.externaltools.gnu-tools-for-stm32.7-2018-q2-update.win32_1.4.0.202007081208/tools/bin/../lib/gcc/arm-none-eabi/7.3.1/../../../../arm-none-eabi/lib/thumb/v7-m\libc_nano.a(lib_a-impure.o)
 .data._impure_ptr
                0x0000000000000000        0x4 c:/st/stm32cubeide_1.4.0/stm32cubeide/plugins/com.st.stm32cube.ide.mcu.externaltools.gnu-tools-for-stm32.7-2018-q2-update.win32_1.4.0.202007081208/tools/bin/../lib/gcc/arm-none-eabi/7.3.1/../../../../arm-none-eabi/lib/thumb/v7-m\libc_nano.a(lib_a-impure.o)
 .data.impure_data
                0x0000000000000000       0x60 c:/st/stm32cubeide_1.4.0/stm32cubeide/plugins/com.st.stm32cube.ide.mcu.externaltools.gnu-tools-for-stm32.7-2018-q2-update.win32_1.4.0.202007081208/tools/bin/../lib/gcc/arm-none-eabi/7.3.1/../../../../arm-none-eabi/lib/thumb/v7-m\libc_nano.a(lib_a-impure.o)
 .rodata._global_impure_ptr
                0x0000000000000000        0x4 c:/st/stm32cubeide_1.4.0/stm32cubeide/plugins/com.st.stm32cube.ide.mcu.externaltools.gnu-tools-for-stm32.7-2018-q2-update.win32_1.4.0.202007081208/tools/bin/../lib/gcc/arm-none-eabi/7.3.1/../../../../arm-none-eabi/lib/thumb/v7-m\libc_nano.a(lib_a-impure.o)
 .ARM.attributes
                0x0000000000000000       0x2d c:/st/stm32cubeide_1.4.0/stm32cubeide/plugins/com.st.stm32cube.ide.mcu.externaltools.gnu-tools-for-stm32.7-2018-q2-update.win32_1.4.0.202007081208/tools/bin/../lib/gcc/arm-none-eabi/7.3.1/../../../../arm-none-eabi/lib/thumb/v7-m\libc_nano.a(lib_a-impure.o)
 .text          0x0000000000000000        0x0 c:/st/stm32cubeide_1.4.0/stm32cubeide/plugins/com.st.stm32cube.ide.mcu.externaltools.gnu-tools-for-stm32.7-2018-q2-update.win32_1.4.0.202007081208/tools/bin/../lib/gcc/arm-none-eabi/7.3.1/../../../../arm-none-eabi/lib/thumb/v7-m\libc_nano.a(lib_a-init.o)
 .data          0x0000000000000000        0x0 c:/st/stm32cubeide_1.4.0/stm32cubeide/plugins/com.st.stm32cube.ide.mcu.externaltools.gnu-tools-for-stm32.7-2018-q2-update.win32_1.4.0.202007081208/tools/bin/../lib/gcc/arm-none-eabi/7.3.1/../../../../arm-none-eabi/lib/thumb/v7-m\libc_nano.a(lib_a-init.o)
 .bss           0x0000000000000000        0x0 c:/st/stm32cubeide_1.4.0/stm32cubeide/plugins/com.st.stm32cube.ide.mcu.externaltools.gnu-tools-for-stm32.7-2018-q2-update.win32_1.4.0.202007081208/tools/bin/../lib/gcc/arm-none-eabi/7.3.1/../../../../arm-none-eabi/lib/thumb/v7-m\libc_nano.a(lib_a-init.o)
 .text          0x0000000000000000        0x0 c:/st/stm32cubeide_1.4.0/stm32cubeide/plugins/com.st.stm32cube.ide.mcu.externaltools.gnu-tools-for-stm32.7-2018-q2-update.win32_1.4.0.202007081208/tools/bin/../lib/gcc/arm-none-eabi/7.3.1/../../../../arm-none-eabi/lib/thumb/v7-m\libc_nano.a(lib_a-memset.o)
 .data          0x0000000000000000        0x0 c:/st/stm32cubeide_1.4.0/stm32cubeide/plugins/com.st.stm32cube.ide.mcu.externaltools.gnu-tools-for-stm32.7-2018-q2-update.win32_1.4.0.202007081208/tools/bin/../lib/gcc/arm-none-eabi/7.3.1/../../../../arm-none-eabi/lib/thumb/v7-m\libc_nano.a(lib_a-memset.o)
 .bss           0x0000000000000000        0x0 c:/st/stm32cubeide_1.4.0/stm32cubeide/plugins/com.st.stm32cube.ide.mcu.externaltools.gnu-tools-for-stm32.7-2018-q2-update.win32_1.4.0.202007081208/tools/bin/../lib/gcc/arm-none-eabi/7.3.1/../../../../arm-none-eabi/lib/thumb/v7-m\libc_nano.a(lib_a-memset.o)
 .text.memset   0x0000000000000000       0x10 c:/st/stm32cubeide_1.4.0/stm32cubeide/plugins/com.st.stm32cube.ide.mcu.externaltools.gnu-tools-for-stm32.7-2018-q2-update.win32_1.4.0.202007081208/tools/bin/../lib/gcc/arm-none-eabi/7.3.1/../../../../arm-none-eabi/lib/thumb/v7-m\libc_nano.a(lib_a-memset.o)
 .debug_frame   0x0000000000000000       0x20 c:/st/stm32cubeide_1.4.0/stm32cubeide/plugins/com.st.stm32cube.ide.mcu.externaltools.gnu-tools-for-stm32.7-2018-q2-update.win32_1.4.0.202007081208/tools/bin/../lib/gcc/arm-none-eabi/7.3.1/../../../../arm-none-eabi/lib/thumb/v7-m\libc_nano.a(lib_a-memset.o)
 .ARM.attributes
                0x0000000000000000       0x2d c:/st/stm32cubeide_1.4.0/stm32cubeide/plugins/com.st.stm32cube.ide.mcu.externaltools.gnu-tools-for-stm32.7-2018-q2-update.win32_1.4.0.202007081208/tools/bin/../lib/gcc/arm-none-eabi/7.3.1/../../../../arm-none-eabi/lib/thumb/v7-m\libc_nano.a(lib_a-memset.o)
 .text          0x0000000000000000        0x0 c:/st/stm32cubeide_1.4.0/stm32cubeide/plugins/com.st.stm32cube.ide.mcu.externaltools.gnu-tools-for-stm32.7-2018-q2-update.win32_1.4.0.202007081208/tools/bin/../lib/gcc/arm-none-eabi/7.3.1/thumb/v7-m/crtend.o
 .data          0x0000000000000000        0x0 c:/st/stm32cubeide_1.4.0/stm32cubeide/plugins/com.st.stm32cube.ide.mcu.externaltools.gnu-tools-for-stm32.7-2018-q2-update.win32_1.4.0.202007081208/tools/bin/../lib/gcc/arm-none-eabi/7.3.1/thumb/v7-m/crtend.o
 .bss           0x0000000000000000        0x0 c:/st/stm32cubeide_1.4.0/stm32cubeide/plugins/com.st.stm32cube.ide.mcu.externaltools.gnu-tools-for-stm32.7-2018-q2-update.win32_1.4.0.202007081208/tools/bin/../lib/gcc/arm-none-eabi/7.3.1/thumb/v7-m/crtend.o
 .eh_frame      0x0000000000000000        0x4 c:/st/stm32cubeide_1.4.0/stm32cubeide/plugins/com.st.stm32cube.ide.mcu.externaltools.gnu-tools-for-stm32.7-2018-q2-update.win32_1.4.0.202007081208/tools/bin/../lib/gcc/arm-none-eabi/7.3.1/thumb/v7-m/crtend.o
 .ARM.attributes
                0x0000000000000000       0x2d c:/st/stm32cubeide_1.4.0/stm32cubeide/plugins/com.st.stm32cube.ide.mcu.externaltools.gnu-tools-for-stm32.7-2018-q2-update.win32_1.4.0.202007081208/tools/bin/../lib/gcc/arm-none-eabi/7.3.1/thumb/v7-m/crtend.o
 .text          0x0000000000000000        0x0 c:/st/stm32cubeide_1.4.0/stm32cubeide/plugins/com.st.stm32cube.ide.mcu.externaltools.gnu-tools-for-stm32.7-2018-q2-update.win32_1.4.0.202007081208/tools/bin/../lib/gcc/arm-none-eabi/7.3.1/thumb/v7-m/crtn.o
 .data          0x0000000000000000        0x0 c:/st/stm32cubeide_1.4.0/stm32cubeide/plugins/com.st.stm32cube.ide.mcu.externaltools.gnu-tools-for-stm32.7-2018-q2-update.win32_1.4.0.202007081208/tools/bin/../lib/gcc/arm-none-eabi/7.3.1/thumb/v7-m/crtn.o
 .bss           0x0000000000000000        0x0 c:/st/stm32cubeide_1.4.0/stm32cubeide/plugins/com.st.stm32cube.ide.mcu.externaltools.gnu-tools-for-stm32.7-2018-q2-update.win32_1.4.0.202007081208/tools/bin/../lib/gcc/arm-none-eabi/7.3.1/thumb/v7-m/crtn.o

Memory Configuration

Name             Origin             Length             Attributes
RAM              0x0000000020000000 0x0000000000002800 xrw
ROM              0x0000000008000000 0x0000000000008000 xr
*default*        0x0000000000000000 0xffffffffffffffff

Linker script and memory map

LOAD c:/st/stm32cubeide_1.4.0/stm32cubeide/plugins/com.st.stm32cube.ide.mcu.externaltools.gnu-tools-for-stm32.7-2018-q2-update.win32_1.4.0.202007081208/tools/bin/../lib/gcc/arm-none-eabi/7.3.1/thumb/v7-m/crti.o
LOAD c:/st/stm32cubeide_1.4.0/stm32cubeide/plugins/com.st.stm32cube.ide.mcu.externaltools.gnu-tools-for-stm32.7-2018-q2-update.win32_1.4.0.202007081208/tools/bin/../lib/gcc/arm-none-eabi/7.3.1/thumb/v7-m/crtbegin.o
LOAD c:/st/stm32cubeide_1.4.0/stm32cubeide/plugins/com.st.stm32cube.ide.mcu.externaltools.gnu-tools-for-stm32.7-2018-q2-update.win32_1.4.0.202007081208/tools/bin/../lib/gcc/arm-none-eabi/7.3.1/../../../../arm-none-eabi/lib/thumb/v7-m/crt0.o
LOAD Src/main.o
LOAD Src/syscalls.o
LOAD Src/sysmem.o
LOAD Startup/startup_stm32f103c6tx.o
LOAD stm32_f103c6_drivers/keypad_driver/keypad.o
LOAD stm32_f103c6_drivers/lcd_driver/lcd.o
LOAD stm32_f103c6_drivers/stm32_f103c6_EXTI.o
LOAD stm32_f103c6_drivers/stm32_f103c6_GPIO.o
LOAD stm32_f103c6_drivers/stm32_f103c6_RCC.o
LOAD stm32_f103c6_drivers/stm32_f103c6_USART.o
START GROUP
LOAD c:/st/stm32cubeide_1.4.0/stm32cubeide/plugins/com.st.stm32cube.ide.mcu.externaltools.gnu-tools-for-stm32.7-2018-q2-update.win32_1.4.0.202007081208/tools/bin/../lib/gcc/arm-none-eabi/7.3.1/../../../../arm-none-eabi/lib/thumb/v7-m\libc_nano.a
LOAD c:/st/stm32cubeide_1.4.0/stm32cubeide/plugins/com.st.stm32cube.ide.mcu.externaltools.gnu-tools-for-stm32.7-2018-q2-update.win32_1.4.0.202007081208/tools/bin/../lib/gcc/arm-none-eabi/7.3.1/../../../../arm-none-eabi/lib/thumb/v7-m\libm.a
END GROUP
START GROUP
LOAD c:/st/stm32cubeide_1.4.0/stm32cubeide/plugins/com.st.stm32cube.ide.mcu.externaltools.gnu-tools-for-stm32.7-2018-q2-update.win32_1.4.0.202007081208/tools/bin/../lib/gcc/arm-none-eabi/7.3.1/thumb/v7-m\libgcc.a
LOAD c:/st/stm32cubeide_1.4.0/stm32cubeide/plugins/com.st.stm32cube.ide.mcu.externaltools.gnu-tools-for-stm32.7-2018-q2-update.win32_1.4.0.202007081208/tools/bin/../lib/gcc/arm-none-eabi/7.3.1/../../../../arm-none-eabi/lib/thumb/v7-m\libg_nano.a
LOAD c:/st/stm32cubeide_1.4.0/stm32cubeide/plugins/com.st.stm32cube.ide.mcu.externaltools.gnu-tools-for-stm32.7-2018-q2-update.win32_1.4.0.202007081208/tools/bin/../lib/gcc/arm-none-eabi/7.3.1/../../../../arm-none-eabi/lib/thumb/v7-m\libc_nano.a
END GROUP
START GROUP
LOAD c:/st/stm32cubeide_1.4.0/stm32cubeide/plugins/com.st.stm32cube.ide.mcu.externaltools.gnu-tools-for-stm32.7-2018-q2-update.win32_1.4.0.202007081208/tools/bin/../lib/gcc/arm-none-eabi/7.3.1/thumb/v7-m\libgcc.a
LOAD c:/st/stm32cubeide_1.4.0/stm32cubeide/plugins/com.st.stm32cube.ide.mcu.externaltools.gnu-tools-for-stm32.7-2018-q2-update.win32_1.4.0.202007081208/tools/bin/../lib/gcc/arm-none-eabi/7.3.1/../../../../arm-none-eabi/lib/thumb/v7-m\libc_nano.a
LOAD c:/st/stm32cubeide_1.4.0/stm32cubeide/plugins/com.st.stm32cube.ide.mcu.externaltools.gnu-tools-for-stm32.7-2018-q2-update.win32_1.4.0.202007081208/tools/bin/../lib/gcc/arm-none-eabi/7.3.1/../../../../arm-none-eabi/lib/thumb/v7-m\libnosys.a
END GROUP
START GROUP
LOAD c:/st/stm32cubeide_1.4.0/stm32cubeide/plugins/com.st.stm32cube.ide.mcu.externaltools.gnu-tools-for-stm32.7-2018-q2-update.win32_1.4.0.202007081208/tools/bin/../lib/gcc/arm-none-eabi/7.3.1/thumb/v7-m\libgcc.a
LOAD c:/st/stm32cubeide_1.4.0/stm32cubeide/plugins/com.st.stm32cube.ide.mcu.externaltools.gnu-tools-for-stm32.7-2018-q2-update.win32_1.4.0.202007081208/tools/bin/../lib/gcc/arm-none-eabi/7.3.1/../../../../arm-none-eabi/lib/thumb/v7-m\libc_nano.a
LOAD c:/st/stm32cubeide_1.4.0/stm32cubeide/plugins/com.st.stm32cube.ide.mcu.externaltools.gnu-tools-for-stm32.7-2018-q2-update.win32_1.4.0.202007081208/tools/bin/../lib/gcc/arm-none-eabi/7.3.1/../../../../arm-none-eabi/lib/thumb/v7-m\libnosys.a
END GROUP
LOAD c:/st/stm32cubeide_1.4.0/stm32cubeide/plugins/com.st.stm32cube.ide.mcu.externaltools.gnu-tools-for-stm32.7-2018-q2-update.win32_1.4.0.202007081208/tools/bin/../lib/gcc/arm-none-eabi/7.3.1/thumb/v7-m/crtend.o
LOAD c:/st/stm32cubeide_1.4.0/stm32cubeide/plugins/com.st.stm32cube.ide.mcu.externaltools.gnu-tools-for-stm32.7-2018-q2-update.win32_1.4.0.202007081208/tools/bin/../lib/gcc/arm-none-eabi/7.3.1/thumb/v7-m/crtn.o
                0x0000000020002800                _estack = (ORIGIN (RAM) + LENGTH (RAM))
                0x0000000000000200                _Min_Heap_Size = 0x200
                0x0000000000000400                _Min_Stack_Size = 0x400

.isr_vector     0x0000000008000000      0x130
                0x0000000008000000                . = ALIGN (0x4)
 *(.isr_vector)
 .isr_vector    0x0000000008000000      0x130 Startup/startup_stm32f103c6tx.o
                0x0000000008000000                g_pfnVectors
                0x0000000008000130                . = ALIGN (0x4)

.text           0x0000000008000130      0x9e0
                0x0000000008000130                . = ALIGN (0x4)
 *(.text)
 .text          0x0000000008000130       0x40 c:/st/stm32cubeide_1.4.0/stm32cubeide/plugins/com.st.stm32cube.ide.mcu.externaltools.gnu-tools-for-stm32.7-2018-q2-update.win32_1.4.0.202007081208/tools/bin/../lib/gcc/arm-none-eabi/7.3.1/thumb/v7-m/crtbegin.o
 *(.text*)
 .text.clock_init
                0x0000000008000170       0x34 Src/main.o
                0x0000000008000170                clock_init
 .text.main     0x00000000080001a4       0x5c Src/main.o
                0x00000000080001a4                main
 .text.Reset_Handler
                0x0000000008000200       0x50 Startup/startup_stm32f103c6tx.o
                0x0000000008000200                Reset_Handler
 .text.Default_Handler
                0x0000000008000250        0x2 Startup/startup_stm32f103c6tx.o
                0x0000000008000250                TIM8_TRG_COM_IRQHandler
                0x0000000008000250                TIM8_CC_IRQHandler
                0x0000000008000250                DebugMon_Handler
                0x0000000008000250                TIM1_CC_IRQHandler
                0x0000000008000250                HardFault_Handler
                0x0000000008000250                TIM6_IRQHandler
                0x0000000008000250                SysTick_Handler
                0x0000000008000250                PVD_IRQHandler
                0x0000000008000250                SDIO_IRQHandler
                0x0000000008000250                PendSV_Handler
                0x0000000008000250                NMI_Handler
                0x0000000008000250                USB_HP_CAN_TX_IRQHandler
                0x0000000008000250                I2C2_EV_IRQHandler
                0x0000000008000250                UsageFault_Handler
                0x0000000008000250                ADC1_2_IRQHandler
                0x0000000008000250                SPI1_IRQHandler
                0x0000000008000250                CAN_SCE_IRQHandler
                0x0000000008000250                TAMPER_IRQHandler
                0x0000000008000250                TIM8_UP_IRQHandler
                0x0000000008000250                DMA2_Channel2_IRQHandler
                0x0000000008000250                DMA1_Channel4_IRQHandler
                0x0000000008000250                RTC_IRQHandler
                0x0000000008000250                DMA1_Channel7_IRQHandler
                0x0000000008000250                UART5_IRQHandler
                0x0000000008000250                ADC3_IRQHandler
                0x0000000008000250                TIM4_IRQHandler
                0x0000000008000250                CAN_RX1_IRQHandler
                0x0000000008000250                DMA2_Channel1_IRQHandler
                0x0000000008000250                I2C1_EV_IRQHandler
                0x0000000008000250                DMA1_Channel6_IRQHandler
                0x0000000008000250                UART4_IRQHandler
                0x0000000008000250                TIM3_IRQHandler
                0x0000000008000250                RCC_IRQHandler
                0x0000000008000250                TIM1_TRG_COM_IRQHandler
                0x0000000008000250                DMA1_Channel1_IRQHandler
                0x0000000008000250                Default_Handler
                0x0000000008000250                TIM7_IRQHandler
                0x0000000008000250                TIM5_IRQHandler
                0x0000000008000250                SPI2_IRQHandler
                0x0000000008000250                USB_LP_CAN_RX0_IRQHandler
                0x0000000008000250                MemManage_Handler
                0x0000000008000250                SVC_Handler
                0x0000000008000250                DMA1_Channel5_IRQHandler
                0x0000000008000250                DMA1_Channel3_IRQHandler
                0x0000000008000250                FSMC_IRQHandler
                0x0000000008000250                TIM1_UP_IRQHandler
                0x0000000008000250                WWDG_IRQHandler
                0x0000000008000250                TIM2_IRQHandler
                0x0000000008000250                TIM1_BRK_IRQHandler
                0x0000000008000250                RTCAlarm_IRQHandler
                0x0000000008000250                DMA2_Channel4_5_IRQHandler
                0x0000000008000250                I2C2_ER_IRQHandler
                0x0000000008000250                DMA1_Channel2_IRQHandler
                0x0000000008000250                TIM8_BRK_IRQHandler
                0x0000000008000250                FLASH_IRQHandler
                0x0000000008000250                BusFault_Handler
                0x0000000008000250                SPI3_IRQHandler
                0x0000000008000250                I2C1_ER_IRQHandler
                0x0000000008000250                DMA2_Channel3_IRQHandler
 *fill*         0x0000000008000252        0x2 
 .text.EXTI0_IRQHandler
                0x0000000008000254       0x24 stm32_f103c6_drivers/stm32_f103c6_EXTI.o
                0x0000000008000254                EXTI0_IRQHandler
 .text.EXTI1_IRQHandler
                0x0000000008000278       0x24 stm32_f103c6_drivers/stm32_f103c6_EXTI.o
                0x0000000008000278                EXTI1_IRQHandler
 .text.EXTI2_IRQHandler
                0x000000000800029c       0x24 stm32_f103c6_drivers/stm32_f103c6_EXTI.o
                0x000000000800029c                EXTI2_IRQHandler
 .text.EXTI3_IRQHandler
                0x00000000080002c0       0x24 stm32_f103c6_drivers/stm32_f103c6_EXTI.o
                0x00000000080002c0                EXTI3_IRQHandler
 .text.EXTI4_IRQHandler
                0x00000000080002e4       0x24 stm32_f103c6_drivers/stm32_f103c6_EXTI.o
                0x00000000080002e4                EXTI4_IRQHandler
 .text.EXTI9_5_IRQHandler
                0x0000000008000308       0xa8 stm32_f103c6_drivers/stm32_f103c6_EXTI.o
                0x0000000008000308                EXTI9_5_IRQHandler
 .text.EXTI15_10_IRQHandler
                0x00000000080003b0       0xc4 stm32_f103c6_drivers/stm32_f103c6_EXTI.o
                0x00000000080003b0                EXTI15_10_IRQHandler
 .text.GET_CRL_Position
                0x0000000008000474       0xc6 stm32_f103c6_drivers/stm32_f103c6_GPIO.o
                0x0000000008000474                GET_CRL_Position
 .text.MCAL_GPIO_Init
                0x000000000800053a       0xf8 stm32_f103c6_drivers/stm32_f103c6_GPIO.o
                0x000000000800053a                MCAL_GPIO_Init
 *fill*         0x0000000008000632        0x2 
 .text.MCAL_RCC_GetSYSCLKFreq
                0x0000000008000634       0x3c stm32_f103c6_drivers/stm32_f103c6_RCC.o
                0x0000000008000634                MCAL_RCC_GetSYSCLKFreq
 .text.MCAL_RCC_GetHCLKFreq
                0x0000000008000670       0x28 stm32_f103c6_drivers/stm32_f103c6_RCC.o
                0x0000000008000670                MCAL_RCC_GetHCLKFreq
 .text.MCAL_RCC_GetPCLK1Freq
                0x0000000008000698       0x28 stm32_f103c6_drivers/stm32_f103c6_RCC.o
                0x0000000008000698                MCAL_RCC_GetPCLK1Freq
 .text.MCAL_RCC_GetPCLK2Freq
                0x00000000080006c0       0x28 stm32_f103c6_drivers/stm32_f103c6_RCC.o
                0x00000000080006c0                MCAL_RCC_GetPCLK2Freq
 .text.MCAL_USART_Init
                0x00000000080006e8      0x17c stm32_f103c6_drivers/stm32_f103c6_USART.o
                0x00000000080006e8                MCAL_USART_Init
 .text.MCAL_USART_Send_Data
                0x0000000008000864       0x84 stm32_f103c6_drivers/stm32_f103c6_USART.o
                0x0000000008000864                MCAL_USART_Send_Data
 .text.MCAL_USART_Receive_Data
                0x00000000080008e8       0xb4 stm32_f103c6_drivers/stm32_f103c6_USART.o
                0x00000000080008e8                MCAL_USART_Receive_Data
 .text.MCAL_USART_GPIO_Set_Pins
                0x000000000800099c       0xf0 stm32_f103c6_drivers/stm32_f103c6_USART.o
                0x000000000800099c                MCAL_USART_GPIO_Set_Pins
 .text.USART1_IRQHandler
                0x0000000008000a8c        0xc stm32_f103c6_drivers/stm32_f103c6_USART.o
                0x0000000008000a8c                USART1_IRQHandler
 .text.USART2_IRQHandler
                0x0000000008000a98        0xc stm32_f103c6_drivers/stm32_f103c6_USART.o
                0x0000000008000a98                USART2_IRQHandler
 .text.USART3_IRQHandler
                0x0000000008000aa4        0xc stm32_f103c6_drivers/stm32_f103c6_USART.o
                0x0000000008000aa4                USART3_IRQHandler
 .text.__libc_init_array
                0x0000000008000ab0       0x48 c:/st/stm32cubeide_1.4.0/stm32cubeide/plugins/com.st.stm32cube.ide.mcu.externaltools.gnu-tools-for-stm32.7-2018-q2-update.win32_1.4.0.202007081208/tools/bin/../lib/gcc/arm-none-eabi/7.3.1/../../../../arm-none-eabi/lib/thumb/v7-m\libc_nano.a(lib_a-init.o)
                0x0000000008000ab0                __libc_init_array
 *(.glue_7)
 .glue_7        0x0000000008000af8        0x0 linker stubs
 *(.glue_7t)
 .glue_7t       0x0000000008000af8        0x0 linker stubs
 *(.eh_frame)
 .eh_frame      0x0000000008000af8        0x0 c:/st/stm32cubeide_1.4.0/stm32cubeide/plugins/com.st.stm32cube.ide.mcu.externaltools.gnu-tools-for-stm32.7-2018-q2-update.win32_1.4.0.202007081208/tools/bin/../lib/gcc/arm-none-eabi/7.3.1/thumb/v7-m/crtbegin.o
 *(.init)
 .init          0x0000000008000af8        0x4 c:/st/stm32cubeide_1.4.0/stm32cubeide/plugins/com.st.stm32cube.ide.mcu.externaltools.gnu-tools-for-stm32.7-2018-q2-update.win32_1.4.0.202007081208/tools/bin/../lib/gcc/arm-none-eabi/7.3.1/thumb/v7-m/crti.o
                0x0000000008000af8                _init
 .init          0x0000000008000afc        0x8 c:/st/stm32cubeide_1.4.0/stm32cubeide/plugins/com.st.stm32cube.ide.mcu.externaltools.gnu-tools-for-stm32.7-2018-q2-update.win32_1.4.0.202007081208/tools/bin/../lib/gcc/arm-none-eabi/7.3.1/thumb/v7-m/crtn.o
 *(.fini)
 .fini          0x0000000008000b04        0x4 c:/st/stm32cubeide_1.4.0/stm32cubeide/plugins/com.st.stm32cube.ide.mcu.externaltools.gnu-tools-for-stm32.7-2018-q2-update.win32_1.4.0.202007081208/tools/bin/../lib/gcc/arm-none-eabi/7.3.1/thumb/v7-m/crti.o
                0x0000000008000b04                _fini
 .fini          0x0000000008000b08        0x8 c:/st/stm32cubeide_1.4.0/stm32cubeide/plugins/com.st.stm32cube.ide.mcu.externaltools.gnu-tools-for-stm32.7-2018-q2-update.win32_1.4.0.202007081208/tools/bin/../lib/gcc/arm-none-eabi/7.3.1/thumb/v7-m/crtn.o
                0x0000000008000b10                . = ALIGN (0x4)
                0x0000000008000b10                _etext = .

.vfp11_veneer   0x0000000008000b10        0x0
 .vfp11_veneer  0x0000000008000b10        0x0 linker stubs

.v4_bx          0x0000000008000b10        0x0
 .v4_bx         0x0000000008000b10        0x0 linker stubs

.iplt           0x0000000008000b10        0x0
 .iplt          0x0000000008000b10        0x0 c:/st/stm32cubeide_1.4.0/stm32cubeide/plugins/com.st.stm32cube.ide.mcu.externaltools.gnu-tools-for-stm32.7-2018-q2-update.win32_1.4.0.202007081208/tools/bin/../lib/gcc/arm-none-eabi/7.3.1/thumb/v7-m/crtbegin.o

.rodata         0x0000000008000b10       0x18
                0x0000000008000b10                . = ALIGN (0x4)
 *(.rodata)
 *(.rodata*)
 .rodata.APB_Prescaler_Table
                0x0000000008000b10        0x8 stm32_f103c6_drivers/stm32_f103c6_RCC.o
                0x0000000008000b10                APB_Prescaler_Table
 .rodata.AHB_Prescaler_Table
                0x0000000008000b18       0x10 stm32_f103c6_drivers/stm32_f103c6_RCC.o
                0x0000000008000b18                AHB_Prescaler_Table
                0x0000000008000b28                . = ALIGN (0x4)

.rel.dyn        0x0000000008000b28        0x0
 .rel.iplt      0x0000000008000b28        0x0 c:/st/stm32cubeide_1.4.0/stm32cubeide/plugins/com.st.stm32cube.ide.mcu.externaltools.gnu-tools-for-stm32.7-2018-q2-update.win32_1.4.0.202007081208/tools/bin/../lib/gcc/arm-none-eabi/7.3.1/thumb/v7-m/crtbegin.o

.ARM.extab      0x0000000008000b28        0x0
                0x0000000008000b28                . = ALIGN (0x4)
 *(.ARM.extab* .gnu.linkonce.armextab.*)
                0x0000000008000b28                . = ALIGN (0x4)

.ARM            0x0000000008000b28        0x0
                0x0000000008000b28                . = ALIGN (0x4)
                0x0000000008000b28                __exidx_start = .
 *(.ARM.exidx*)
                0x0000000008000b28                __exidx_end = .
                0x0000000008000b28                . = ALIGN (0x4)

.preinit_array  0x0000000008000b28        0x0
                0x0000000008000b28                . = ALIGN (0x4)
                0x0000000008000b28                PROVIDE (__preinit_array_start = .)
 *(.preinit_array*)
                0x0000000008000b28                PROVIDE (__preinit_array_end = .)
                0x0000000008000b28                . = ALIGN (0x4)

.init_array     0x0000000008000b28        0x4
                0x0000000008000b28                . = ALIGN (0x4)
                0x0000000008000b28                PROVIDE (__init_array_start = .)
 *(SORT_BY_NAME(.init_array.*))
 *(.init_array*)
 .init_array    0x0000000008000b28        0x4 c:/st/stm32cubeide_1.4.0/stm32cubeide/plugins/com.st.stm32cube.ide.mcu.externaltools.gnu-tools-for-stm32.7-2018-q2-update.win32_1.4.0.202007081208/tools/bin/../lib/gcc/arm-none-eabi/7.3.1/thumb/v7-m/crtbegin.o
                0x0000000008000b2c                PROVIDE (__init_array_end = .)
                0x0000000008000b2c                . = ALIGN (0x4)

.fini_array     0x0000000008000b2c        0x4
                0x0000000008000b2c                . = ALIGN (0x4)
                [!provide]                        PROVIDE (__fini_array_start = .)
 *(SORT_BY_NAME(.fini_array.*))
 *(.fini_array*)
 .fini_array    0x0000000008000b2c        0x4 c:/st/stm32cubeide_1.4.0/stm32cubeide/plugins/com.st.stm32cube.ide.mcu.externaltools.gnu-tools-for-stm32.7-2018-q2-update.win32_1.4.0.202007081208/tools/bin/../lib/gcc/arm-none-eabi/7.3.1/thumb/v7-m/crtbegin.o
                [!provide]                        PROVIDE (__fini_array_end = .)
                0x0000000008000b30                . = ALIGN (0x4)
                0x0000000008000b30                _sidata = LOADADDR (.data)

.data           0x0000000020000000        0x0 load address 0x0000000008000b30
                0x0000000020000000                . = ALIGN (0x4)
                0x0000000020000000                _sdata = .
 *(.data)
 *(.data*)
                0x0000000020000000                . = ALIGN (0x4)
                0x0000000020000000                _edata = .

.igot.plt       0x0000000020000000        0x0 load address 0x0000000008000b30
 .igot.plt      0x0000000020000000        0x0 c:/st/stm32cubeide_1.4.0/stm32cubeide/plugins/com.st.stm32cube.ide.mcu.externaltools.gnu-tools-for-stm32.7-2018-q2-update.win32_1.4.0.202007081208/tools/bin/../lib/gcc/arm-none-eabi/7.3.1/thumb/v7-m/crtbegin.o
                0x0000000020000000                . = ALIGN (0x4)

.bss            0x0000000020000000       0x70 load address 0x0000000008000b30
                0x0000000020000000                _sbss = .
                0x0000000020000000                __bss_start__ = _sbss
 *(.bss)
 .bss           0x0000000020000000       0x1c c:/st/stm32cubeide_1.4.0/stm32cubeide/plugins/com.st.stm32cube.ide.mcu.externaltools.gnu-tools-for-stm32.7-2018-q2-update.win32_1.4.0.202007081208/tools/bin/../lib/gcc/arm-none-eabi/7.3.1/thumb/v7-m/crtbegin.o
 *(.bss*)
 .bss.Global_USART_Config
                0x000000002000001c        0xc stm32_f103c6_drivers/stm32_f103c6_USART.o
                0x000000002000001c                Global_USART_Config
 *(COMMON)
 COMMON         0x0000000020000028        0x9 Src/main.o
                0x0000000020000028                x
                0x000000002000002c                flag
                0x0000000020000030                ch
 *fill*         0x0000000020000031        0x3 
 COMMON         0x0000000020000034       0x3c stm32_f103c6_drivers/stm32_f103c6_EXTI.o
                0x0000000020000034                Gp_IRQ_Callback
                0x0000000020000070                . = ALIGN (0x4)
                0x0000000020000070                _ebss = .
                0x0000000020000070                __bss_end__ = _ebss

._user_heap_stack
                0x0000000020000070      0x600 load address 0x0000000008000b30
                0x0000000020000070                . = ALIGN (0x8)
                [!provide]                        PROVIDE (end = .)
                0x0000000020000070                PROVIDE (_end = .)
                0x0000000020000270                . = (. + _Min_Heap_Size)
 *fill*         0x0000000020000070      0x200 
                0x0000000020000670                . = (. + _Min_Stack_Size)
 *fill*         0x0000000020000270      0x400 
                0x0000000020000670                . = ALIGN (0x8)

/DISCARD/
 libc.a(*)
 libm.a(*)
 libgcc.a(*)

.ARM.attributes
                0x0000000000000000       0x29
 *(.ARM.attributes)
 .ARM.attributes
                0x0000000000000000       0x1d c:/st/stm32cubeide_1.4.0/stm32cubeide/plugins/com.st.stm32cube.ide.mcu.externaltools.gnu-tools-for-stm32.7-2018-q2-update.win32_1.4.0.202007081208/tools/bin/../lib/gcc/arm-none-eabi/7.3.1/thumb/v7-m/crti.o
 .ARM.attributes
                0x000000000000001d       0x2d c:/st/stm32cubeide_1.4.0/stm32cubeide/plugins/com.st.stm32cube.ide.mcu.externaltools.gnu-tools-for-stm32.7-2018-q2-update.win32_1.4.0.202007081208/tools/bin/../lib/gcc/arm-none-eabi/7.3.1/thumb/v7-m/crtbegin.o
 .ARM.attributes
                0x000000000000004a       0x33 Src/main.o
 .ARM.attributes
                0x000000000000007d       0x21 Startup/startup_stm32f103c6tx.o
 .ARM.attributes
                0x000000000000009e       0x33 stm32_f103c6_drivers/stm32_f103c6_EXTI.o
 .ARM.attributes
                0x00000000000000d1       0x33 stm32_f103c6_drivers/stm32_f103c6_GPIO.o
 .ARM.attributes
                0x0000000000000104       0x33 stm32_f103c6_drivers/stm32_f103c6_RCC.o
 .ARM.attributes
                0x0000000000000137       0x33 stm32_f103c6_drivers/stm32_f103c6_USART.o
 .ARM.attributes
                0x000000000000016a       0x2d c:/st/stm32cubeide_1.4.0/stm32cubeide/plugins/com.st.stm32cube.ide.mcu.externaltools.gnu-tools-for-stm32.7-2018-q2-update.win32_1.4.0.202007081208/tools/bin/../lib/gcc/arm-none-eabi/7.3.1/../../../../arm-none-eabi/lib/thumb/v7-m\libc_nano.a(lib_a-init.o)
 .ARM.attributes
                0x0000000000000197       0x1d c:/st/stm32cubeide_1.4.0/stm32cubeide/plugins/com.st.stm32cube.ide.mcu.externaltools.gnu-tools-for-stm32.7-2018-q2-update.win32_1.4.0.202007081208/tools/bin/../lib/gcc/arm-none-eabi/7.3.1/thumb/v7-m/crtn.o
OUTPUT(DRIVERS.elf elf32-littlearm)

.debug_info     0x0000000000000000     0x4051
 .debug_info    0x0000000000000000      0xbd9 Src/main.o
 .debug_info    0x0000000000000bd9       0x22 Startup/startup_stm32f103c6tx.o
 .debug_info    0x0000000000000bfb      0xdc4 stm32_f103c6_drivers/stm32_f103c6_EXTI.o
 .debug_info    0x00000000000019bf      0xd59 stm32_f103c6_drivers/stm32_f103c6_GPIO.o
 .debug_info    0x0000000000002718      0xb09 stm32_f103c6_drivers/stm32_f103c6_RCC.o
 .debug_info    0x0000000000003221      0xe30 stm32_f103c6_drivers/stm32_f103c6_USART.o

.debug_abbrev   0x0000000000000000      0x9fe
 .debug_abbrev  0x0000000000000000      0x1d5 Src/main.o
 .debug_abbrev  0x00000000000001d5       0x12 Startup/startup_stm32f103c6tx.o
 .debug_abbrev  0x00000000000001e7      0x238 stm32_f103c6_drivers/stm32_f103c6_EXTI.o
 .debug_abbrev  0x000000000000041f      0x232 stm32_f103c6_drivers/stm32_f103c6_GPIO.o
 .debug_abbrev  0x0000000000000651      0x19b stm32_f103c6_drivers/stm32_f103c6_RCC.o
 .debug_abbrev  0x00000000000007ec      0x212 stm32_f103c6_drivers/stm32_f103c6_USART.o

.debug_loc      0x0000000000000000      0xa20
 .debug_loc     0x0000000000000000       0x7c Src/main.o
 .debug_loc     0x000000000000007c      0x2d0 stm32_f103c6_drivers/stm32_f103c6_EXTI.o
 .debug_loc     0x000000000000034c      0x330 stm32_f103c6_drivers/stm32_f103c6_GPIO.o
 .debug_loc     0x000000000000067c       0xc8 stm32_f103c6_drivers/stm32_f103c6_RCC.o
 .debug_loc     0x0000000000000744      0x2dc stm32_f103c6_drivers/stm32_f103c6_USART.o

.debug_aranges  0x0000000000000000      0x1c0
 .debug_aranges
                0x0000000000000000       0x28 Src/main.o
 .debug_aranges
                0x0000000000000028       0x28 Startup/startup_stm32f103c6tx.o
 .debug_aranges
                0x0000000000000050       0x78 stm32_f103c6_drivers/stm32_f103c6_EXTI.o
 .debug_aranges
                0x00000000000000c8       0x60 stm32_f103c6_drivers/stm32_f103c6_GPIO.o
 .debug_aranges
                0x0000000000000128       0x38 stm32_f103c6_drivers/stm32_f103c6_RCC.o
 .debug_aranges
                0x0000000000000160       0x60 stm32_f103c6_drivers/stm32_f103c6_USART.o

.debug_ranges   0x0000000000000000      0x168
 .debug_ranges  0x0000000000000000       0x18 Src/main.o
 .debug_ranges  0x0000000000000018       0x20 Startup/startup_stm32f103c6tx.o
 .debug_ranges  0x0000000000000038       0x68 stm32_f103c6_drivers/stm32_f103c6_EXTI.o
 .debug_ranges  0x00000000000000a0       0x50 stm32_f103c6_drivers/stm32_f103c6_GPIO.o
 .debug_ranges  0x00000000000000f0       0x28 stm32_f103c6_drivers/stm32_f103c6_RCC.o
 .debug_ranges  0x0000000000000118       0x50 stm32_f103c6_drivers/stm32_f103c6_USART.o

.debug_macro    0x0000000000000000     0x26d1
 .debug_macro   0x0000000000000000      0x16f Src/main.o
 .debug_macro   0x000000000000016f      0xa60 Src/main.o
 .debug_macro   0x0000000000000bcf       0x18 Src/main.o
 .debug_macro   0x0000000000000be7       0x22 Src/main.o
 .debug_macro   0x0000000000000c09       0x40 Src/main.o
 .debug_macro   0x0000000000000c49       0x94 Src/main.o
 .debug_macro   0x0000000000000cdd       0x3c Src/main.o
 .debug_macro   0x0000000000000d19       0x34 Src/main.o
 .debug_macro   0x0000000000000d4d       0x16 Src/main.o
 .debug_macro   0x0000000000000d63      0x10e Src/main.o
 .debug_macro   0x0000000000000e71       0x8d Src/main.o
 .debug_macro   0x0000000000000efe       0x57 Src/main.o
 .debug_macro   0x0000000000000f55       0x52 Src/main.o
 .debug_macro   0x0000000000000fa7       0x1f Src/main.o
 .debug_macro   0x0000000000000fc6       0x43 Src/main.o
 .debug_macro   0x0000000000001009       0x20 Src/main.o
 .debug_macro   0x0000000000001029      0x1a3 Src/main.o
 .debug_macro   0x00000000000011cc      0x330 Src/main.o
 .debug_macro   0x00000000000014fc       0x16 Src/main.o
 .debug_macro   0x0000000000001512       0x29 Src/main.o
 .debug_macro   0x000000000000153b       0xef Src/main.o
 .debug_macro   0x000000000000162a       0x6a Src/main.o
 .debug_macro   0x0000000000001694      0x1df Src/main.o
 .debug_macro   0x0000000000001873      0x240 Src/main.o
 .debug_macro   0x0000000000001ab3       0xd0 Src/main.o
 .debug_macro   0x0000000000001b83       0x10 Src/main.o
 .debug_macro   0x0000000000001b93       0xe2 Src/main.o
 .debug_macro   0x0000000000001c75      0x152 stm32_f103c6_drivers/stm32_f103c6_EXTI.o
 .debug_macro   0x0000000000001dc7       0xd6 stm32_f103c6_drivers/stm32_f103c6_EXTI.o
 .debug_macro   0x0000000000001e9d      0x21b stm32_f103c6_drivers/stm32_f103c6_EXTI.o
 .debug_macro   0x00000000000020b8      0x13f stm32_f103c6_drivers/stm32_f103c6_GPIO.o
 .debug_macro   0x00000000000021f7      0x13f stm32_f103c6_drivers/stm32_f103c6_RCC.o
 .debug_macro   0x0000000000002336      0x240 stm32_f103c6_drivers/stm32_f103c6_RCC.o
 .debug_macro   0x0000000000002576      0x15b stm32_f103c6_drivers/stm32_f103c6_USART.o

.debug_line     0x0000000000000000     0x1fca
 .debug_line    0x0000000000000000      0x59c Src/main.o
 .debug_line    0x000000000000059c       0x84 Startup/startup_stm32f103c6tx.o
 .debug_line    0x0000000000000620      0x700 stm32_f103c6_drivers/stm32_f103c6_EXTI.o
 .debug_line    0x0000000000000d20      0x672 stm32_f103c6_drivers/stm32_f103c6_GPIO.o
 .debug_line    0x0000000000001392      0x589 stm32_f103c6_drivers/stm32_f103c6_RCC.o
 .debug_line    0x000000000000191b      0x6af stm32_f103c6_drivers/stm32_f103c6_USART.o

.debug_str      0x0000000000000000     0x9ce9
 .debug_str     0x0000000000000000     0x8451 Src/main.o
                                       0x86a9 (size before relaxing)
 .debug_str     0x0000000000008451       0x31 Startup/startup_stm32f103c6tx.o
                                         0x58 (size before relaxing)
 .debug_str     0x0000000000008482     0x1578 stm32_f103c6_drivers/stm32_f103c6_EXTI.o
                                       0x946a (size before relaxing)
 .debug_str     0x00000000000099fa      0x11b stm32_f103c6_drivers/stm32_f103c6_GPIO.o
                                       0x80a4 (size before relaxing)
 .debug_str     0x0000000000009b15       0xab stm32_f103c6_drivers/stm32_f103c6_RCC.o
                                       0x7c19 (size before relaxing)
 .debug_str     0x0000000000009bc0      0x129 stm32_f103c6_drivers/stm32_f103c6_USART.o
                                       0x8809 (size before relaxing)

.comment        0x0000000000000000       0x7b
 .comment       0x0000000000000000       0x7b Src/main.o
                                         0x7c (size before relaxing)
 .comment       0x000000000000007b       0x7c stm32_f103c6_drivers/stm32_f103c6_EXTI.o
 .comment       0x000000000000007b       0x7c stm32_f103c6_drivers/stm32_f103c6_GPIO.o
 .comment       0x000000000000007b       0x7c stm32_f103c6_drivers/stm32_f103c6_RCC.o
 .comment       0x000000000000007b       0x7c stm32_f103c6_drivers/stm32_f103c6_USART.o

.debug_frame    0x0000000000000000      0x558
 .debug_frame   0x0000000000000000       0x50 Src/main.o
 .debug_frame   0x0000000000000050      0x18c stm32_f103c6_drivers/stm32_f103c6_EXTI.o
 .debug_frame   0x00000000000001dc      0x174 stm32_f103c6_drivers/stm32_f103c6_GPIO.o
 .debug_frame   0x0000000000000350       0x84 stm32_f103c6_drivers/stm32_f103c6_RCC.o
 .debug_frame   0x00000000000003d4      0x158 stm32_f103c6_drivers/stm32_f103c6_USART.o
 .debug_frame   0x000000000000052c       0x2c c:/st/stm32cubeide_1.4.0/stm32cubeide/plugins/com.st.stm32cube.ide.mcu.externaltools.gnu-tools-for-stm32.7-2018-q2-update.win32_1.4.0.202007081208/tools/bin/../lib/gcc/arm-none-eabi/7.3.1/../../../../arm-none-eabi/lib/thumb/v7-m\libc_nano.a(lib_a-init.o)
