Archive member included to satisfy reference by file (symbol)

c:/st/stm32cubeide_1.4.0/stm32cubeide/plugins/com.st.stm32cube.ide.mcu.externaltools.gnu-tools-for-stm32.7-2018-q2-update.win32_1.4.0.202007081208/tools/bin/../lib/gcc/arm-none-eabi/7.3.1/../../../../arm-none-eabi/lib/thumb/v7-m\libc_nano.a(lib_a-errno.o)
                              Src/syscalls.o (__errno)
c:/st/stm32cubeide_1.4.0/stm32cubeide/plugins/com.st.stm32cube.ide.mcu.externaltools.gnu-tools-for-stm32.7-2018-q2-update.win32_1.4.0.202007081208/tools/bin/../lib/gcc/arm-none-eabi/7.3.1/../../../../arm-none-eabi/lib/thumb/v7-m\libc_nano.a(lib_a-exit.o)
                              c:/st/stm32cubeide_1.4.0/stm32cubeide/plugins/com.st.stm32cube.ide.mcu.externaltools.gnu-tools-for-stm32.7-2018-q2-update.win32_1.4.0.202007081208/tools/bin/../lib/gcc/arm-none-eabi/7.3.1/../../../../arm-none-eabi/lib/thumb/v7-m/crt0.o (exit)
c:/st/stm32cubeide_1.4.0/stm32cubeide/plugins/com.st.stm32cube.ide.mcu.externaltools.gnu-tools-for-stm32.7-2018-q2-update.win32_1.4.0.202007081208/tools/bin/../lib/gcc/arm-none-eabi/7.3.1/../../../../arm-none-eabi/lib/thumb/v7-m\libc_nano.a(lib_a-impure.o)
                              c:/st/stm32cubeide_1.4.0/stm32cubeide/plugins/com.st.stm32cube.ide.mcu.externaltools.gnu-tools-for-stm32.7-2018-q2-update.win32_1.4.0.202007081208/tools/bin/../lib/gcc/arm-none-eabi/7.3.1/../../../../arm-none-eabi/lib/thumb/v7-m\libc_nano.a(lib_a-exit.o) (_global_impure_ptr)
c:/st/stm32cubeide_1.4.0/stm32cubeide/plugins/com.st.stm32cube.ide.mcu.externaltools.gnu-tools-for-stm32.7-2018-q2-update.win32_1.4.0.202007081208/tools/bin/../lib/gcc/arm-none-eabi/7.3.1/../../../../arm-none-eabi/lib/thumb/v7-m\libc_nano.a(lib_a-init.o)
                              c:/st/stm32cubeide_1.4.0/stm32cubeide/plugins/com.st.stm32cube.ide.mcu.externaltools.gnu-tools-for-stm32.7-2018-q2-update.win32_1.4.0.202007081208/tools/bin/../lib/gcc/arm-none-eabi/7.3.1/../../../../arm-none-eabi/lib/thumb/v7-m/crt0.o (__libc_init_array)
c:/st/stm32cubeide_1.4.0/stm32cubeide/plugins/com.st.stm32cube.ide.mcu.externaltools.gnu-tools-for-stm32.7-2018-q2-update.win32_1.4.0.202007081208/tools/bin/../lib/gcc/arm-none-eabi/7.3.1/../../../../arm-none-eabi/lib/thumb/v7-m\libc_nano.a(lib_a-memset.o)
                              c:/st/stm32cubeide_1.4.0/stm32cubeide/plugins/com.st.stm32cube.ide.mcu.externaltools.gnu-tools-for-stm32.7-2018-q2-update.win32_1.4.0.202007081208/tools/bin/../lib/gcc/arm-none-eabi/7.3.1/../../../../arm-none-eabi/lib/thumb/v7-m/crt0.o (memset)

Allocating common symbols
Common symbol       size              file

x                   0x4               Src/main.o
flag                0x4               Src/main.o
Gp_IRQ_Callback     0x3c              stm32_f103c6_drivers/stm32_f103c6_EXTI.o
Pincfg              0x4               Src/main.o
ch                  0x1               Src/main.o

Discarded input sections

 .text          0x0000000000000000        0x0 c:/st/stm32cubeide_1.4.0/stm32cubeide/plugins/com.st.stm32cube.ide.mcu.externaltools.gnu-tools-for-stm32.7-2018-q2-update.win32_1.4.0.202007081208/tools/bin/../lib/gcc/arm-none-eabi/7.3.1/thumb/v7-m/crti.o
 .data          0x0000000000000000        0x0 c:/st/stm32cubeide_1.4.0/stm32cubeide/plugins/com.st.stm32cube.ide.mcu.externaltools.gnu-tools-for-stm32.7-2018-q2-update.win32_1.4.0.202007081208/tools/bin/../lib/gcc/arm-none-eabi/7.3.1/thumb/v7-m/crti.o
 .bss           0x0000000000000000        0x0 c:/st/stm32cubeide_1.4.0/stm32cubeide/plugins/com.st.stm32cube.ide.mcu.externaltools.gnu-tools-for-stm32.7-2018-q2-update.win32_1.4.0.202007081208/tools/bin/../lib/gcc/arm-none-eabi/7.3.1/thumb/v7-m/crti.o
 .data          0x0000000000000000        0x4 c:/st/stm32cubeide_1.4.0/stm32cubeide/plugins/com.st.stm32cube.ide.mcu.externaltools.gnu-tools-for-stm32.7-2018-q2-update.win32_1.4.0.202007081208/tools/bin/../lib/gcc/arm-none-eabi/7.3.1/thumb/v7-m/crtbegin.o
 .text          0x0000000000000000       0x74 c:/st/stm32cubeide_1.4.0/stm32cubeide/plugins/com.st.stm32cube.ide.mcu.externaltools.gnu-tools-for-stm32.7-2018-q2-update.win32_1.4.0.202007081208/tools/bin/../lib/gcc/arm-none-eabi/7.3.1/../../../../arm-none-eabi/lib/thumb/v7-m/crt0.o
 .data          0x0000000000000000        0x0 c:/st/stm32cubeide_1.4.0/stm32cubeide/plugins/com.st.stm32cube.ide.mcu.externaltools.gnu-tools-for-stm32.7-2018-q2-update.win32_1.4.0.202007081208/tools/bin/../lib/gcc/arm-none-eabi/7.3.1/../../../../arm-none-eabi/lib/thumb/v7-m/crt0.o
 .bss           0x0000000000000000        0x0 c:/st/stm32cubeide_1.4.0/stm32cubeide/plugins/com.st.stm32cube.ide.mcu.externaltools.gnu-tools-for-stm32.7-2018-q2-update.win32_1.4.0.202007081208/tools/bin/../lib/gcc/arm-none-eabi/7.3.1/../../../../arm-none-eabi/lib/thumb/v7-m/crt0.o
[...]
Memory Configuration

Name             Origin             Length             Attributes
RAM              0x0000000020000000 0x0000000000002800 xrw
ROM              0x0000000008000000 0x0000000000008000 xr
*default*        0x0000000000000000 0xffffffffffffffff

Linker script and memory map

LOAD c:/st/stm32cubeide_1.4.0/stm32cubeide/plugins/com.st.stm32cube.ide.mcu.externaltools.gnu-tools-for-stm32.7-2018-q2-update.win32_1.4.0.202007081208/tools/bin/../lib/gcc/arm-none-eabi/7.3.1/thumb/v7-m/crti.o
LOAD c:/st/stm32cubeide_1.4.0/stm32cubeide/plugins/com.st.stm32cube.ide.mcu.externaltools.gnu-tools-for-stm32.7-2018-q2-update.win32_1.4.0.202007081208/tools/bin/../lib/gcc/arm-none-eabi/7.3.1/thumb/v7-m/crtbegin.o
LOAD c:/st/stm32cubeide_1.4.0/stm32cubeide/plugins/com.st.stm32cube.ide.mcu.externaltools.gnu-tools-for-stm32.7-2018-q2-update.win32_1.4.0.202007081208/tools/bin/../lib/gcc/arm-none-eabi/7.3.1/../../../../arm-none-eabi/lib/thumb/v7-m/crt0.o
LOAD Src/main.o
LOAD Src/syscalls.o
LOAD Src/sysmem.o
LOAD Startup/startup_stm32f103c6tx.o
LOAD stm32_f103c6_drivers/keypad_driver/keypad.o
LOAD stm32_f103c6_drivers/lcd_driver/lcd.o
LOAD stm32_f103c6_drivers/stm32_f103c6_EXTI.o
LOAD stm32_f103c6_drivers/stm32_f103c6_GPIO.o
LOAD stm32_f103c6_drivers/stm32_f103c6_RCC.o
LOAD stm32_f103c6_drivers/stm32_f103c6_SPI.o
LOAD stm32_f103c6_drivers/stm32_f103c6_USART.o
START GROUP
LOAD c:/st/stm32cubeide_1.4.0/stm32cubeide/plugins/com.st.stm32cube.ide.mcu.externaltools.gnu-tools-for-stm32.7-2018-q2-update.win32_1.4.0.202007081208/tools/bin/../lib/gcc/arm-none-eabi/7.3.1/../../../../arm-none-eabi/lib/thumb/v7-m\libc_nano.a
LOAD c:/st/stm32cubeide_1.4.0/stm32cubeide/plugins/com.st.stm32cube.ide.mcu.externaltools.gnu-tools-for-stm32.7-2018-q2-update.win32_1.4.0.202007081208/tools/bin/../lib/gcc/arm-none-eabi/7.3.1/../../../../arm-none-eabi/lib/thumb/v7-m\libm.a
END GROUP
START GROUP
LOAD c:/st/stm32cubeide_1.4.0/stm32cubeide/plugins/com.st.stm32cube.ide.mcu.externaltools.gnu-tools-for-stm32.7-2018-q2-update.win32_1.4.0.202007081208/tools/bin/../lib/gcc/arm-none-eabi/7.3.1/thumb/v7-m\libgcc.a
LOAD c:/st/stm32cubeide_1.4.0/stm32cubeide/plugins/com.st.stm32cube.ide.mcu.externaltools.gnu-tools-for-stm32.7-2018-q2-update.win32_1.4.0.202007081208/tools/bin/../lib/gcc/arm-none-eabi/7.3.1/../../../../arm-none-eabi/lib/thumb/v7-m\libg_nano.a
LOAD c:/st/stm32cubeide_1.4.0/stm32cubeide/plugins/com.st.stm32cube.ide.mcu.externaltools.gnu-tools-for-stm32.7-2018-q2-update.win32_1.4.0.202007081208/tools/bin/../lib/gcc/arm-none-eabi/7.3.1/../../../../arm-none-eabi/lib/thumb/v7-m\libc_nano.a
END GROUP
START GROUP
LOAD c:/st/stm32cubeide_1.4.0/stm32cubeide/plugins/com.st.stm32cube.ide.mcu.externaltools.gnu-tools-for-stm32.7-2018-q2-update.win32_1.4.0.202007081208/tools/bin/../lib/gcc/arm-none-eabi/7.3.1/thumb/v7-m\libgcc.a
LOAD c:/st/stm32cubeide_1.4.0/stm32cubeide/plugins/com.st.stm32cube.ide.mcu.externaltools.gnu-tools-for-stm32.7-2018-q2-update.win32_1.4.0.202007081208/tools/bin/../lib/gcc/arm-none-eabi/7.3.1/../../../../arm-none-eabi/lib/thumb/v7-m\libc_nano.a
LOAD c:/st/stm32cubeide_1.4.0/stm32cubeide/plugins/com.st.stm32cube.ide.mcu.externaltools.gnu-tools-for-stm32.7-2018-q2-update.win32_1.4.0.202007081208/tools/bin/../lib/gcc/arm-none-eabi/7.3.1/../../../../arm-none-eabi/lib/thumb/v7-m\libnosys.a
END GROUP
START GROUP
LOAD c:/st/stm32cubeide_1.4.0/stm32cubeide/plugins/com.st.stm32cube.ide.mcu.externaltools.gnu-tools-for-stm32.7-2018-q2-update.win32_1.4.0.202007081208/tools/bin/../lib/gcc/arm-none-eabi/7.3.1/thumb/v7-m\libgcc.a
LOAD c:/st/stm32cubeide_1.4.0/stm32cubeide/plugins/com.st.stm32cube.ide.mcu.externaltools.gnu-tools-for-stm32.7-2018-q2-update.win32_1.4.0.202007081208/tools/bin/../lib/gcc/arm-none-eabi/7.3.1/../../../../arm-none-eabi/lib/thumb/v7-m\libc_nano.a
LOAD c:/st/stm32cubeide_1.4.0/stm32cubeide/plugins/com.st.stm32cube.ide.mcu.externaltools.gnu-tools-for-stm32.7-2018-q2-update.win32_1.4.0.202007081208/tools/bin/../lib/gcc/arm-none-eabi/7.3.1/../../../../arm-none-eabi/lib/thumb/v7-m\libnosys.a
END GROUP
LOAD c:/st/stm32cubeide_1.4.0/stm32cubeide/plugins/com.st.stm32cube.ide.mcu.externaltools.gnu-tools-for-stm32.7-2018-q2-update.win32_1.4.0.202007081208/tools/bin/../lib/gcc/arm-none-eabi/7.3.1/thumb/v7-m/crtend.o
LOAD c:/st/stm32cubeide_1.4.0/stm32cubeide/plugins/com.st.stm32cube.ide.mcu.externaltools.gnu-tools-for-stm32.7-2018-q2-update.win32_1.4.0.202007081208/tools/bin/../lib/gcc/arm-none-eabi/7.3.1/thumb/v7-m/crtn.o
                0x0000000020002800                _estack = (ORIGIN (RAM) + LENGTH (RAM))
                0x0000000000000200                _Min_Heap_Size = 0x200
                0x0000000000000400                _Min_Stack_Size = 0x400

.isr_vector     0x0000000008000000      0x130
                0x0000000008000000                . = ALIGN (0x4)
 *(.isr_vector)
 .isr_vector    0x0000000008000000      0x130 Startup/startup_stm32f103c6tx.o
                0x0000000008000000                g_pfnVectors
                0x0000000008000130                . = ALIGN (0x4)

.text           0x0000000008000130      0xec8
                0x0000000008000130                . = ALIGN (0x4)
 *(.text)
 .text          0x0000000008000130       0x40 c:/st/stm32cubeide_1.4.0/stm32cubeide/plugins/com.st.stm32cube.ide.mcu.externaltools.gnu-tools-for-stm32.7-2018-q2-update.win32_1.4.0.202007081208/tools/bin/../lib/gcc/arm-none-eabi/7.3.1/thumb/v7-m/crtbegin.o
 *(.text*)
 .text.clock_init
                0x0000000008000170       0x34 Src/main.o
                0x0000000008000170                clock_init
 .text.test_IRQ
                0x00000000080001a4       0x4c Src/main.o
                0x00000000080001a4                test_IRQ
 .text.main     0x00000000080001f0       0xbc Src/main.o
                0x00000000080001f0                main
 .text.Reset_Handler
                0x00000000080002ac       0x50 Startup/startup_stm32f103c6tx.o
                0x00000000080002ac                Reset_Handler
 .text.Default_Handler
                0x00000000080002fc        0x2 Startup/startup_stm32f103c6tx.o
                0x00000000080002fc                TIM8_TRG_COM_IRQHandler
                0x00000000080002fc                TIM8_CC_IRQHandler
                0x00000000080002fc                DebugMon_Handler
                0x00000000080002fc                TIM1_CC_IRQHandler
                0x00000000080002fc                HardFault_Handler
                0x00000000080002fc                TIM6_IRQHandler
                0x00000000080002fc                SysTick_Handler
                0x00000000080002fc                PVD_IRQHandler
                0x00000000080002fc                SDIO_IRQHandler
                0x00000000080002fc                PendSV_Handler
                0x00000000080002fc                NMI_Handler
                0x00000000080002fc                USB_HP_CAN_TX_IRQHandler
                0x00000000080002fc                I2C2_EV_IRQHandler
                0x00000000080002fc                UsageFault_Handler
                0x00000000080002fc                ADC1_2_IRQHandler
                0x00000000080002fc                CAN_SCE_IRQHandler
                0x00000000080002fc                TAMPER_IRQHandler
                0x00000000080002fc                TIM8_UP_IRQHandler
                0x00000000080002fc                DMA2_Channel2_IRQHandler
                0x00000000080002fc                DMA1_Channel4_IRQHandler
                0x00000000080002fc                RTC_IRQHandler
                0x00000000080002fc                DMA1_Channel7_IRQHandler
                0x00000000080002fc                UART5_IRQHandler
                0x00000000080002fc                ADC3_IRQHandler
                0x00000000080002fc                TIM4_IRQHandler
                0x00000000080002fc                CAN_RX1_IRQHandler
                0x00000000080002fc                DMA2_Channel1_IRQHandler
                0x00000000080002fc                I2C1_EV_IRQHandler
                0x00000000080002fc                DMA1_Channel6_IRQHandler
                0x00000000080002fc                UART4_IRQHandler
                0x00000000080002fc                TIM3_IRQHandler
                0x00000000080002fc                RCC_IRQHandler
                0x00000000080002fc                TIM1_TRG_COM_IRQHandler
                0x00000000080002fc                DMA1_Channel1_IRQHandler
                0x00000000080002fc                Default_Handler
                0x00000000080002fc                TIM7_IRQHandler
                0x00000000080002fc                TIM5_IRQHandler
                0x00000000080002fc                USB_LP_CAN_RX0_IRQHandler
                0x00000000080002fc                MemManage_Handler
                0x00000000080002fc                SVC_Handler
                0x00000000080002fc                DMA1_Channel5_IRQHandler
                0x00000000080002fc                DMA1_Channel3_IRQHandler
                0x00000000080002fc                FSMC_IRQHandler
                0x00000000080002fc                TIM1_UP_IRQHandler
                0x00000000080002fc                WWDG_IRQHandler
                0x00000000080002fc                TIM2_IRQHandler
                0x00000000080002fc                TIM1_BRK_IRQHandler
                0x00000000080002fc                RTCAlarm_IRQHandler
                0x00000000080002fc                DMA2_Channel4_5_IRQHandler
                0x00000000080002fc                I2C2_ER_IRQHandler
                0x00000000080002fc                DMA1_Channel2_IRQHandler
                0x00000000080002fc                TIM8_BRK_IRQHandler
                0x00000000080002fc                FLASH_IRQHandler
                0x00000000080002fc                BusFault_Handler
                0x00000000080002fc                SPI3_IRQHandler
                0x00000000080002fc                I2C1_ER_IRQHandler
                0x00000000080002fc                DMA2_Channel3_IRQHandler
 *fill*         0x00000000080002fe        0x2 
 .text.EXTI0_IRQHandler
                0x0000000008000300       0x24 stm32_f103c6_drivers/stm32_f103c6_EXTI.o
                0x0000000008000300                EXTI0_IRQHandler
 .text.EXTI1_IRQHandler
                0x0000000008000324       0x24 stm32_f103c6_drivers/stm32_f103c6_EXTI.o
                0x0000000008000324                EXTI1_IRQHandler
 .text.EXTI2_IRQHandler
                0x0000000008000348       0x24 stm32_f103c6_drivers/stm32_f103c6_EXTI.o
                0x0000000008000348                EXTI2_IRQHandler
 .text.EXTI3_IRQHandler
                0x000000000800036c       0x24 stm32_f103c6_drivers/stm32_f103c6_EXTI.o
                0x000000000800036c                EXTI3_IRQHandler
 .text.EXTI4_IRQHandler
                0x0000000008000390       0x24 stm32_f103c6_drivers/stm32_f103c6_EXTI.o
                0x0000000008000390                EXTI4_IRQHandler
 .text.EXTI9_5_IRQHandler
                0x00000000080003b4       0xa8 stm32_f103c6_drivers/stm32_f103c6_EXTI.o
                0x00000000080003b4                EXTI9_5_IRQHandler
 .text.EXTI15_10_IRQHandler
                0x000000000800045c       0xc4 stm32_f103c6_drivers/stm32_f103c6_EXTI.o
                0x000000000800045c                EXTI15_10_IRQHandler
 .text.GET_CRL_Position
                0x0000000008000520       0xc6 stm32_f103c6_drivers/stm32_f103c6_GPIO.o
                0x0000000008000520                GET_CRL_Position
 .text.MCAL_GPIO_Init
                0x00000000080005e6       0xf8 stm32_f103c6_drivers/stm32_f103c6_GPIO.o
                0x00000000080005e6                MCAL_GPIO_Init
 .text.MCAL_GPIO_WritePin
                0x00000000080006de       0x2e stm32_f103c6_drivers/stm32_f103c6_GPIO.o
                0x00000000080006de                MCAL_GPIO_WritePin
 .text.MCAL_RCC_GetSYSCLKFreq
                0x000000000800070c       0x3c stm32_f103c6_drivers/stm32_f103c6_RCC.o
                0x000000000800070c                MCAL_RCC_GetSYSCLKFreq
 .text.MCAL_RCC_GetHCLKFreq
                0x0000000008000748       0x28 stm32_f103c6_drivers/stm32_f103c6_RCC.o
                0x0000000008000748                MCAL_RCC_GetHCLKFreq
 .text.MCAL_RCC_GetPCLK1Freq
                0x0000000008000770       0x28 stm32_f103c6_drivers/stm32_f103c6_RCC.o
                0x0000000008000770                MCAL_RCC_GetPCLK1Freq
 .text.MCAL_RCC_GetPCLK2Freq
                0x0000000008000798       0x28 stm32_f103c6_drivers/stm32_f103c6_RCC.o
                0x0000000008000798                MCAL_RCC_GetPCLK2Freq
 .text.MCAL_SPI_Init
                0x00000000080007c0      0x10c stm32_f103c6_drivers/stm32_f103c6_SPI.o
                0x00000000080007c0                MCAL_SPI_Init
 .text.MCAL_SPI_TX_RX
                0x00000000080008cc       0x54 stm32_f103c6_drivers/stm32_f103c6_SPI.o
                0x00000000080008cc                MCAL_SPI_TX_RX
 .text.MCAL_SPI_GPIO_Set_Pins
                0x0000000008000920      0x1e0 stm32_f103c6_drivers/stm32_f103c6_SPI.o
                0x0000000008000920                MCAL_SPI_GPIO_Set_Pins
 .text.SPI1_IRQHandler
                0x0000000008000b00       0x5c stm32_f103c6_drivers/stm32_f103c6_SPI.o
                0x0000000008000b00                SPI1_IRQHandler
 .text.SPI2_IRQHandler
                0x0000000008000b5c       0x5c stm32_f103c6_drivers/stm32_f103c6_SPI.o
                0x0000000008000b5c                SPI2_IRQHandler
 .text.MCAL_USART_Init
                0x0000000008000bb8      0x17c stm32_f103c6_drivers/stm32_f103c6_USART.o
                0x0000000008000bb8                MCAL_USART_Init
 .text.MCAL_USART_Send_Data
                0x0000000008000d34       0x84 stm32_f103c6_drivers/stm32_f103c6_USART.o
                0x0000000008000d34                MCAL_USART_Send_Data
 .text.MCAL_USART_Receive_Data
                0x0000000008000db8       0xb4 stm32_f103c6_drivers/stm32_f103c6_USART.o
                0x0000000008000db8                MCAL_USART_Receive_Data
 .text.MCAL_USART_GPIO_Set_Pins
                0x0000000008000e6c       0xf0 stm32_f103c6_drivers/stm32_f103c6_USART.o
                0x0000000008000e6c                MCAL_USART_GPIO_Set_Pins
 .text.USART1_IRQHandler
                0x0000000008000f5c       0x14 stm32_f103c6_drivers/stm32_f103c6_USART.o
                0x0000000008000f5c                USART1_IRQHandler
 .text.USART2_IRQHandler
                0x0000000008000f70       0x14 stm32_f103c6_drivers/stm32_f103c6_USART.o
                0x0000000008000f70                USART2_IRQHandler
 .text.USART3_IRQHandler
                0x0000000008000f84       0x14 stm32_f103c6_drivers/stm32_f103c6_USART.o
                0x0000000008000f84                USART3_IRQHandler
 .text.__libc_init_array
                0x0000000008000f98       0x48 c:/st/stm32cubeide_1.4.0/stm32cubeide/plugins/com.st.stm32cube.ide.mcu.externaltools.gnu-tools-for-stm32.7-2018-q2-update.win32_1.4.0.202007081208/tools/bin/../lib/gcc/arm-none-eabi/7.3.1/../../../../arm-none-eabi/lib/thumb/v7-m\libc_nano.a(lib_a-init.o)
                0x0000000008000f98                __libc_init_array
 *(.glue_7)
 .glue_7        0x0000000008000fe0        0x0 linker stubs
 *(.glue_7t)
 .glue_7t       0x0000000008000fe0        0x0 linker stubs
 *(.eh_frame)
 .eh_frame      0x0000000008000fe0        0x0 c:/st/stm32cubeide_1.4.0/stm32cubeide/plugins/com.st.stm32cube.ide.mcu.externaltools.gnu-tools-for-stm32.7-2018-q2-update.win32_1.4.0.202007081208/tools/bin/../lib/gcc/arm-none-eabi/7.3.1/thumb/v7-m/crtbegin.o
 *(.init)
 .init          0x0000000008000fe0        0x4 c:/st/stm32cubeide_1.4.0/stm32cubeide/plugins/com.st.stm32cube.ide.mcu.externaltools.gnu-tools-for-stm32.7-2018-q2-update.win32_1.4.0.202007081208/tools/bin/../lib/gcc/arm-none-eabi/7.3.1/thumb/v7-m/crti.o
                0x0000000008000fe0                _init
 .init          0x0000000008000fe4        0x8 c:/st/stm32cubeide_1.4.0/stm32cubeide/plugins/com.st.stm32cube.ide.mcu.externaltools.gnu-tools-for-stm32.7-2018-q2-update.win32_1.4.0.202007081208/tools/bin/../lib/gcc/arm-none-eabi/7.3.1/thumb/v7-m/crtn.o
 *(.fini)
 .fini          0x0000000008000fec        0x4 c:/st/stm32cubeide_1.4.0/stm32cubeide/plugins/com.st.stm32cube.ide.mcu.externaltools.gnu-tools-for-stm32.7-2018-q2-update.win32_1.4.0.202007081208/tools/bin/../lib/gcc/arm-none-eabi/7.3.1/thumb/v7-m/crti.o
                0x0000000008000fec                _fini
 .fini          0x0000000008000ff0        0x8 c:/st/stm32cubeide_1.4.0/stm32cubeide/plugins/com.st.stm32cube.ide.mcu.externaltools.gnu-tools-for-stm32.7-2018-q2-update.win32_1.4.0.202007081208/tools/bin/../lib/gcc/arm-none-eabi/7.3.1/thumb/v7-m/crtn.o
                0x0000000008000ff8                . = ALIGN (0x4)
                0x0000000008000ff8                _etext = .

.vfp11_veneer   0x0000000008000ff8        0x0
 .vfp11_veneer  0x0000000008000ff8        0x0 linker stubs

.v4_bx          0x0000000008000ff8        0x0
 .v4_bx         0x0000000008000ff8        0x0 linker stubs

.iplt           0x0000000008000ff8        0x0
 .iplt          0x0000000008000ff8        0x0 c:/st/stm32cubeide_1.4.0/stm32cubeide/plugins/com.st.stm32cube.ide.mcu.externaltools.gnu-tools-for-stm32.7-2018-q2-update.win32_1.4.0.202007081208/tools/bin/../lib/gcc/arm-none-eabi/7.3.1/thumb/v7-m/crtbegin.o

.rodata         0x0000000008000ff8       0x18
                0x0000000008000ff8                . = ALIGN (0x4)
 *(.rodata)
 *(.rodata*)
 .rodata.APB_Prescaler_Table
                0x0000000008000ff8        0x8 stm32_f103c6_drivers/stm32_f103c6_RCC.o
                0x0000000008000ff8                APB_Prescaler_Table
 .rodata.AHB_Prescaler_Table
                0x0000000008001000       0x10 stm32_f103c6_drivers/stm32_f103c6_RCC.o
                0x0000000008001000                AHB_Prescaler_Table
                0x0000000008001010                . = ALIGN (0x4)

.rel.dyn        0x0000000008001010        0x0
 .rel.iplt      0x0000000008001010        0x0 c:/st/stm32cubeide_1.4.0/stm32cubeide/plugins/com.st.stm32cube.ide.mcu.externaltools.gnu-tools-for-stm32.7-2018-q2-update.win32_1.4.0.202007081208/tools/bin/../lib/gcc/arm-none-eabi/7.3.1/thumb/v7-m/crtbegin.o

.ARM.extab      0x0000000008001010        0x0
                0x0000000008001010                . = ALIGN (0x4)
 *(.ARM.extab* .gnu.linkonce.armextab.*)
                0x0000000008001010                . = ALIGN (0x4)

.ARM            0x0000000008001010        0x0
                0x0000000008001010                . = ALIGN (0x4)
                0x0000000008001010                __exidx_start = .
 *(.ARM.exidx*)
                0x0000000008001010                __exidx_end = .
                0x0000000008001010                . = ALIGN (0x4)

.preinit_array  0x0000000008001010        0x0
                0x0000000008001010                . = ALIGN (0x4)
                0x0000000008001010                PROVIDE (__preinit_array_start = .)
 *(.preinit_array*)
                0x0000000008001010                PROVIDE (__preinit_array_end = .)
                0x0000000008001010                . = ALIGN (0x4)

.init_array     0x0000000008001010        0x4
                0x0000000008001010                . = ALIGN (0x4)
                0x0000000008001010                PROVIDE (__init_array_start = .)
 *(SORT_BY_NAME(.init_array.*))
 *(.init_array*)
 .init_array    0x0000000008001010        0x4 c:/st/stm32cubeide_1.4.0/stm32cubeide/plugins/com.st.stm32cube.ide.mcu.externaltools.gnu-tools-for-stm32.7-2018-q2-update.win32_1.4.0.202007081208/tools/bin/../lib/gcc/arm-none-eabi/7.3.1/thumb/v7-m/crtbegin.o
                0x0000000008001014                PROVIDE (__init_array_end = .)
                0x0000000008001014                . = ALIGN (0x4)

.fini_array     0x0000000008001014        0x4
                0x0000000008001014                . = ALIGN (0x4)
                [!provide]                        PROVIDE (__fini_array_start = .)
 *(SORT_BY_NAME(.fini_array.*))
 *(.fini_array*)
 .fini_array    0x0000000008001014        0x4 c:/st/stm32cubeide_1.4.0/stm32cubeide/plugins/com.st.stm32cube.ide.mcu.externaltools.gnu-tools-for-stm32.7-2018-q2-update.win32_1.4.0.202007081208/tools/bin/../lib/gcc/arm-none-eabi/7.3.1/thumb/v7-m/crtbegin.o
                [!provide]                        PROVIDE (__fini_array_end = .)
                0x0000000008001018                . = ALIGN (0x4)
                0x0000000008001018                _sidata = LOADADDR (.data)

.data           0x0000000020000000        0x0 load address 0x0000000008001018
                0x0000000020000000                . = ALIGN (0x4)
                0x0000000020000000                _sdata = .
 *(.data)
 *(.data*)
                0x0000000020000000                . = ALIGN (0x4)
                0x0000000020000000                _edata = .

.igot.plt       0x0000000020000000        0x0 load address 0x0000000008001018
 .igot.plt      0x0000000020000000        0x0 c:/st/stm32cubeide_1.4.0/stm32cubeide/plugins/com.st.stm32cube.ide.mcu.externaltools.gnu-tools-for-stm32.7-2018-q2-update.win32_1.4.0.202007081208/tools/bin/../lib/gcc/arm-none-eabi/7.3.1/thumb/v7-m/crtbegin.o
                0x0000000020000000                . = ALIGN (0x4)

.bss            0x0000000020000000       0x7c load address 0x0000000008001018
                0x0000000020000000                _sbss = .
                0x0000000020000000                __bss_start__ = _sbss
 *(.bss)
 .bss           0x0000000020000000       0x1c c:/st/stm32cubeide_1.4.0/stm32cubeide/plugins/com.st.stm32cube.ide.mcu.externaltools.gnu-tools-for-stm32.7-2018-q2-update.win32_1.4.0.202007081208/tools/bin/../lib/gcc/arm-none-eabi/7.3.1/thumb/v7-m/crtbegin.o
 *(.bss*)
 .bss.Global_SPI_Config
                0x000000002000001c        0x8 stm32_f103c6_drivers/stm32_f103c6_SPI.o
                0x000000002000001c                Global_SPI_Config
 .bss.Global_USART_Config
                0x0000000020000024        0xc stm32_f103c6_drivers/stm32_f103c6_USART.o
                0x0000000020000024                Global_USART_Config
 *(COMMON)
 COMMON         0x0000000020000030        0xd Src/main.o
                0x0000000020000030                x
                0x0000000020000034                flag
                0x0000000020000038                Pincfg
                0x000000002000003c                ch
 *fill*         0x000000002000003d        0x3 
 COMMON         0x0000000020000040       0x3c stm32_f103c6_drivers/stm32_f103c6_EXTI.o
                0x0000000020000040                Gp_IRQ_Callback
                0x000000002000007c                . = ALIGN (0x4)
                0x000000002000007c                _ebss = .
                0x000000002000007c                __bss_end__ = _ebss

._user_heap_stack
                0x000000002000007c      0x604 load address 0x0000000008001018
                0x0000000020000080                . = ALIGN (0x8)
 *fill*         0x000000002000007c        0x4 
                [!provide]                        PROVIDE (end = .)
                0x0000000020000080                PROVIDE (_end = .)
                0x0000000020000280                . = (. + _Min_Heap_Size)
 *fill*         0x0000000020000080      0x200 
                0x0000000020000680                . = (. + _Min_Stack_Size)
 *fill*         0x0000000020000280      0x400 
                0x0000000020000680                . = ALIGN (0x8)

/DISCARD/
 libc.a(*)
 libm.a(*)
 libgcc.a(*)

.ARM.attributes
                0x0000000000000000       0x29
 *(.ARM.attributes)
 .ARM.attributes
                0x0000000000000000       0x1d c:/st/stm32cubeide_1.4.0/stm32cubeide/plugins/com.st.stm32cube.ide.mcu.externaltools.gnu-tools-for-stm32.7-2018-q2-update.win32_1.4.0.202007081208/tools/bin/../lib/gcc/arm-none-eabi/7.3.1/thumb/v7-m/crti.o
 .ARM.attributes
                0x000000000000001d       0x2d c:/st/stm32cubeide_1.4.0/stm32cubeide/plugins/com.st.stm32cube.ide.mcu.externaltools.gnu-tools-for-stm32.7-2018-q2-update.win32_1.4.0.202007081208/tools/bin/../lib/gcc/arm-none-eabi/7.3.1/thumb/v7-m/crtbegin.o
 .ARM.attributes
                0x000000000000004a       0x33 Src/main.o
 .ARM.attributes
                0x000000000000007d       0x21 Startup/startup_stm32f103c6tx.o
 .ARM.attributes
                0x000000000000009e       0x33 stm32_f103c6_drivers/stm32_f103c6_EXTI.o
 .ARM.attributes
                0x00000000000000d1       0x33 stm32_f103c6_drivers/stm32_f103c6_GPIO.o
 .ARM.attributes
                0x0000000000000104       0x33 stm32_f103c6_drivers/stm32_f103c6_RCC.o
 .ARM.attributes
                0x0000000000000137       0x33 stm32_f103c6_drivers/stm32_f103c6_SPI.o
 .ARM.attributes
                0x000000000000016a       0x33 stm32_f103c6_drivers/stm32_f103c6_USART.o
 .ARM.attributes
                0x000000000000019d       0x2d c:/st/stm32cubeide_1.4.0/stm32cubeide/plugins/com.st.stm32cube.ide.mcu.externaltools.gnu-tools-for-stm32.7-2018-q2-update.win32_1.4.0.202007081208/tools/bin/../lib/gcc/arm-none-eabi/7.3.1/../../../../arm-none-eabi/lib/thumb/v7-m\libc_nano.a(lib_a-init.o)
 .ARM.attributes
                0x00000000000001ca       0x1d c:/st/stm32cubeide_1.4.0/stm32cubeide/plugins/com.st.stm32cube.ide.mcu.externaltools.gnu-tools-for-stm32.7-2018-q2-update.win32_1.4.0.202007081208/tools/bin/../lib/gcc/arm-none-eabi/7.3.1/thumb/v7-m/crtn.o
OUTPUT(DRIVERS.elf elf32-littlearm)

.debug_info     0x0000000000000000     0x51e7
 .debug_info    0x0000000000000000      0xe8a Src/main.o
 .debug_info    0x0000000000000e8a       0x22 Startup/startup_stm32f103c6tx.o
 .debug_info    0x0000000000000eac      0xdc4 stm32_f103c6_drivers/stm32_f103c6_EXTI.o
 .debug_info    0x0000000000001c70      0xd59 stm32_f103c6_drivers/stm32_f103c6_GPIO.o
 .debug_info    0x00000000000029c9      0xb09 stm32_f103c6_drivers/stm32_f103c6_RCC.o
 .debug_info    0x00000000000034d2      0xee5 stm32_f103c6_drivers/stm32_f103c6_SPI.o
 .debug_info    0x00000000000043b7      0xe30 stm32_f103c6_drivers/stm32_f103c6_USART.o

.debug_abbrev   0x0000000000000000      0xc87
 .debug_abbrev  0x0000000000000000      0x217 Src/main.o
 .debug_abbrev  0x0000000000000217       0x12 Startup/startup_stm32f103c6tx.o
 .debug_abbrev  0x0000000000000229      0x238 stm32_f103c6_drivers/stm32_f103c6_EXTI.o
 .debug_abbrev  0x0000000000000461      0x232 stm32_f103c6_drivers/stm32_f103c6_GPIO.o
 .debug_abbrev  0x0000000000000693      0x19b stm32_f103c6_drivers/stm32_f103c6_RCC.o
 .debug_abbrev  0x000000000000082e      0x247 stm32_f103c6_drivers/stm32_f103c6_SPI.o
 .debug_abbrev  0x0000000000000a75      0x212 stm32_f103c6_drivers/stm32_f103c6_USART.o

.debug_loc      0x0000000000000000      0xcc0
 .debug_loc     0x0000000000000000       0xa8 Src/main.o
 .debug_loc     0x00000000000000a8      0x2d0 stm32_f103c6_drivers/stm32_f103c6_EXTI.o
 .debug_loc     0x0000000000000378      0x330 stm32_f103c6_drivers/stm32_f103c6_GPIO.o
 .debug_loc     0x00000000000006a8       0xc8 stm32_f103c6_drivers/stm32_f103c6_RCC.o
 .debug_loc     0x0000000000000770      0x2bc stm32_f103c6_drivers/stm32_f103c6_SPI.o
 .debug_loc     0x0000000000000a2c      0x294 stm32_f103c6_drivers/stm32_f103c6_USART.o

.debug_aranges  0x0000000000000000      0x220
 .debug_aranges
                0x0000000000000000       0x30 Src/main.o
 .debug_aranges
                0x0000000000000030       0x28 Startup/startup_stm32f103c6tx.o
 .debug_aranges
                0x0000000000000058       0x78 stm32_f103c6_drivers/stm32_f103c6_EXTI.o
 .debug_aranges
                0x00000000000000d0       0x60 stm32_f103c6_drivers/stm32_f103c6_GPIO.o
 .debug_aranges
                0x0000000000000130       0x38 stm32_f103c6_drivers/stm32_f103c6_RCC.o
 .debug_aranges
                0x0000000000000168       0x58 stm32_f103c6_drivers/stm32_f103c6_SPI.o
 .debug_aranges
                0x00000000000001c0       0x60 stm32_f103c6_drivers/stm32_f103c6_USART.o

.debug_ranges   0x0000000000000000      0x1d0
 .debug_ranges  0x0000000000000000       0x20 Src/main.o
 .debug_ranges  0x0000000000000020       0x20 Startup/startup_stm32f103c6tx.o
 .debug_ranges  0x0000000000000040       0x68 stm32_f103c6_drivers/stm32_f103c6_EXTI.o
 .debug_ranges  0x00000000000000a8       0x50 stm32_f103c6_drivers/stm32_f103c6_GPIO.o
 .debug_ranges  0x00000000000000f8       0x28 stm32_f103c6_drivers/stm32_f103c6_RCC.o
 .debug_ranges  0x0000000000000120       0x60 stm32_f103c6_drivers/stm32_f103c6_SPI.o
 .debug_ranges  0x0000000000000180       0x50 stm32_f103c6_drivers/stm32_f103c6_USART.o

.debug_macro    0x0000000000000000     0x2a7c
 .debug_macro   0x0000000000000000      0x178 Src/main.o
 .debug_macro   0x0000000000000178      0xa60 Src/main.o
 .debug_macro   0x0000000000000bd8       0x18 Src/main.o
 .debug_macro   0x0000000000000bf0       0x22 Src/main.o
 .debug_macro   0x0000000000000c12       0x40 Src/main.o
 .debug_macro   0x0000000000000c52       0x94 Src/main.o
 .debug_macro   0x0000000000000ce6       0x3c Src/main.o
 .debug_macro   0x0000000000000d22       0x34 Src/main.o
 .debug_macro   0x0000000000000d56       0x16 Src/main.o
 .debug_macro   0x0000000000000d6c      0x10e Src/main.o
 .debug_macro   0x0000000000000e7a       0x8d Src/main.o
 .debug_macro   0x0000000000000f07       0x57 Src/main.o
 .debug_macro   0x0000000000000f5e       0x52 Src/main.o
 .debug_macro   0x0000000000000fb0       0x1f Src/main.o
 .debug_macro   0x0000000000000fcf       0x43 Src/main.o
 .debug_macro   0x0000000000001012       0x20 Src/main.o
 .debug_macro   0x0000000000001032      0x1a3 Src/main.o
 .debug_macro   0x00000000000011d5      0x330 Src/main.o
 .debug_macro   0x0000000000001505       0x16 Src/main.o
 .debug_macro   0x000000000000151b       0x29 Src/main.o
 .debug_macro   0x0000000000001544       0xef Src/main.o
 .debug_macro   0x0000000000001633       0x6a Src/main.o
 .debug_macro   0x000000000000169d      0x1df Src/main.o
 .debug_macro   0x000000000000187c      0x2a0 Src/main.o
 .debug_macro   0x0000000000001b1c       0xd0 Src/main.o
 .debug_macro   0x0000000000001bec       0x10 Src/main.o
 .debug_macro   0x0000000000001bfc       0xe2 Src/main.o
 .debug_macro   0x0000000000001cde       0xc4 Src/main.o
 .debug_macro   0x0000000000001da2      0x152 stm32_f103c6_drivers/stm32_f103c6_EXTI.o
 .debug_macro   0x0000000000001ef4       0xd6 stm32_f103c6_drivers/stm32_f103c6_EXTI.o
 .debug_macro   0x0000000000001fca      0x21b stm32_f103c6_drivers/stm32_f103c6_EXTI.o
 .debug_macro   0x00000000000021e5      0x13f stm32_f103c6_drivers/stm32_f103c6_GPIO.o
 .debug_macro   0x0000000000002324      0x13f stm32_f103c6_drivers/stm32_f103c6_RCC.o
 .debug_macro   0x0000000000002463      0x2a0 stm32_f103c6_drivers/stm32_f103c6_RCC.o
 .debug_macro   0x0000000000002703      0x160 stm32_f103c6_drivers/stm32_f103c6_SPI.o
 .debug_macro   0x0000000000002863       0xbe stm32_f103c6_drivers/stm32_f103c6_SPI.o
 .debug_macro   0x0000000000002921      0x15b stm32_f103c6_drivers/stm32_f103c6_USART.o

.debug_line     0x0000000000000000     0x2683
 .debug_line    0x0000000000000000      0x5ce Src/main.o
 .debug_line    0x00000000000005ce       0x84 Startup/startup_stm32f103c6tx.o
 .debug_line    0x0000000000000652      0x700 stm32_f103c6_drivers/stm32_f103c6_EXTI.o
 .debug_line    0x0000000000000d52      0x672 stm32_f103c6_drivers/stm32_f103c6_GPIO.o
 .debug_line    0x00000000000013c4      0x589 stm32_f103c6_drivers/stm32_f103c6_RCC.o
 .debug_line    0x000000000000194d      0x684 stm32_f103c6_drivers/stm32_f103c6_SPI.o
 .debug_line    0x0000000000001fd1      0x6b2 stm32_f103c6_drivers/stm32_f103c6_USART.o

.debug_str      0x0000000000000000     0xa6d5
 .debug_str     0x0000000000000000     0x8d3d Src/main.o
                                       0x8fb8 (size before relaxing)
 .debug_str     0x0000000000008d3d       0x31 Startup/startup_stm32f103c6tx.o
                                         0x58 (size before relaxing)
 .debug_str     0x0000000000008d6e     0x151a stm32_f103c6_drivers/stm32_f103c6_EXTI.o
                                       0x968a (size before relaxing)
 .debug_str     0x000000000000a288      0x11b stm32_f103c6_drivers/stm32_f103c6_GPIO.o
                                       0x82c4 (size before relaxing)
 .debug_str     0x000000000000a3a3       0xab stm32_f103c6_drivers/stm32_f103c6_RCC.o
                                       0x7e39 (size before relaxing)
 .debug_str     0x000000000000a44e      0x168 stm32_f103c6_drivers/stm32_f103c6_SPI.o
                                       0x8988 (size before relaxing)
 .debug_str     0x000000000000a5b6      0x11f stm32_f103c6_drivers/stm32_f103c6_USART.o
                                       0x8a29 (size before relaxing)

.comment        0x0000000000000000       0x7b
 .comment       0x0000000000000000       0x7b Src/main.o
                                         0x7c (size before relaxing)
 .comment       0x000000000000007b       0x7c stm32_f103c6_drivers/stm32_f103c6_EXTI.o
 .comment       0x000000000000007b       0x7c stm32_f103c6_drivers/stm32_f103c6_GPIO.o
 .comment       0x000000000000007b       0x7c stm32_f103c6_drivers/stm32_f103c6_RCC.o
 .comment       0x000000000000007b       0x7c stm32_f103c6_drivers/stm32_f103c6_SPI.o
 .comment       0x000000000000007b       0x7c stm32_f103c6_drivers/stm32_f103c6_USART.o

.debug_frame    0x0000000000000000      0x6ac
 .debug_frame   0x0000000000000000       0x6c Src/main.o
 .debug_frame   0x000000000000006c      0x18c stm32_f103c6_drivers/stm32_f103c6_EXTI.o
 .debug_frame   0x00000000000001f8      0x174 stm32_f103c6_drivers/stm32_f103c6_GPIO.o
 .debug_frame   0x000000000000036c       0x84 stm32_f103c6_drivers/stm32_f103c6_RCC.o
 .debug_frame   0x00000000000003f0      0x144 stm32_f103c6_drivers/stm32_f103c6_SPI.o
 .debug_frame   0x0000000000000534      0x14c stm32_f103c6_drivers/stm32_f103c6_USART.o
 .debug_frame   0x0000000000000680       0x2c c:/st/stm32cubeide_1.4.0/stm32cubeide/plugins/com.st.stm32cube.ide.mcu.externaltools.gnu-tools-for-stm32.7-2018-q2-update.win32_1.4.0.202007081208/tools/bin/../lib/gcc/arm-none-eabi/7.3.1/../../../../arm-none-eabi/lib/thumb/v7-m\libc_nano.a(lib_a-init.o)
