Archive member included to satisfy reference by file (symbol)

c:/st/stm32cubeide_1.4.0/stm32cubeide/plugins/com.st.stm32cube.ide.mcu.externaltools.gnu-tools-for-stm32.7-2018-q2-update.win32_1.4.0.202007081208/tools/bin/../lib/gcc/arm-none-eabi/7.3.1/../../../../arm-none-eabi/lib/thumb/v7-m\libc_nano.a(lib_a-errno.o)
                              Src/syscalls.o (__errno)
c:/st/stm32cubeide_1.4.0/stm32cubeide/plugins/com.st.stm32cube.ide.mcu.externaltools.gnu-tools-for-stm32.7-2018-q2-update.win32_1.4.0.202007081208/tools/bin/../lib/gcc/arm-none-eabi/7.3.1/../../../../arm-none-eabi/lib/thumb/v7-m\libc_nano.a(lib_a-exit.o)
                              c:/st/stm32cubeide_1.4.0/stm32cubeide/plugins/com.st.stm32cube.ide.mcu.externaltools.gnu-tools-for-stm32.7-2018-q2-update.win32_1.4.0.202007081208/tools/bin/../lib/gcc/arm-none-eabi/7.3.1/../../../../arm-none-eabi/lib/thumb/v7-m/crt0.o (exit)
c:/st/stm32cubeide_1.4.0/stm32cubeide/plugins/com.st.stm32cube.ide.mcu.externaltools.gnu-tools-for-stm32.7-2018-q2-update.win32_1.4.0.202007081208/tools/bin/../lib/gcc/arm-none-eabi/7.3.1/../../../../arm-none-eabi/lib/thumb/v7-m\libc_nano.a(lib_a-impure.o)
                              c:/st/stm32cubeide_1.4.0/stm32cubeide/plugins/com.st.stm32cube.ide.mcu.externaltools.gnu-tools-for-stm32.7-2018-q2-update.win32_1.4.0.202007081208/tools/bin/../lib/gcc/arm-none-eabi/7.3.1/../../../../arm-none-eabi/lib/thumb/v7-m\libc_nano.a(lib_a-exit.o) (_global_impure_ptr)
c:/st/stm32cubeide_1.4.0/stm32cubeide/plugins/com.st.stm32cube.ide.mcu.externaltools.gnu-tools-for-stm32.7-2018-q2-update.win32_1.4.0.202007081208/tools/bin/../lib/gcc/arm-none-eabi/7.3.1/../../../../arm-none-eabi/lib/thumb/v7-m\libc_nano.a(lib_a-init.o)
                              c:/st/stm32cubeide_1.4.0/stm32cubeide/plugins/com.st.stm32cube.ide.mcu.externaltools.gnu-tools-for-stm32.7-2018-q2-update.win32_1.4.0.202007081208/tools/bin/../lib/gcc/arm-none-eabi/7.3.1/../../../../arm-none-eabi/lib/thumb/v7-m/crt0.o (__libc_init_array)
c:/st/stm32cubeide_1.4.0/stm32cubeide/plugins/com.st.stm32cube.ide.mcu.externaltools.gnu-tools-for-stm32.7-2018-q2-update.win32_1.4.0.202007081208/tools/bin/../lib/gcc/arm-none-eabi/7.3.1/../../../../arm-none-eabi/lib/thumb/v7-m\libc_nano.a(lib_a-memset.o)
                              c:/st/stm32cubeide_1.4.0/stm32cubeide/plugins/com.st.stm32cube.ide.mcu.externaltools.gnu-tools-for-stm32.7-2018-q2-update.win32_1.4.0.202007081208/tools/bin/../lib/gcc/arm-none-eabi/7.3.1/../../../../arm-none-eabi/lib/thumb/v7-m/crt0.o (memset)

Allocating common symbols
Common symbol       size              file

flag                0x4               Src/main.o
Gp_IRQ_Callback     0x3c              stm32_f103c6_drivers/stm32_f103c6_EXTI.o
Pincfg              0x4               stm32_f103c6_drivers/keypad_driver/keypad.o

Discarded input sections

 .text          0x0000000000000000        0x0 c:/st/stm32cubeide_1.4.0/stm32cubeide/plugins/com.st.stm32cube.ide.mcu.externaltools.gnu-tools-for-stm32.7-2018-q2-update.win32_1.4.0.202007081208/tools/bin/../lib/gcc/arm-none-eabi/7.3.1/thumb/v7-m/crti.o
 .data          0x0000000000000000        0x0 c:/st/stm32cubeide_1.4.0/stm32cubeide/plugins/com.st.stm32cube.ide.mcu.externaltools.gnu-tools-for-stm32.7-2018-q2-update.win32_1.4.0.202007081208/tools/bin/../lib/gcc/arm-none-eabi/7.3.1/thumb/v7-m/crti.o
 .bss           0x0000000000000000        0x0 c:/st/stm32cubeide_1.4.0/stm32cubeide/plugins/com.st.stm32cube.ide.mcu.externaltools.gnu-tools-for-stm32.7-2018-q2-update.win32_1.4.0.202007081208/tools/bin/../lib/gcc/arm-none-eabi/7.3.1/thumb/v7-m/crti.o
 .data          0x0000000000000000        0x4 c:/st/stm32cubeide_1.4.0/stm32cubeide/plugins/com.st.stm32cube.ide.mcu.externaltools.gnu-tools-for-stm32.7-2018-q2-update.win32_1.4.0.202007081208/tools/bin/../lib/gcc/arm-none-eabi/7.3.1/thumb/v7-m/crtbegin.o
 .text          0x0000000000000000       0x74 c:/st/stm32cubeide_1.4.0/stm32cubeide/plugins/com.st.stm32cube.ide.mcu.externaltools.gnu-tools-for-stm32.7-2018-q2-update.win32_1.4.0.202007081208/tools/bin/../lib/gcc/arm-none-eabi/7.3.1/../../../../arm-none-eabi/lib/thumb/v7-m/crt0.o
 .data          0x0000000000000000        0x0 c:/st/stm32cubeide_1.4.0/stm32cubeide/plugins/com.st.stm32cube.ide.mcu.externaltools.gnu-tools-for-stm32.7-2018-q2-update.win32_1.4.0.202007081208/tools/bin/../lib/gcc/arm-none-eabi/7.3.1/../../../../arm-none-eabi/lib/thumb/v7-m/crt0.o
 .bss           0x0000000000000000        0x0 c:/st/stm32cubeide_1.4.0/stm32cubeide/plugins/com.st.stm32cube.ide.mcu.externaltools.gnu-tools-for-stm32.7-2018-q2-update.win32_1.4.0.202007081208/tools/bin/../lib/gcc/arm-none-eabi/7.3.1/../../../../arm-none-eabi/lib/thumb/v7-m/crt0.o
 .ARM.extab     0x0000000000000000        0x0 c:/st/stm32cubeide_1.4.0/stm32cubeide/plugins/com.st.stm32cube.ide.mcu.externaltools.gnu-tools-for-stm32.7-2018-q2-update.win32_1.4.0.202007081208/tools/bin/../lib/gcc/arm-none-eabi/7.3.1/../../../../arm-none-eabi/lib/thumb/v7-m/crt0.o
 .ARM.exidx     0x0000000000000000        0x8 c:/st/stm32cubeide_1.4.0/stm32cubeide/plugins/com.st.stm32cube.ide.mcu.externaltools.gnu-tools-for-stm32.7-2018-q2-update.win32_1.4.0.202007081208/tools/bin/../lib/gcc/arm-none-eabi/7.3.1/../../../../arm-none-eabi/lib/thumb/v7-m/crt0.o
 .ARM.attributes
                0x0000000000000000       0x1b c:/st/stm32cubeide_1.4.0/stm32cubeide/plugins/com.st.stm32cube.ide.mcu.externaltools.gnu-tools-for-stm32.7-2018-q2-update.win32_1.4.0.202007081208/tools/bin/../lib/gcc/arm-none-eabi/7.3.1/../../../../arm-none-eabi/lib/thumb/v7-m/crt0.o
 .group         0x0000000000000000        0xc Src/main.o
 .group         0x0000000000000000        0xc Src/main.o
 .group         0x0000000000000000        0xc Src/main.o
 .group         0x0000000000000000        0xc Src/main.o
 .group         0x0000000000000000        0xc Src/main.o
 .group         0x0000000000000000        0xc Src/main.o
 .group         0x0000000000000000        0xc Src/main.o
 .group         0x0000000000000000        0xc Src/main.o
 .group         0x0000000000000000        0xc Src/main.o
 .group         0x0000000000000000        0xc Src/main.o
 .group         0x0000000000000000        0xc Src/main.o
 .group         0x0000000000000000        0xc Src/main.o
 .group         0x0000000000000000        0xc Src/main.o
 .group         0x0000000000000000        0xc Src/main.o
 .group         0x0000000000000000        0xc Src/main.o
 .group         0x0000000000000000        0xc Src/main.o
 .group         0x0000000000000000        0xc Src/main.o
 .group         0x0000000000000000        0xc Src/main.o
 .group         0x0000000000000000        0xc Src/main.o
 .group         0x0000000000000000        0xc Src/main.o
 .group         0x0000000000000000        0xc Src/main.o
 .group         0x0000000000000000        0xc Src/main.o
 .group         0x0000000000000000        0xc Src/main.o
 .group         0x0000000000000000        0xc Src/main.o
 .group         0x0000000000000000        0xc Src/main.o
 .group         0x0000000000000000        0xc Src/main.o
 .group         0x0000000000000000        0xc Src/main.o
 .text          0x0000000000000000        0x0 Src/main.o
 .data          0x0000000000000000        0x0 Src/main.o
 .bss           0x0000000000000000        0x0 Src/main.o
 .group         0x0000000000000000        0xc Src/syscalls.o
 .group         0x0000000000000000        0xc Src/syscalls.o
 .group         0x0000000000000000        0xc Src/syscalls.o
 .group         0x0000000000000000        0xc Src/syscalls.o
 .group         0x0000000000000000        0xc Src/syscalls.o
 .group         0x0000000000000000        0xc Src/syscalls.o
 .group         0x0000000000000000        0xc Src/syscalls.o
 .group         0x0000000000000000        0xc Src/syscalls.o
 .group         0x0000000000000000        0xc Src/syscalls.o
 .group         0x0000000000000000        0xc Src/syscalls.o
 .group         0x0000000000000000        0xc Src/syscalls.o
 .group         0x0000000000000000        0xc Src/syscalls.o
 .group         0x0000000000000000        0xc Src/syscalls.o
 .group         0x0000000000000000        0xc Src/syscalls.o
 .group         0x0000000000000000        0xc Src/syscalls.o
 .group         0x0000000000000000        0xc Src/syscalls.o
 .group         0x0000000000000000        0xc Src/syscalls.o
 .group         0x0000000000000000        0xc Src/syscalls.o
 .group         0x0000000000000000        0xc Src/syscalls.o
 .group         0x0000000000000000        0xc Src/syscalls.o
 .group         0x0000000000000000        0xc Src/syscalls.o
 .group         0x0000000000000000        0xc Src/syscalls.o
 .group         0x0000000000000000        0xc Src/syscalls.o
 .group         0x0000000000000000        0xc Src/syscalls.o
 .group         0x0000000000000000        0xc Src/syscalls.o
 .group         0x0000000000000000        0xc Src/syscalls.o
 .group         0x0000000000000000        0xc Src/syscalls.o
 .group         0x0000000000000000        0xc Src/syscalls.o
 .group         0x0000000000000000        0xc Src/syscalls.o
 .group         0x0000000000000000        0xc Src/syscalls.o
 .group         0x0000000000000000        0xc Src/syscalls.o
 .group         0x0000000000000000        0xc Src/syscalls.o
 .group         0x0000000000000000        0xc Src/syscalls.o
 .group         0x0000000000000000        0xc Src/syscalls.o
 .group         0x0000000000000000        0xc Src/syscalls.o
 .group         0x0000000000000000        0xc Src/syscalls.o
 .group         0x0000000000000000        0xc Src/syscalls.o
 .group         0x0000000000000000        0xc Src/syscalls.o
 .group         0x0000000000000000        0xc Src/syscalls.o
 .group         0x0000000000000000        0xc Src/syscalls.o
 .group         0x0000000000000000        0xc Src/syscalls.o
 .group         0x0000000000000000        0xc Src/syscalls.o
 .group         0x0000000000000000        0xc Src/syscalls.o
 .group         0x0000000000000000        0xc Src/syscalls.o
 .text          0x0000000000000000        0x0 Src/syscalls.o
 .data          0x0000000000000000        0x0 Src/syscalls.o
 .bss           0x0000000000000000        0x0 Src/syscalls.o
 .bss.__env     0x0000000000000000        0x4 Src/syscalls.o
 .data.environ  0x0000000000000000        0x4 Src/syscalls.o
 .text.initialise_monitor_handles
                0x0000000000000000        0xc Src/syscalls.o
 .text._getpid  0x0000000000000000        0xe Src/syscalls.o
 .text._kill    0x0000000000000000       0x20 Src/syscalls.o
 .text._exit    0x0000000000000000       0x14 Src/syscalls.o
 .text._read    0x0000000000000000       0x3a Src/syscalls.o
 .text._write   0x0000000000000000       0x38 Src/syscalls.o
 .text._close   0x0000000000000000       0x16 Src/syscalls.o
 .text._fstat   0x0000000000000000       0x1e Src/syscalls.o
 .text._isatty  0x0000000000000000       0x14 Src/syscalls.o
 .text._lseek   0x0000000000000000       0x18 Src/syscalls.o
 .text._open    0x0000000000000000       0x1a Src/syscalls.o
 .text._wait    0x0000000000000000       0x1e Src/syscalls.o
 .text._unlink  0x0000000000000000       0x1e Src/syscalls.o
 .text._times   0x0000000000000000       0x16 Src/syscalls.o
 .text._stat    0x0000000000000000       0x1e Src/syscalls.o
 .text._link    0x0000000000000000       0x20 Src/syscalls.o
 .text._fork    0x0000000000000000       0x16 Src/syscalls.o
 .text._execve  0x0000000000000000       0x22 Src/syscalls.o
 .debug_info    0x0000000000000000     0x1038 Src/syscalls.o
 .debug_abbrev  0x0000000000000000      0x254 Src/syscalls.o
 .debug_loc     0x0000000000000000      0x5b8 Src/syscalls.o
 .debug_aranges
                0x0000000000000000       0xa8 Src/syscalls.o
 .debug_ranges  0x0000000000000000       0x98 Src/syscalls.o
 .debug_macro   0x0000000000000000      0x243 Src/syscalls.o
 .debug_macro   0x0000000000000000      0xa60 Src/syscalls.o
 .debug_macro   0x0000000000000000       0x22 Src/syscalls.o
 .debug_macro   0x0000000000000000       0x40 Src/syscalls.o
 .debug_macro   0x0000000000000000       0x18 Src/syscalls.o
 .debug_macro   0x0000000000000000       0x94 Src/syscalls.o
 .debug_macro   0x0000000000000000       0x3c Src/syscalls.o
 .debug_macro   0x0000000000000000       0x34 Src/syscalls.o
 .debug_macro   0x0000000000000000       0x57 Src/syscalls.o
 .debug_macro   0x0000000000000000      0x174 Src/syscalls.o
 .debug_macro   0x0000000000000000      0x330 Src/syscalls.o
 .debug_macro   0x0000000000000000       0x52 Src/syscalls.o
 .debug_macro   0x0000000000000000       0x1f Src/syscalls.o
 .debug_macro   0x0000000000000000       0x43 Src/syscalls.o
 .debug_macro   0x0000000000000000       0x20 Src/syscalls.o
 .debug_macro   0x0000000000000000      0x1a3 Src/syscalls.o
 .debug_macro   0x0000000000000000       0x10 Src/syscalls.o
 .debug_macro   0x0000000000000000       0x35 Src/syscalls.o
 .debug_macro   0x0000000000000000       0x10 Src/syscalls.o
 .debug_macro   0x0000000000000000       0x10 Src/syscalls.o
 .debug_macro   0x0000000000000000       0x10 Src/syscalls.o
 .debug_macro   0x0000000000000000       0x6a Src/syscalls.o
 .debug_macro   0x0000000000000000       0x1c Src/syscalls.o
 .debug_macro   0x0000000000000000       0x52 Src/syscalls.o
 .debug_macro   0x0000000000000000       0x40 Src/syscalls.o
 .debug_macro   0x0000000000000000       0x10 Src/syscalls.o
 .debug_macro   0x0000000000000000       0x40 Src/syscalls.o
 .debug_macro   0x0000000000000000       0xd7 Src/syscalls.o
 .debug_macro   0x0000000000000000       0x1c Src/syscalls.o
 .debug_macro   0x0000000000000000       0x3d Src/syscalls.o
 .debug_macro   0x0000000000000000       0x35 Src/syscalls.o
 .debug_macro   0x0000000000000000      0x122 Src/syscalls.o
 .debug_macro   0x0000000000000000       0x16 Src/syscalls.o
 .debug_macro   0x0000000000000000       0x16 Src/syscalls.o
 .debug_macro   0x0000000000000000       0x29 Src/syscalls.o
 .debug_macro   0x0000000000000000       0x10 Src/syscalls.o
 .debug_macro   0x0000000000000000      0x241 Src/syscalls.o
 .debug_macro   0x0000000000000000       0x1c Src/syscalls.o
 .debug_macro   0x0000000000000000       0x10 Src/syscalls.o
 .debug_macro   0x0000000000000000       0x10 Src/syscalls.o
 .debug_macro   0x0000000000000000       0x16 Src/syscalls.o
 .debug_macro   0x0000000000000000      0x145 Src/syscalls.o
 .debug_macro   0x0000000000000000      0x189 Src/syscalls.o
 .debug_macro   0x0000000000000000       0x16 Src/syscalls.o
 .debug_macro   0x0000000000000000       0x88 Src/syscalls.o
 .debug_line    0x0000000000000000      0x739 Src/syscalls.o
 .debug_str     0x0000000000000000     0x8867 Src/syscalls.o
 .comment       0x0000000000000000       0x7c Src/syscalls.o
 .debug_frame   0x0000000000000000      0x2ac Src/syscalls.o
 .ARM.attributes
                0x0000000000000000       0x33 Src/syscalls.o
 .group         0x0000000000000000        0xc Src/sysmem.o
 .group         0x0000000000000000        0xc Src/sysmem.o
 .group         0x0000000000000000        0xc Src/sysmem.o
 .group         0x0000000000000000        0xc Src/sysmem.o
 .group         0x0000000000000000        0xc Src/sysmem.o
 .group         0x0000000000000000        0xc Src/sysmem.o
 .group         0x0000000000000000        0xc Src/sysmem.o
 .group         0x0000000000000000        0xc Src/sysmem.o
 .group         0x0000000000000000        0xc Src/sysmem.o
 .group         0x0000000000000000        0xc Src/sysmem.o
 .group         0x0000000000000000        0xc Src/sysmem.o
 .group         0x0000000000000000        0xc Src/sysmem.o
 .group         0x0000000000000000        0xc Src/sysmem.o
 .group         0x0000000000000000        0xc Src/sysmem.o
 .group         0x0000000000000000        0xc Src/sysmem.o
 .group         0x0000000000000000        0xc Src/sysmem.o
 .group         0x0000000000000000        0xc Src/sysmem.o
 .group         0x0000000000000000        0xc Src/sysmem.o
 .group         0x0000000000000000        0xc Src/sysmem.o
 .text          0x0000000000000000        0x0 Src/sysmem.o
 .data          0x0000000000000000        0x0 Src/sysmem.o
 .bss           0x0000000000000000        0x0 Src/sysmem.o
 .bss.__sbrk_heap_end
                0x0000000000000000        0x4 Src/sysmem.o
 .text._sbrk    0x0000000000000000       0x6c Src/sysmem.o
 .debug_info    0x0000000000000000      0xa7c Src/sysmem.o
 .debug_abbrev  0x0000000000000000      0x18e Src/sysmem.o
 .debug_loc     0x0000000000000000       0x50 Src/sysmem.o
 .debug_aranges
                0x0000000000000000       0x20 Src/sysmem.o
 .debug_ranges  0x0000000000000000       0x10 Src/sysmem.o
 .debug_macro   0x0000000000000000       0xee Src/sysmem.o
 .debug_macro   0x0000000000000000      0xa60 Src/sysmem.o
 .debug_macro   0x0000000000000000       0x10 Src/sysmem.o
 .debug_macro   0x0000000000000000       0x22 Src/sysmem.o
 .debug_macro   0x0000000000000000       0x40 Src/sysmem.o
 .debug_macro   0x0000000000000000       0x18 Src/sysmem.o
 .debug_macro   0x0000000000000000       0x94 Src/sysmem.o
 .debug_macro   0x0000000000000000       0x3c Src/sysmem.o
 .debug_macro   0x0000000000000000       0x34 Src/sysmem.o
 .debug_macro   0x0000000000000000      0x174 Src/sysmem.o
 .debug_macro   0x0000000000000000       0x57 Src/sysmem.o
 .debug_macro   0x0000000000000000       0x52 Src/sysmem.o
 .debug_macro   0x0000000000000000       0x1f Src/sysmem.o
 .debug_macro   0x0000000000000000       0x43 Src/sysmem.o
 .debug_macro   0x0000000000000000       0x20 Src/sysmem.o
 .debug_macro   0x0000000000000000      0x1a3 Src/sysmem.o
 .debug_macro   0x0000000000000000      0x23b Src/sysmem.o
 .debug_macro   0x0000000000000000       0xef Src/sysmem.o
 .debug_macro   0x0000000000000000       0x6a Src/sysmem.o
 .debug_macro   0x0000000000000000      0x1df Src/sysmem.o
 .debug_line    0x0000000000000000      0x4c2 Src/sysmem.o
 .debug_str     0x0000000000000000     0x5f35 Src/sysmem.o
 .comment       0x0000000000000000       0x7c Src/sysmem.o
 .debug_frame   0x0000000000000000       0x34 Src/sysmem.o
 .ARM.attributes
                0x0000000000000000       0x33 Src/sysmem.o
 .text          0x0000000000000000       0x14 Startup/startup_stm32f103c6tx.o
 .data          0x0000000000000000        0x0 Startup/startup_stm32f103c6tx.o
 .bss           0x0000000000000000        0x0 Startup/startup_stm32f103c6tx.o
 .group         0x0000000000000000        0xc stm32_f103c6_drivers/keypad_driver/keypad.o
 .group         0x0000000000000000        0xc stm32_f103c6_drivers/keypad_driver/keypad.o
 .group         0x0000000000000000        0xc stm32_f103c6_drivers/keypad_driver/keypad.o
 .group         0x0000000000000000        0xc stm32_f103c6_drivers/keypad_driver/keypad.o
 .group         0x0000000000000000        0xc stm32_f103c6_drivers/keypad_driver/keypad.o
 .group         0x0000000000000000        0xc stm32_f103c6_drivers/keypad_driver/keypad.o
 .group         0x0000000000000000        0xc stm32_f103c6_drivers/keypad_driver/keypad.o
 .group         0x0000000000000000        0xc stm32_f103c6_drivers/keypad_driver/keypad.o
 .group         0x0000000000000000        0xc stm32_f103c6_drivers/keypad_driver/keypad.o
 .group         0x0000000000000000        0xc stm32_f103c6_drivers/keypad_driver/keypad.o
 .group         0x0000000000000000        0xc stm32_f103c6_drivers/keypad_driver/keypad.o
 .group         0x0000000000000000        0xc stm32_f103c6_drivers/keypad_driver/keypad.o
 .group         0x0000000000000000        0xc stm32_f103c6_drivers/keypad_driver/keypad.o
 .group         0x0000000000000000        0xc stm32_f103c6_drivers/keypad_driver/keypad.o
 .group         0x0000000000000000        0xc stm32_f103c6_drivers/keypad_driver/keypad.o
 .group         0x0000000000000000        0xc stm32_f103c6_drivers/keypad_driver/keypad.o
 .group         0x0000000000000000        0xc stm32_f103c6_drivers/keypad_driver/keypad.o
 .group         0x0000000000000000        0xc stm32_f103c6_drivers/keypad_driver/keypad.o
 .group         0x0000000000000000        0xc stm32_f103c6_drivers/keypad_driver/keypad.o
 .group         0x0000000000000000        0xc stm32_f103c6_drivers/keypad_driver/keypad.o
 .group         0x0000000000000000        0xc stm32_f103c6_drivers/keypad_driver/keypad.o
 .group         0x0000000000000000        0xc stm32_f103c6_drivers/keypad_driver/keypad.o
 .group         0x0000000000000000        0xc stm32_f103c6_drivers/keypad_driver/keypad.o
 .group         0x0000000000000000        0xc stm32_f103c6_drivers/keypad_driver/keypad.o
 .group         0x0000000000000000        0xc stm32_f103c6_drivers/keypad_driver/keypad.o
 .text          0x0000000000000000        0x0 stm32_f103c6_drivers/keypad_driver/keypad.o
 .data          0x0000000000000000        0x0 stm32_f103c6_drivers/keypad_driver/keypad.o
 .bss           0x0000000000000000        0x0 stm32_f103c6_drivers/keypad_driver/keypad.o
 .text.KEYPAD_getchar
                0x0000000000000000      0x194 stm32_f103c6_drivers/keypad_driver/keypad.o
 .debug_macro   0x0000000000000000      0xa60 stm32_f103c6_drivers/keypad_driver/keypad.o
 .debug_macro   0x0000000000000000       0x18 stm32_f103c6_drivers/keypad_driver/keypad.o
 .debug_macro   0x0000000000000000       0x22 stm32_f103c6_drivers/keypad_driver/keypad.o
 .debug_macro   0x0000000000000000       0x40 stm32_f103c6_drivers/keypad_driver/keypad.o
 .debug_macro   0x0000000000000000       0x94 stm32_f103c6_drivers/keypad_driver/keypad.o
 .debug_macro   0x0000000000000000       0x3c stm32_f103c6_drivers/keypad_driver/keypad.o
 .debug_macro   0x0000000000000000       0x34 stm32_f103c6_drivers/keypad_driver/keypad.o
 .debug_macro   0x0000000000000000       0x16 stm32_f103c6_drivers/keypad_driver/keypad.o
 .debug_macro   0x0000000000000000      0x10e stm32_f103c6_drivers/keypad_driver/keypad.o
 .debug_macro   0x0000000000000000       0x8d stm32_f103c6_drivers/keypad_driver/keypad.o
 .debug_macro   0x0000000000000000       0x57 stm32_f103c6_drivers/keypad_driver/keypad.o
 .debug_macro   0x0000000000000000       0x52 stm32_f103c6_drivers/keypad_driver/keypad.o
 .debug_macro   0x0000000000000000       0x1f stm32_f103c6_drivers/keypad_driver/keypad.o
 .debug_macro   0x0000000000000000       0x43 stm32_f103c6_drivers/keypad_driver/keypad.o
 .debug_macro   0x0000000000000000       0x20 stm32_f103c6_drivers/keypad_driver/keypad.o
 .debug_macro   0x0000000000000000      0x1a3 stm32_f103c6_drivers/keypad_driver/keypad.o
 .debug_macro   0x0000000000000000      0x330 stm32_f103c6_drivers/keypad_driver/keypad.o
 .debug_macro   0x0000000000000000       0x16 stm32_f103c6_drivers/keypad_driver/keypad.o
 .debug_macro   0x0000000000000000       0x29 stm32_f103c6_drivers/keypad_driver/keypad.o
 .debug_macro   0x0000000000000000       0xef stm32_f103c6_drivers/keypad_driver/keypad.o
 .debug_macro   0x0000000000000000       0x6a stm32_f103c6_drivers/keypad_driver/keypad.o
 .debug_macro   0x0000000000000000      0x1df stm32_f103c6_drivers/keypad_driver/keypad.o
 .debug_macro   0x0000000000000000      0x1b0 stm32_f103c6_drivers/keypad_driver/keypad.o
 .debug_macro   0x0000000000000000       0xd0 stm32_f103c6_drivers/keypad_driver/keypad.o
 .group         0x0000000000000000        0xc stm32_f103c6_drivers/lcd_driver/lcd.o
 .group         0x0000000000000000        0xc stm32_f103c6_drivers/lcd_driver/lcd.o
 .group         0x0000000000000000        0xc stm32_f103c6_drivers/lcd_driver/lcd.o
 .group         0x0000000000000000        0xc stm32_f103c6_drivers/lcd_driver/lcd.o
 .group         0x0000000000000000        0xc stm32_f103c6_drivers/lcd_driver/lcd.o
 .group         0x0000000000000000        0xc stm32_f103c6_drivers/lcd_driver/lcd.o
 .group         0x0000000000000000        0xc stm32_f103c6_drivers/lcd_driver/lcd.o
 .group         0x0000000000000000        0xc stm32_f103c6_drivers/lcd_driver/lcd.o
 .group         0x0000000000000000        0xc stm32_f103c6_drivers/lcd_driver/lcd.o
 .group         0x0000000000000000        0xc stm32_f103c6_drivers/lcd_driver/lcd.o
 .group         0x0000000000000000        0xc stm32_f103c6_drivers/lcd_driver/lcd.o
 .group         0x0000000000000000        0xc stm32_f103c6_drivers/lcd_driver/lcd.o
 .group         0x0000000000000000        0xc stm32_f103c6_drivers/lcd_driver/lcd.o
 .group         0x0000000000000000        0xc stm32_f103c6_drivers/lcd_driver/lcd.o
 .group         0x0000000000000000        0xc stm32_f103c6_drivers/lcd_driver/lcd.o
 .group         0x0000000000000000        0xc stm32_f103c6_drivers/lcd_driver/lcd.o
 .group         0x0000000000000000        0xc stm32_f103c6_drivers/lcd_driver/lcd.o
 .group         0x0000000000000000        0xc stm32_f103c6_drivers/lcd_driver/lcd.o
 .group         0x0000000000000000        0xc stm32_f103c6_drivers/lcd_driver/lcd.o
 .group         0x0000000000000000        0xc stm32_f103c6_drivers/lcd_driver/lcd.o
 .group         0x0000000000000000        0xc stm32_f103c6_drivers/lcd_driver/lcd.o
 .group         0x0000000000000000        0xc stm32_f103c6_drivers/lcd_driver/lcd.o
 .group         0x0000000000000000        0xc stm32_f103c6_drivers/lcd_driver/lcd.o
 .group         0x0000000000000000        0xc stm32_f103c6_drivers/lcd_driver/lcd.o
 .group         0x0000000000000000        0xc stm32_f103c6_drivers/lcd_driver/lcd.o
 .text          0x0000000000000000        0x0 stm32_f103c6_drivers/lcd_driver/lcd.o
 .data          0x0000000000000000        0x0 stm32_f103c6_drivers/lcd_driver/lcd.o
 .bss           0x0000000000000000        0x0 stm32_f103c6_drivers/lcd_driver/lcd.o
 .bss.i         0x0000000000000000        0x4 stm32_f103c6_drivers/lcd_driver/lcd.o
 .debug_macro   0x0000000000000000      0xa60 stm32_f103c6_drivers/lcd_driver/lcd.o
 .debug_macro   0x0000000000000000       0x18 stm32_f103c6_drivers/lcd_driver/lcd.o
 .debug_macro   0x0000000000000000       0x22 stm32_f103c6_drivers/lcd_driver/lcd.o
 .debug_macro   0x0000000000000000       0x40 stm32_f103c6_drivers/lcd_driver/lcd.o
 .debug_macro   0x0000000000000000       0x94 stm32_f103c6_drivers/lcd_driver/lcd.o
 .debug_macro   0x0000000000000000       0x3c stm32_f103c6_drivers/lcd_driver/lcd.o
 .debug_macro   0x0000000000000000       0x34 stm32_f103c6_drivers/lcd_driver/lcd.o
 .debug_macro   0x0000000000000000       0x16 stm32_f103c6_drivers/lcd_driver/lcd.o
 .debug_macro   0x0000000000000000      0x10e stm32_f103c6_drivers/lcd_driver/lcd.o
 .debug_macro   0x0000000000000000       0x8d stm32_f103c6_drivers/lcd_driver/lcd.o
 .debug_macro   0x0000000000000000       0x57 stm32_f103c6_drivers/lcd_driver/lcd.o
 .debug_macro   0x0000000000000000       0x52 stm32_f103c6_drivers/lcd_driver/lcd.o
 .debug_macro   0x0000000000000000       0x1f stm32_f103c6_drivers/lcd_driver/lcd.o
 .debug_macro   0x0000000000000000       0x43 stm32_f103c6_drivers/lcd_driver/lcd.o
 .debug_macro   0x0000000000000000       0x20 stm32_f103c6_drivers/lcd_driver/lcd.o
 .debug_macro   0x0000000000000000      0x1a3 stm32_f103c6_drivers/lcd_driver/lcd.o
 .debug_macro   0x0000000000000000      0x330 stm32_f103c6_drivers/lcd_driver/lcd.o
 .debug_macro   0x0000000000000000       0x16 stm32_f103c6_drivers/lcd_driver/lcd.o
 .debug_macro   0x0000000000000000       0x29 stm32_f103c6_drivers/lcd_driver/lcd.o
 .debug_macro   0x0000000000000000       0xef stm32_f103c6_drivers/lcd_driver/lcd.o
 .debug_macro   0x0000000000000000       0x6a stm32_f103c6_drivers/lcd_driver/lcd.o
 .debug_macro   0x0000000000000000      0x1df stm32_f103c6_drivers/lcd_driver/lcd.o
 .debug_macro   0x0000000000000000      0x1b0 stm32_f103c6_drivers/lcd_driver/lcd.o
 .debug_macro   0x0000000000000000       0xd0 stm32_f103c6_drivers/lcd_driver/lcd.o
 .group         0x0000000000000000        0xc stm32_f103c6_drivers/stm32_f103c6_EXTI.o
 .group         0x0000000000000000        0xc stm32_f103c6_drivers/stm32_f103c6_EXTI.o
 .group         0x0000000000000000        0xc stm32_f103c6_drivers/stm32_f103c6_EXTI.o
 .group         0x0000000000000000        0xc stm32_f103c6_drivers/stm32_f103c6_EXTI.o
 .group         0x0000000000000000        0xc stm32_f103c6_drivers/stm32_f103c6_EXTI.o
 .group         0x0000000000000000        0xc stm32_f103c6_drivers/stm32_f103c6_EXTI.o
 .group         0x0000000000000000        0xc stm32_f103c6_drivers/stm32_f103c6_EXTI.o
 .group         0x0000000000000000        0xc stm32_f103c6_drivers/stm32_f103c6_EXTI.o
 .group         0x0000000000000000        0xc stm32_f103c6_drivers/stm32_f103c6_EXTI.o
 .group         0x0000000000000000        0xc stm32_f103c6_drivers/stm32_f103c6_EXTI.o
 .group         0x0000000000000000        0xc stm32_f103c6_drivers/stm32_f103c6_EXTI.o
 .group         0x0000000000000000        0xc stm32_f103c6_drivers/stm32_f103c6_EXTI.o
 .group         0x0000000000000000        0xc stm32_f103c6_drivers/stm32_f103c6_EXTI.o
 .group         0x0000000000000000        0xc stm32_f103c6_drivers/stm32_f103c6_EXTI.o
 .group         0x0000000000000000        0xc stm32_f103c6_drivers/stm32_f103c6_EXTI.o
 .group         0x0000000000000000        0xc stm32_f103c6_drivers/stm32_f103c6_EXTI.o
 .group         0x0000000000000000        0xc stm32_f103c6_drivers/stm32_f103c6_EXTI.o
 .group         0x0000000000000000        0xc stm32_f103c6_drivers/stm32_f103c6_EXTI.o
 .group         0x0000000000000000        0xc stm32_f103c6_drivers/stm32_f103c6_EXTI.o
 .group         0x0000000000000000        0xc stm32_f103c6_drivers/stm32_f103c6_EXTI.o
 .group         0x0000000000000000        0xc stm32_f103c6_drivers/stm32_f103c6_EXTI.o
 .group         0x0000000000000000        0xc stm32_f103c6_drivers/stm32_f103c6_EXTI.o
 .group         0x0000000000000000        0xc stm32_f103c6_drivers/stm32_f103c6_EXTI.o
 .group         0x0000000000000000        0xc stm32_f103c6_drivers/stm32_f103c6_EXTI.o
 .group         0x0000000000000000        0xc stm32_f103c6_drivers/stm32_f103c6_EXTI.o
 .text          0x0000000000000000        0x0 stm32_f103c6_drivers/stm32_f103c6_EXTI.o
 .data          0x0000000000000000        0x0 stm32_f103c6_drivers/stm32_f103c6_EXTI.o
 .bss           0x0000000000000000        0x0 stm32_f103c6_drivers/stm32_f103c6_EXTI.o
 .text.MCAL_EXTI_GPIO_DeInit
                0x0000000000000000       0x94 stm32_f103c6_drivers/stm32_f103c6_EXTI.o
 .debug_macro   0x0000000000000000      0xa60 stm32_f103c6_drivers/stm32_f103c6_EXTI.o
 .debug_macro   0x0000000000000000       0x18 stm32_f103c6_drivers/stm32_f103c6_EXTI.o
 .debug_macro   0x0000000000000000       0x22 stm32_f103c6_drivers/stm32_f103c6_EXTI.o
 .debug_macro   0x0000000000000000       0x40 stm32_f103c6_drivers/stm32_f103c6_EXTI.o
 .debug_macro   0x0000000000000000       0x94 stm32_f103c6_drivers/stm32_f103c6_EXTI.o
 .debug_macro   0x0000000000000000       0x3c stm32_f103c6_drivers/stm32_f103c6_EXTI.o
 .debug_macro   0x0000000000000000       0x34 stm32_f103c6_drivers/stm32_f103c6_EXTI.o
 .debug_macro   0x0000000000000000       0x16 stm32_f103c6_drivers/stm32_f103c6_EXTI.o
 .debug_macro   0x0000000000000000      0x10e stm32_f103c6_drivers/stm32_f103c6_EXTI.o
 .debug_macro   0x0000000000000000       0x8d stm32_f103c6_drivers/stm32_f103c6_EXTI.o
 .debug_macro   0x0000000000000000       0x57 stm32_f103c6_drivers/stm32_f103c6_EXTI.o
 .debug_macro   0x0000000000000000       0x52 stm32_f103c6_drivers/stm32_f103c6_EXTI.o
 .debug_macro   0x0000000000000000       0x1f stm32_f103c6_drivers/stm32_f103c6_EXTI.o
 .debug_macro   0x0000000000000000       0x43 stm32_f103c6_drivers/stm32_f103c6_EXTI.o
 .debug_macro   0x0000000000000000       0x20 stm32_f103c6_drivers/stm32_f103c6_EXTI.o
 .debug_macro   0x0000000000000000      0x1a3 stm32_f103c6_drivers/stm32_f103c6_EXTI.o
 .debug_macro   0x0000000000000000      0x330 stm32_f103c6_drivers/stm32_f103c6_EXTI.o
 .debug_macro   0x0000000000000000       0x16 stm32_f103c6_drivers/stm32_f103c6_EXTI.o
 .debug_macro   0x0000000000000000       0x29 stm32_f103c6_drivers/stm32_f103c6_EXTI.o
 .debug_macro   0x0000000000000000       0xef stm32_f103c6_drivers/stm32_f103c6_EXTI.o
 .debug_macro   0x0000000000000000       0x6a stm32_f103c6_drivers/stm32_f103c6_EXTI.o
 .debug_macro   0x0000000000000000      0x1df stm32_f103c6_drivers/stm32_f103c6_EXTI.o
 .debug_macro   0x0000000000000000      0x1b0 stm32_f103c6_drivers/stm32_f103c6_EXTI.o
 .debug_macro   0x0000000000000000      0x21b stm32_f103c6_drivers/stm32_f103c6_EXTI.o
 .group         0x0000000000000000        0xc stm32_f103c6_drivers/stm32_f103c6_GPIO.o
 .group         0x0000000000000000        0xc stm32_f103c6_drivers/stm32_f103c6_GPIO.o
 .group         0x0000000000000000        0xc stm32_f103c6_drivers/stm32_f103c6_GPIO.o
 .group         0x0000000000000000        0xc stm32_f103c6_drivers/stm32_f103c6_GPIO.o
 .group         0x0000000000000000        0xc stm32_f103c6_drivers/stm32_f103c6_GPIO.o
 .group         0x0000000000000000        0xc stm32_f103c6_drivers/stm32_f103c6_GPIO.o
 .group         0x0000000000000000        0xc stm32_f103c6_drivers/stm32_f103c6_GPIO.o
 .group         0x0000000000000000        0xc stm32_f103c6_drivers/stm32_f103c6_GPIO.o
 .group         0x0000000000000000        0xc stm32_f103c6_drivers/stm32_f103c6_GPIO.o
 .group         0x0000000000000000        0xc stm32_f103c6_drivers/stm32_f103c6_GPIO.o
 .group         0x0000000000000000        0xc stm32_f103c6_drivers/stm32_f103c6_GPIO.o
 .group         0x0000000000000000        0xc stm32_f103c6_drivers/stm32_f103c6_GPIO.o
 .group         0x0000000000000000        0xc stm32_f103c6_drivers/stm32_f103c6_GPIO.o
 .group         0x0000000000000000        0xc stm32_f103c6_drivers/stm32_f103c6_GPIO.o
 .group         0x0000000000000000        0xc stm32_f103c6_drivers/stm32_f103c6_GPIO.o
 .group         0x0000000000000000        0xc stm32_f103c6_drivers/stm32_f103c6_GPIO.o
 .group         0x0000000000000000        0xc stm32_f103c6_drivers/stm32_f103c6_GPIO.o
 .group         0x0000000000000000        0xc stm32_f103c6_drivers/stm32_f103c6_GPIO.o
 .group         0x0000000000000000        0xc stm32_f103c6_drivers/stm32_f103c6_GPIO.o
 .group         0x0000000000000000        0xc stm32_f103c6_drivers/stm32_f103c6_GPIO.o
 .group         0x0000000000000000        0xc stm32_f103c6_drivers/stm32_f103c6_GPIO.o
 .group         0x0000000000000000        0xc stm32_f103c6_drivers/stm32_f103c6_GPIO.o
 .group         0x0000000000000000        0xc stm32_f103c6_drivers/stm32_f103c6_GPIO.o
 .group         0x0000000000000000        0xc stm32_f103c6_drivers/stm32_f103c6_GPIO.o
 .text          0x0000000000000000        0x0 stm32_f103c6_drivers/stm32_f103c6_GPIO.o
 .data          0x0000000000000000        0x0 stm32_f103c6_drivers/stm32_f103c6_GPIO.o
 .bss           0x0000000000000000        0x0 stm32_f103c6_drivers/stm32_f103c6_GPIO.o
 .text.MCAL_GPIO_DeInit
                0x0000000000000000       0xd4 stm32_f103c6_drivers/stm32_f103c6_GPIO.o
 .text.MCAL_GPIO_ReadPin
                0x0000000000000000       0x2e stm32_f103c6_drivers/stm32_f103c6_GPIO.o
 .text.MCAL_GPIO_ReadPort
                0x0000000000000000       0x18 stm32_f103c6_drivers/stm32_f103c6_GPIO.o
 .text.MCAL_GPIO_togglePin
                0x0000000000000000       0x22 stm32_f103c6_drivers/stm32_f103c6_GPIO.o
 .text.MCAL_GPIO_LockPin
                0x0000000000000000       0x4e stm32_f103c6_drivers/stm32_f103c6_GPIO.o
 .debug_macro   0x0000000000000000      0xa60 stm32_f103c6_drivers/stm32_f103c6_GPIO.o
 .debug_macro   0x0000000000000000       0x18 stm32_f103c6_drivers/stm32_f103c6_GPIO.o
 .debug_macro   0x0000000000000000       0x22 stm32_f103c6_drivers/stm32_f103c6_GPIO.o
 .debug_macro   0x0000000000000000       0x40 stm32_f103c6_drivers/stm32_f103c6_GPIO.o
 .debug_macro   0x0000000000000000       0x94 stm32_f103c6_drivers/stm32_f103c6_GPIO.o
 .debug_macro   0x0000000000000000       0x3c stm32_f103c6_drivers/stm32_f103c6_GPIO.o
 .debug_macro   0x0000000000000000       0x34 stm32_f103c6_drivers/stm32_f103c6_GPIO.o
 .debug_macro   0x0000000000000000       0x16 stm32_f103c6_drivers/stm32_f103c6_GPIO.o
 .debug_macro   0x0000000000000000      0x10e stm32_f103c6_drivers/stm32_f103c6_GPIO.o
 .debug_macro   0x0000000000000000       0x8d stm32_f103c6_drivers/stm32_f103c6_GPIO.o
 .debug_macro   0x0000000000000000       0x57 stm32_f103c6_drivers/stm32_f103c6_GPIO.o
 .debug_macro   0x0000000000000000       0x52 stm32_f103c6_drivers/stm32_f103c6_GPIO.o
 .debug_macro   0x0000000000000000       0x1f stm32_f103c6_drivers/stm32_f103c6_GPIO.o
 .debug_macro   0x0000000000000000       0x43 stm32_f103c6_drivers/stm32_f103c6_GPIO.o
 .debug_macro   0x0000000000000000       0x20 stm32_f103c6_drivers/stm32_f103c6_GPIO.o
 .debug_macro   0x0000000000000000      0x1a3 stm32_f103c6_drivers/stm32_f103c6_GPIO.o
 .debug_macro   0x0000000000000000      0x330 stm32_f103c6_drivers/stm32_f103c6_GPIO.o
 .debug_macro   0x0000000000000000       0x16 stm32_f103c6_drivers/stm32_f103c6_GPIO.o
 .debug_macro   0x0000000000000000       0x29 stm32_f103c6_drivers/stm32_f103c6_GPIO.o
 .debug_macro   0x0000000000000000       0xef stm32_f103c6_drivers/stm32_f103c6_GPIO.o
 .debug_macro   0x0000000000000000       0x6a stm32_f103c6_drivers/stm32_f103c6_GPIO.o
 .debug_macro   0x0000000000000000      0x1df stm32_f103c6_drivers/stm32_f103c6_GPIO.o
 .debug_macro   0x0000000000000000      0x1b0 stm32_f103c6_drivers/stm32_f103c6_GPIO.o
 .debug_macro   0x0000000000000000       0xd0 stm32_f103c6_drivers/stm32_f103c6_GPIO.o
 .text          0x0000000000000000        0x0 c:/st/stm32cubeide_1.4.0/stm32cubeide/plugins/com.st.stm32cube.ide.mcu.externaltools.gnu-tools-for-stm32.7-2018-q2-update.win32_1.4.0.202007081208/tools/bin/../lib/gcc/arm-none-eabi/7.3.1/../../../../arm-none-eabi/lib/thumb/v7-m\libc_nano.a(lib_a-errno.o)
 .data          0x0000000000000000        0x0 c:/st/stm32cubeide_1.4.0/stm32cubeide/plugins/com.st.stm32cube.ide.mcu.externaltools.gnu-tools-for-stm32.7-2018-q2-update.win32_1.4.0.202007081208/tools/bin/../lib/gcc/arm-none-eabi/7.3.1/../../../../arm-none-eabi/lib/thumb/v7-m\libc_nano.a(lib_a-errno.o)
 .bss           0x0000000000000000        0x0 c:/st/stm32cubeide_1.4.0/stm32cubeide/plugins/com.st.stm32cube.ide.mcu.externaltools.gnu-tools-for-stm32.7-2018-q2-update.win32_1.4.0.202007081208/tools/bin/../lib/gcc/arm-none-eabi/7.3.1/../../../../arm-none-eabi/lib/thumb/v7-m\libc_nano.a(lib_a-errno.o)
 .text.__errno  0x0000000000000000        0xc c:/st/stm32cubeide_1.4.0/stm32cubeide/plugins/com.st.stm32cube.ide.mcu.externaltools.gnu-tools-for-stm32.7-2018-q2-update.win32_1.4.0.202007081208/tools/bin/../lib/gcc/arm-none-eabi/7.3.1/../../../../arm-none-eabi/lib/thumb/v7-m\libc_nano.a(lib_a-errno.o)
 .debug_frame   0x0000000000000000       0x20 c:/st/stm32cubeide_1.4.0/stm32cubeide/plugins/com.st.stm32cube.ide.mcu.externaltools.gnu-tools-for-stm32.7-2018-q2-update.win32_1.4.0.202007081208/tools/bin/../lib/gcc/arm-none-eabi/7.3.1/../../../../arm-none-eabi/lib/thumb/v7-m\libc_nano.a(lib_a-errno.o)
 .ARM.attributes
                0x0000000000000000       0x2d c:/st/stm32cubeide_1.4.0/stm32cubeide/plugins/com.st.stm32cube.ide.mcu.externaltools.gnu-tools-for-stm32.7-2018-q2-update.win32_1.4.0.202007081208/tools/bin/../lib/gcc/arm-none-eabi/7.3.1/../../../../arm-none-eabi/lib/thumb/v7-m\libc_nano.a(lib_a-errno.o)
 .text          0x0000000000000000        0x0 c:/st/stm32cubeide_1.4.0/stm32cubeide/plugins/com.st.stm32cube.ide.mcu.externaltools.gnu-tools-for-stm32.7-2018-q2-update.win32_1.4.0.202007081208/tools/bin/../lib/gcc/arm-none-eabi/7.3.1/../../../../arm-none-eabi/lib/thumb/v7-m\libc_nano.a(lib_a-exit.o)
 .data          0x0000000000000000        0x0 c:/st/stm32cubeide_1.4.0/stm32cubeide/plugins/com.st.stm32cube.ide.mcu.externaltools.gnu-tools-for-stm32.7-2018-q2-update.win32_1.4.0.202007081208/tools/bin/../lib/gcc/arm-none-eabi/7.3.1/../../../../arm-none-eabi/lib/thumb/v7-m\libc_nano.a(lib_a-exit.o)
 .bss           0x0000000000000000        0x0 c:/st/stm32cubeide_1.4.0/stm32cubeide/plugins/com.st.stm32cube.ide.mcu.externaltools.gnu-tools-for-stm32.7-2018-q2-update.win32_1.4.0.202007081208/tools/bin/../lib/gcc/arm-none-eabi/7.3.1/../../../../arm-none-eabi/lib/thumb/v7-m\libc_nano.a(lib_a-exit.o)
 .text.exit     0x0000000000000000       0x28 c:/st/stm32cubeide_1.4.0/stm32cubeide/plugins/com.st.stm32cube.ide.mcu.externaltools.gnu-tools-for-stm32.7-2018-q2-update.win32_1.4.0.202007081208/tools/bin/../lib/gcc/arm-none-eabi/7.3.1/../../../../arm-none-eabi/lib/thumb/v7-m\libc_nano.a(lib_a-exit.o)
 .debug_frame   0x0000000000000000       0x28 c:/st/stm32cubeide_1.4.0/stm32cubeide/plugins/com.st.stm32cube.ide.mcu.externaltools.gnu-tools-for-stm32.7-2018-q2-update.win32_1.4.0.202007081208/tools/bin/../lib/gcc/arm-none-eabi/7.3.1/../../../../arm-none-eabi/lib/thumb/v7-m\libc_nano.a(lib_a-exit.o)
 .ARM.attributes
                0x0000000000000000       0x2d c:/st/stm32cubeide_1.4.0/stm32cubeide/plugins/com.st.stm32cube.ide.mcu.externaltools.gnu-tools-for-stm32.7-2018-q2-update.win32_1.4.0.202007081208/tools/bin/../lib/gcc/arm-none-eabi/7.3.1/../../../../arm-none-eabi/lib/thumb/v7-m\libc_nano.a(lib_a-exit.o)
 .text          0x0000000000000000        0x0 c:/st/stm32cubeide_1.4.0/stm32cubeide/plugins/com.st.stm32cube.ide.mcu.externaltools.gnu-tools-for-stm32.7-2018-q2-update.win32_1.4.0.202007081208/tools/bin/../lib/gcc/arm-none-eabi/7.3.1/../../../../arm-none-eabi/lib/thumb/v7-m\libc_nano.a(lib_a-impure.o)
 .data          0x0000000000000000        0x0 c:/st/stm32cubeide_1.4.0/stm32cubeide/plugins/com.st.stm32cube.ide.mcu.externaltools.gnu-tools-for-stm32.7-2018-q2-update.win32_1.4.0.202007081208/tools/bin/../lib/gcc/arm-none-eabi/7.3.1/../../../../arm-none-eabi/lib/thumb/v7-m\libc_nano.a(lib_a-impure.o)
 .bss           0x0000000000000000        0x0 c:/st/stm32cubeide_1.4.0/stm32cubeide/plugins/com.st.stm32cube.ide.mcu.externaltools.gnu-tools-for-stm32.7-2018-q2-update.win32_1.4.0.202007081208/tools/bin/../lib/gcc/arm-none-eabi/7.3.1/../../../../arm-none-eabi/lib/thumb/v7-m\libc_nano.a(lib_a-impure.o)
 .data._impure_ptr
                0x0000000000000000        0x4 c:/st/stm32cubeide_1.4.0/stm32cubeide/plugins/com.st.stm32cube.ide.mcu.externaltools.gnu-tools-for-stm32.7-2018-q2-update.win32_1.4.0.202007081208/tools/bin/../lib/gcc/arm-none-eabi/7.3.1/../../../../arm-none-eabi/lib/thumb/v7-m\libc_nano.a(lib_a-impure.o)
 .data.impure_data
                0x0000000000000000       0x60 c:/st/stm32cubeide_1.4.0/stm32cubeide/plugins/com.st.stm32cube.ide.mcu.externaltools.gnu-tools-for-stm32.7-2018-q2-update.win32_1.4.0.202007081208/tools/bin/../lib/gcc/arm-none-eabi/7.3.1/../../../../arm-none-eabi/lib/thumb/v7-m\libc_nano.a(lib_a-impure.o)
 .rodata._global_impure_ptr
                0x0000000000000000        0x4 c:/st/stm32cubeide_1.4.0/stm32cubeide/plugins/com.st.stm32cube.ide.mcu.externaltools.gnu-tools-for-stm32.7-2018-q2-update.win32_1.4.0.202007081208/tools/bin/../lib/gcc/arm-none-eabi/7.3.1/../../../../arm-none-eabi/lib/thumb/v7-m\libc_nano.a(lib_a-impure.o)
 .ARM.attributes
                0x0000000000000000       0x2d c:/st/stm32cubeide_1.4.0/stm32cubeide/plugins/com.st.stm32cube.ide.mcu.externaltools.gnu-tools-for-stm32.7-2018-q2-update.win32_1.4.0.202007081208/tools/bin/../lib/gcc/arm-none-eabi/7.3.1/../../../../arm-none-eabi/lib/thumb/v7-m\libc_nano.a(lib_a-impure.o)
 .text          0x0000000000000000        0x0 c:/st/stm32cubeide_1.4.0/stm32cubeide/plugins/com.st.stm32cube.ide.mcu.externaltools.gnu-tools-for-stm32.7-2018-q2-update.win32_1.4.0.202007081208/tools/bin/../lib/gcc/arm-none-eabi/7.3.1/../../../../arm-none-eabi/lib/thumb/v7-m\libc_nano.a(lib_a-init.o)
 .data          0x0000000000000000        0x0 c:/st/stm32cubeide_1.4.0/stm32cubeide/plugins/com.st.stm32cube.ide.mcu.externaltools.gnu-tools-for-stm32.7-2018-q2-update.win32_1.4.0.202007081208/tools/bin/../lib/gcc/arm-none-eabi/7.3.1/../../../../arm-none-eabi/lib/thumb/v7-m\libc_nano.a(lib_a-init.o)
 .bss           0x0000000000000000        0x0 c:/st/stm32cubeide_1.4.0/stm32cubeide/plugins/com.st.stm32cube.ide.mcu.externaltools.gnu-tools-for-stm32.7-2018-q2-update.win32_1.4.0.202007081208/tools/bin/../lib/gcc/arm-none-eabi/7.3.1/../../../../arm-none-eabi/lib/thumb/v7-m\libc_nano.a(lib_a-init.o)
 .text          0x0000000000000000        0x0 c:/st/stm32cubeide_1.4.0/stm32cubeide/plugins/com.st.stm32cube.ide.mcu.externaltools.gnu-tools-for-stm32.7-2018-q2-update.win32_1.4.0.202007081208/tools/bin/../lib/gcc/arm-none-eabi/7.3.1/../../../../arm-none-eabi/lib/thumb/v7-m\libc_nano.a(lib_a-memset.o)
 .data          0x0000000000000000        0x0 c:/st/stm32cubeide_1.4.0/stm32cubeide/plugins/com.st.stm32cube.ide.mcu.externaltools.gnu-tools-for-stm32.7-2018-q2-update.win32_1.4.0.202007081208/tools/bin/../lib/gcc/arm-none-eabi/7.3.1/../../../../arm-none-eabi/lib/thumb/v7-m\libc_nano.a(lib_a-memset.o)
 .bss           0x0000000000000000        0x0 c:/st/stm32cubeide_1.4.0/stm32cubeide/plugins/com.st.stm32cube.ide.mcu.externaltools.gnu-tools-for-stm32.7-2018-q2-update.win32_1.4.0.202007081208/tools/bin/../lib/gcc/arm-none-eabi/7.3.1/../../../../arm-none-eabi/lib/thumb/v7-m\libc_nano.a(lib_a-memset.o)
 .text.memset   0x0000000000000000       0x10 c:/st/stm32cubeide_1.4.0/stm32cubeide/plugins/com.st.stm32cube.ide.mcu.externaltools.gnu-tools-for-stm32.7-2018-q2-update.win32_1.4.0.202007081208/tools/bin/../lib/gcc/arm-none-eabi/7.3.1/../../../../arm-none-eabi/lib/thumb/v7-m\libc_nano.a(lib_a-memset.o)
 .debug_frame   0x0000000000000000       0x20 c:/st/stm32cubeide_1.4.0/stm32cubeide/plugins/com.st.stm32cube.ide.mcu.externaltools.gnu-tools-for-stm32.7-2018-q2-update.win32_1.4.0.202007081208/tools/bin/../lib/gcc/arm-none-eabi/7.3.1/../../../../arm-none-eabi/lib/thumb/v7-m\libc_nano.a(lib_a-memset.o)
 .ARM.attributes
                0x0000000000000000       0x2d c:/st/stm32cubeide_1.4.0/stm32cubeide/plugins/com.st.stm32cube.ide.mcu.externaltools.gnu-tools-for-stm32.7-2018-q2-update.win32_1.4.0.202007081208/tools/bin/../lib/gcc/arm-none-eabi/7.3.1/../../../../arm-none-eabi/lib/thumb/v7-m\libc_nano.a(lib_a-memset.o)
 .text          0x0000000000000000        0x0 c:/st/stm32cubeide_1.4.0/stm32cubeide/plugins/com.st.stm32cube.ide.mcu.externaltools.gnu-tools-for-stm32.7-2018-q2-update.win32_1.4.0.202007081208/tools/bin/../lib/gcc/arm-none-eabi/7.3.1/thumb/v7-m/crtend.o
 .data          0x0000000000000000        0x0 c:/st/stm32cubeide_1.4.0/stm32cubeide/plugins/com.st.stm32cube.ide.mcu.externaltools.gnu-tools-for-stm32.7-2018-q2-update.win32_1.4.0.202007081208/tools/bin/../lib/gcc/arm-none-eabi/7.3.1/thumb/v7-m/crtend.o
 .bss           0x0000000000000000        0x0 c:/st/stm32cubeide_1.4.0/stm32cubeide/plugins/com.st.stm32cube.ide.mcu.externaltools.gnu-tools-for-stm32.7-2018-q2-update.win32_1.4.0.202007081208/tools/bin/../lib/gcc/arm-none-eabi/7.3.1/thumb/v7-m/crtend.o
 .eh_frame      0x0000000000000000        0x4 c:/st/stm32cubeide_1.4.0/stm32cubeide/plugins/com.st.stm32cube.ide.mcu.externaltools.gnu-tools-for-stm32.7-2018-q2-update.win32_1.4.0.202007081208/tools/bin/../lib/gcc/arm-none-eabi/7.3.1/thumb/v7-m/crtend.o
 .ARM.attributes
                0x0000000000000000       0x2d c:/st/stm32cubeide_1.4.0/stm32cubeide/plugins/com.st.stm32cube.ide.mcu.externaltools.gnu-tools-for-stm32.7-2018-q2-update.win32_1.4.0.202007081208/tools/bin/../lib/gcc/arm-none-eabi/7.3.1/thumb/v7-m/crtend.o
 .text          0x0000000000000000        0x0 c:/st/stm32cubeide_1.4.0/stm32cubeide/plugins/com.st.stm32cube.ide.mcu.externaltools.gnu-tools-for-stm32.7-2018-q2-update.win32_1.4.0.202007081208/tools/bin/../lib/gcc/arm-none-eabi/7.3.1/thumb/v7-m/crtn.o
 .data          0x0000000000000000        0x0 c:/st/stm32cubeide_1.4.0/stm32cubeide/plugins/com.st.stm32cube.ide.mcu.externaltools.gnu-tools-for-stm32.7-2018-q2-update.win32_1.4.0.202007081208/tools/bin/../lib/gcc/arm-none-eabi/7.3.1/thumb/v7-m/crtn.o
 .bss           0x0000000000000000        0x0 c:/st/stm32cubeide_1.4.0/stm32cubeide/plugins/com.st.stm32cube.ide.mcu.externaltools.gnu-tools-for-stm32.7-2018-q2-update.win32_1.4.0.202007081208/tools/bin/../lib/gcc/arm-none-eabi/7.3.1/thumb/v7-m/crtn.o

Memory Configuration

Name             Origin             Length             Attributes
RAM              0x0000000020000000 0x0000000000002800 xrw
ROM              0x0000000008000000 0x0000000000008000 xr
*default*        0x0000000000000000 0xffffffffffffffff

Linker script and memory map

LOAD c:/st/stm32cubeide_1.4.0/stm32cubeide/plugins/com.st.stm32cube.ide.mcu.externaltools.gnu-tools-for-stm32.7-2018-q2-update.win32_1.4.0.202007081208/tools/bin/../lib/gcc/arm-none-eabi/7.3.1/thumb/v7-m/crti.o
LOAD c:/st/stm32cubeide_1.4.0/stm32cubeide/plugins/com.st.stm32cube.ide.mcu.externaltools.gnu-tools-for-stm32.7-2018-q2-update.win32_1.4.0.202007081208/tools/bin/../lib/gcc/arm-none-eabi/7.3.1/thumb/v7-m/crtbegin.o
LOAD c:/st/stm32cubeide_1.4.0/stm32cubeide/plugins/com.st.stm32cube.ide.mcu.externaltools.gnu-tools-for-stm32.7-2018-q2-update.win32_1.4.0.202007081208/tools/bin/../lib/gcc/arm-none-eabi/7.3.1/../../../../arm-none-eabi/lib/thumb/v7-m/crt0.o
LOAD Src/main.o
LOAD Src/syscalls.o
LOAD Src/sysmem.o
LOAD Startup/startup_stm32f103c6tx.o
LOAD stm32_f103c6_drivers/keypad_driver/keypad.o
LOAD stm32_f103c6_drivers/lcd_driver/lcd.o
LOAD stm32_f103c6_drivers/stm32_f103c6_EXTI.o
LOAD stm32_f103c6_drivers/stm32_f103c6_GPIO.o
START GROUP
LOAD c:/st/stm32cubeide_1.4.0/stm32cubeide/plugins/com.st.stm32cube.ide.mcu.externaltools.gnu-tools-for-stm32.7-2018-q2-update.win32_1.4.0.202007081208/tools/bin/../lib/gcc/arm-none-eabi/7.3.1/../../../../arm-none-eabi/lib/thumb/v7-m\libc_nano.a
LOAD c:/st/stm32cubeide_1.4.0/stm32cubeide/plugins/com.st.stm32cube.ide.mcu.externaltools.gnu-tools-for-stm32.7-2018-q2-update.win32_1.4.0.202007081208/tools/bin/../lib/gcc/arm-none-eabi/7.3.1/../../../../arm-none-eabi/lib/thumb/v7-m\libm.a
END GROUP
START GROUP
LOAD c:/st/stm32cubeide_1.4.0/stm32cubeide/plugins/com.st.stm32cube.ide.mcu.externaltools.gnu-tools-for-stm32.7-2018-q2-update.win32_1.4.0.202007081208/tools/bin/../lib/gcc/arm-none-eabi/7.3.1/thumb/v7-m\libgcc.a
LOAD c:/st/stm32cubeide_1.4.0/stm32cubeide/plugins/com.st.stm32cube.ide.mcu.externaltools.gnu-tools-for-stm32.7-2018-q2-update.win32_1.4.0.202007081208/tools/bin/../lib/gcc/arm-none-eabi/7.3.1/../../../../arm-none-eabi/lib/thumb/v7-m\libg_nano.a
LOAD c:/st/stm32cubeide_1.4.0/stm32cubeide/plugins/com.st.stm32cube.ide.mcu.externaltools.gnu-tools-for-stm32.7-2018-q2-update.win32_1.4.0.202007081208/tools/bin/../lib/gcc/arm-none-eabi/7.3.1/../../../../arm-none-eabi/lib/thumb/v7-m\libc_nano.a
END GROUP
START GROUP
LOAD c:/st/stm32cubeide_1.4.0/stm32cubeide/plugins/com.st.stm32cube.ide.mcu.externaltools.gnu-tools-for-stm32.7-2018-q2-update.win32_1.4.0.202007081208/tools/bin/../lib/gcc/arm-none-eabi/7.3.1/thumb/v7-m\libgcc.a
LOAD c:/st/stm32cubeide_1.4.0/stm32cubeide/plugins/com.st.stm32cube.ide.mcu.externaltools.gnu-tools-for-stm32.7-2018-q2-update.win32_1.4.0.202007081208/tools/bin/../lib/gcc/arm-none-eabi/7.3.1/../../../../arm-none-eabi/lib/thumb/v7-m\libc_nano.a
LOAD c:/st/stm32cubeide_1.4.0/stm32cubeide/plugins/com.st.stm32cube.ide.mcu.externaltools.gnu-tools-for-stm32.7-2018-q2-update.win32_1.4.0.202007081208/tools/bin/../lib/gcc/arm-none-eabi/7.3.1/../../../../arm-none-eabi/lib/thumb/v7-m\libnosys.a
END GROUP
START GROUP
LOAD c:/st/stm32cubeide_1.4.0/stm32cubeide/plugins/com.st.stm32cube.ide.mcu.externaltools.gnu-tools-for-stm32.7-2018-q2-update.win32_1.4.0.202007081208/tools/bin/../lib/gcc/arm-none-eabi/7.3.1/thumb/v7-m\libgcc.a
LOAD c:/st/stm32cubeide_1.4.0/stm32cubeide/plugins/com.st.stm32cube.ide.mcu.externaltools.gnu-tools-for-stm32.7-2018-q2-update.win32_1.4.0.202007081208/tools/bin/../lib/gcc/arm-none-eabi/7.3.1/../../../../arm-none-eabi/lib/thumb/v7-m\libc_nano.a
LOAD c:/st/stm32cubeide_1.4.0/stm32cubeide/plugins/com.st.stm32cube.ide.mcu.externaltools.gnu-tools-for-stm32.7-2018-q2-update.win32_1.4.0.202007081208/tools/bin/../lib/gcc/arm-none-eabi/7.3.1/../../../../arm-none-eabi/lib/thumb/v7-m\libnosys.a
END GROUP
LOAD c:/st/stm32cubeide_1.4.0/stm32cubeide/plugins/com.st.stm32cube.ide.mcu.externaltools.gnu-tools-for-stm32.7-2018-q2-update.win32_1.4.0.202007081208/tools/bin/../lib/gcc/arm-none-eabi/7.3.1/thumb/v7-m/crtend.o
LOAD c:/st/stm32cubeide_1.4.0/stm32cubeide/plugins/com.st.stm32cube.ide.mcu.externaltools.gnu-tools-for-stm32.7-2018-q2-update.win32_1.4.0.202007081208/tools/bin/../lib/gcc/arm-none-eabi/7.3.1/thumb/v7-m/crtn.o
                0x0000000020002800                _estack = (ORIGIN (RAM) + LENGTH (RAM))
                0x0000000000000200                _Min_Heap_Size = 0x200
                0x0000000000000400                _Min_Stack_Size = 0x400

.isr_vector     0x0000000008000000      0x130
                0x0000000008000000                . = ALIGN (0x4)
 *(.isr_vector)
 .isr_vector    0x0000000008000000      0x130 Startup/startup_stm32f103c6tx.o
                0x0000000008000000                g_pfnVectors
                0x0000000008000130                . = ALIGN (0x4)

.text           0x0000000008000130      0xcd8
                0x0000000008000130                . = ALIGN (0x4)
 *(.text)
 .text          0x0000000008000130       0x40 c:/st/stm32cubeide_1.4.0/stm32cubeide/plugins/com.st.stm32cube.ide.mcu.externaltools.gnu-tools-for-stm32.7-2018-q2-update.win32_1.4.0.202007081208/tools/bin/../lib/gcc/arm-none-eabi/7.3.1/thumb/v7-m/crtbegin.o
 *(.text*)
 .text.clock_init
                0x0000000008000170       0x34 Src/main.o
                0x0000000008000170                clock_init
 .text.EXTI9_Callback
                0x00000000080001a4       0x28 Src/main.o
                0x00000000080001a4                EXTI9_Callback
 .text.main     0x00000000080001cc       0x7c Src/main.o
                0x00000000080001cc                main
 .text.Reset_Handler
                0x0000000008000248       0x50 Startup/startup_stm32f103c6tx.o
                0x0000000008000248                Reset_Handler
 .text.Default_Handler
                0x0000000008000298        0x2 Startup/startup_stm32f103c6tx.o
                0x0000000008000298                TIM8_TRG_COM_IRQHandler
                0x0000000008000298                TIM8_CC_IRQHandler
                0x0000000008000298                DebugMon_Handler
                0x0000000008000298                TIM1_CC_IRQHandler
                0x0000000008000298                HardFault_Handler
                0x0000000008000298                TIM6_IRQHandler
                0x0000000008000298                SysTick_Handler
                0x0000000008000298                PVD_IRQHandler
                0x0000000008000298                SDIO_IRQHandler
                0x0000000008000298                PendSV_Handler
                0x0000000008000298                NMI_Handler
                0x0000000008000298                USB_HP_CAN_TX_IRQHandler
                0x0000000008000298                I2C2_EV_IRQHandler
                0x0000000008000298                UsageFault_Handler
                0x0000000008000298                ADC1_2_IRQHandler
                0x0000000008000298                SPI1_IRQHandler
                0x0000000008000298                CAN_SCE_IRQHandler
                0x0000000008000298                TAMPER_IRQHandler
                0x0000000008000298                TIM8_UP_IRQHandler
                0x0000000008000298                DMA2_Channel2_IRQHandler
                0x0000000008000298                DMA1_Channel4_IRQHandler
                0x0000000008000298                USART3_IRQHandler
                0x0000000008000298                RTC_IRQHandler
                0x0000000008000298                DMA1_Channel7_IRQHandler
                0x0000000008000298                UART5_IRQHandler
                0x0000000008000298                ADC3_IRQHandler
                0x0000000008000298                TIM4_IRQHandler
                0x0000000008000298                CAN_RX1_IRQHandler
                0x0000000008000298                DMA2_Channel1_IRQHandler
                0x0000000008000298                I2C1_EV_IRQHandler
                0x0000000008000298                DMA1_Channel6_IRQHandler
                0x0000000008000298                UART4_IRQHandler
                0x0000000008000298                TIM3_IRQHandler
                0x0000000008000298                RCC_IRQHandler
                0x0000000008000298                TIM1_TRG_COM_IRQHandler
                0x0000000008000298                DMA1_Channel1_IRQHandler
                0x0000000008000298                Default_Handler
                0x0000000008000298                TIM7_IRQHandler
                0x0000000008000298                TIM5_IRQHandler
                0x0000000008000298                SPI2_IRQHandler
                0x0000000008000298                USB_LP_CAN_RX0_IRQHandler
                0x0000000008000298                MemManage_Handler
                0x0000000008000298                SVC_Handler
                0x0000000008000298                DMA1_Channel5_IRQHandler
                0x0000000008000298                DMA1_Channel3_IRQHandler
                0x0000000008000298                FSMC_IRQHandler
                0x0000000008000298                TIM1_UP_IRQHandler
                0x0000000008000298                WWDG_IRQHandler
                0x0000000008000298                TIM2_IRQHandler
                0x0000000008000298                TIM1_BRK_IRQHandler
                0x0000000008000298                RTCAlarm_IRQHandler
                0x0000000008000298                DMA2_Channel4_5_IRQHandler
                0x0000000008000298                USART2_IRQHandler
                0x0000000008000298                I2C2_ER_IRQHandler
                0x0000000008000298                DMA1_Channel2_IRQHandler
                0x0000000008000298                TIM8_BRK_IRQHandler
                0x0000000008000298                FLASH_IRQHandler
                0x0000000008000298                BusFault_Handler
                0x0000000008000298                USART1_IRQHandler
                0x0000000008000298                SPI3_IRQHandler
                0x0000000008000298                I2C1_ER_IRQHandler
                0x0000000008000298                DMA2_Channel3_IRQHandler
 *fill*         0x000000000800029a        0x2 
 .text.KEYPAD_INIT
                0x000000000800029c       0x88 stm32_f103c6_drivers/keypad_driver/keypad.o
                0x000000000800029c                KEYPAD_INIT
 .text.LCD_clear_screen
                0x0000000008000324        0xe stm32_f103c6_drivers/lcd_driver/lcd.o
                0x0000000008000324                LCD_clear_screen
 *fill*         0x0000000008000332        0x2 
 .text.LCD_lcd_kick
                0x0000000008000334       0x2c stm32_f103c6_drivers/lcd_driver/lcd.o
                0x0000000008000334                LCD_lcd_kick
 .text.LCD_GOTO_XY
                0x0000000008000360       0x48 stm32_f103c6_drivers/lcd_driver/lcd.o
                0x0000000008000360                LCD_GOTO_XY
 .text.LCD_INIT
                0x00000000080003a8       0xb0 stm32_f103c6_drivers/lcd_driver/lcd.o
                0x00000000080003a8                LCD_INIT
 .text.LCD_check_lcd_isbusy
                0x0000000008000458       0xa0 stm32_f103c6_drivers/lcd_driver/lcd.o
                0x0000000008000458                LCD_check_lcd_isbusy
 .text.LCD_WRITE_COMMAND
                0x00000000080004f8       0x48 stm32_f103c6_drivers/lcd_driver/lcd.o
                0x00000000080004f8                LCD_WRITE_COMMAND
 .text.LCD_WRITE_CHAR
                0x0000000008000540       0x48 stm32_f103c6_drivers/lcd_driver/lcd.o
                0x0000000008000540                LCD_WRITE_CHAR
 .text.LCD_WRITE_STRING
                0x0000000008000588       0x58 stm32_f103c6_drivers/lcd_driver/lcd.o
                0x0000000008000588                LCD_WRITE_STRING
 .text.my_wait_ms
                0x00000000080005e0       0x38 stm32_f103c6_drivers/lcd_driver/lcd.o
                0x00000000080005e0                my_wait_ms
 .text.EXTI_UPDATE
                0x0000000008000618      0x1b8 stm32_f103c6_drivers/stm32_f103c6_EXTI.o
                0x0000000008000618                EXTI_UPDATE
 .text.MCAL_EXTI_GPIO_Init
                0x00000000080007d0       0x16 stm32_f103c6_drivers/stm32_f103c6_EXTI.o
                0x00000000080007d0                MCAL_EXTI_GPIO_Init
 *fill*         0x00000000080007e6        0x2 
 .text.EXTI0_IRQHandler
                0x00000000080007e8       0x24 stm32_f103c6_drivers/stm32_f103c6_EXTI.o
                0x00000000080007e8                EXTI0_IRQHandler
 .text.EXTI1_IRQHandler
                0x000000000800080c       0x24 stm32_f103c6_drivers/stm32_f103c6_EXTI.o
                0x000000000800080c                EXTI1_IRQHandler
 .text.EXTI2_IRQHandler
                0x0000000008000830       0x24 stm32_f103c6_drivers/stm32_f103c6_EXTI.o
                0x0000000008000830                EXTI2_IRQHandler
 .text.EXTI3_IRQHandler
                0x0000000008000854       0x24 stm32_f103c6_drivers/stm32_f103c6_EXTI.o
                0x0000000008000854                EXTI3_IRQHandler
 .text.EXTI4_IRQHandler
                0x0000000008000878       0x24 stm32_f103c6_drivers/stm32_f103c6_EXTI.o
                0x0000000008000878                EXTI4_IRQHandler
 .text.EXTI9_5_IRQHandler
                0x000000000800089c       0xa8 stm32_f103c6_drivers/stm32_f103c6_EXTI.o
                0x000000000800089c                EXTI9_5_IRQHandler
 .text.EXTI15_10_IRQHandler
                0x0000000008000944       0xc4 stm32_f103c6_drivers/stm32_f103c6_EXTI.o
                0x0000000008000944                EXTI15_10_IRQHandler
 .text.enable_NVIC
                0x0000000008000a08       0xcc stm32_f103c6_drivers/stm32_f103c6_EXTI.o
                0x0000000008000a08                enable_NVIC
 .text.disable_NVIC
                0x0000000008000ad4       0xcc stm32_f103c6_drivers/stm32_f103c6_EXTI.o
                0x0000000008000ad4                disable_NVIC
 .text.GET_CRL_Position
                0x0000000008000ba0       0xc6 stm32_f103c6_drivers/stm32_f103c6_GPIO.o
                0x0000000008000ba0                GET_CRL_Position
 .text.MCAL_GPIO_Init
                0x0000000008000c66       0xf8 stm32_f103c6_drivers/stm32_f103c6_GPIO.o
                0x0000000008000c66                MCAL_GPIO_Init
 .text.MCAL_GPIO_WritePin
                0x0000000008000d5e       0x2e stm32_f103c6_drivers/stm32_f103c6_GPIO.o
                0x0000000008000d5e                MCAL_GPIO_WritePin
 .text.MCAL_GPIO_WritePort
                0x0000000008000d8c       0x1c stm32_f103c6_drivers/stm32_f103c6_GPIO.o
                0x0000000008000d8c                MCAL_GPIO_WritePort
 .text.__libc_init_array
                0x0000000008000da8       0x48 c:/st/stm32cubeide_1.4.0/stm32cubeide/plugins/com.st.stm32cube.ide.mcu.externaltools.gnu-tools-for-stm32.7-2018-q2-update.win32_1.4.0.202007081208/tools/bin/../lib/gcc/arm-none-eabi/7.3.1/../../../../arm-none-eabi/lib/thumb/v7-m\libc_nano.a(lib_a-init.o)
                0x0000000008000da8                __libc_init_array
 *(.glue_7)
 .glue_7        0x0000000008000df0        0x0 linker stubs
 *(.glue_7t)
 .glue_7t       0x0000000008000df0        0x0 linker stubs
 *(.eh_frame)
 .eh_frame      0x0000000008000df0        0x0 c:/st/stm32cubeide_1.4.0/stm32cubeide/plugins/com.st.stm32cube.ide.mcu.externaltools.gnu-tools-for-stm32.7-2018-q2-update.win32_1.4.0.202007081208/tools/bin/../lib/gcc/arm-none-eabi/7.3.1/thumb/v7-m/crtbegin.o
 *(.init)
 .init          0x0000000008000df0        0x4 c:/st/stm32cubeide_1.4.0/stm32cubeide/plugins/com.st.stm32cube.ide.mcu.externaltools.gnu-tools-for-stm32.7-2018-q2-update.win32_1.4.0.202007081208/tools/bin/../lib/gcc/arm-none-eabi/7.3.1/thumb/v7-m/crti.o
                0x0000000008000df0                _init
 .init          0x0000000008000df4        0x8 c:/st/stm32cubeide_1.4.0/stm32cubeide/plugins/com.st.stm32cube.ide.mcu.externaltools.gnu-tools-for-stm32.7-2018-q2-update.win32_1.4.0.202007081208/tools/bin/../lib/gcc/arm-none-eabi/7.3.1/thumb/v7-m/crtn.o
 *(.fini)
 .fini          0x0000000008000dfc        0x4 c:/st/stm32cubeide_1.4.0/stm32cubeide/plugins/com.st.stm32cube.ide.mcu.externaltools.gnu-tools-for-stm32.7-2018-q2-update.win32_1.4.0.202007081208/tools/bin/../lib/gcc/arm-none-eabi/7.3.1/thumb/v7-m/crti.o
                0x0000000008000dfc                _fini
 .fini          0x0000000008000e00        0x8 c:/st/stm32cubeide_1.4.0/stm32cubeide/plugins/com.st.stm32cube.ide.mcu.externaltools.gnu-tools-for-stm32.7-2018-q2-update.win32_1.4.0.202007081208/tools/bin/../lib/gcc/arm-none-eabi/7.3.1/thumb/v7-m/crtn.o
                0x0000000008000e08                . = ALIGN (0x4)
                0x0000000008000e08                _etext = .

.vfp11_veneer   0x0000000008000e08        0x0
 .vfp11_veneer  0x0000000008000e08        0x0 linker stubs

.v4_bx          0x0000000008000e08        0x0
 .v4_bx         0x0000000008000e08        0x0 linker stubs

.iplt           0x0000000008000e08        0x0
 .iplt          0x0000000008000e08        0x0 c:/st/stm32cubeide_1.4.0/stm32cubeide/plugins/com.st.stm32cube.ide.mcu.externaltools.gnu-tools-for-stm32.7-2018-q2-update.win32_1.4.0.202007081208/tools/bin/../lib/gcc/arm-none-eabi/7.3.1/thumb/v7-m/crtbegin.o

.rodata         0x0000000008000e08       0x34
                0x0000000008000e08                . = ALIGN (0x4)
 *(.rodata)
 .rodata        0x0000000008000e08       0x34 Src/main.o
 *(.rodata*)
                0x0000000008000e3c                . = ALIGN (0x4)

.rel.dyn        0x0000000008000e3c        0x0
 .rel.iplt      0x0000000008000e3c        0x0 c:/st/stm32cubeide_1.4.0/stm32cubeide/plugins/com.st.stm32cube.ide.mcu.externaltools.gnu-tools-for-stm32.7-2018-q2-update.win32_1.4.0.202007081208/tools/bin/../lib/gcc/arm-none-eabi/7.3.1/thumb/v7-m/crtbegin.o

.ARM.extab      0x0000000008000e3c        0x0
                0x0000000008000e3c                . = ALIGN (0x4)
 *(.ARM.extab* .gnu.linkonce.armextab.*)
                0x0000000008000e3c                . = ALIGN (0x4)

.ARM            0x0000000008000e3c        0x0
                0x0000000008000e3c                . = ALIGN (0x4)
                0x0000000008000e3c                __exidx_start = .
 *(.ARM.exidx*)
                0x0000000008000e3c                __exidx_end = .
                0x0000000008000e3c                . = ALIGN (0x4)

.preinit_array  0x0000000008000e3c        0x0
                0x0000000008000e3c                . = ALIGN (0x4)
                0x0000000008000e3c                PROVIDE (__preinit_array_start = .)
 *(.preinit_array*)
                0x0000000008000e3c                PROVIDE (__preinit_array_end = .)
                0x0000000008000e3c                . = ALIGN (0x4)

.init_array     0x0000000008000e3c        0x4
                0x0000000008000e3c                . = ALIGN (0x4)
                0x0000000008000e3c                PROVIDE (__init_array_start = .)
 *(SORT_BY_NAME(.init_array.*))
 *(.init_array*)
 .init_array    0x0000000008000e3c        0x4 c:/st/stm32cubeide_1.4.0/stm32cubeide/plugins/com.st.stm32cube.ide.mcu.externaltools.gnu-tools-for-stm32.7-2018-q2-update.win32_1.4.0.202007081208/tools/bin/../lib/gcc/arm-none-eabi/7.3.1/thumb/v7-m/crtbegin.o
                0x0000000008000e40                PROVIDE (__init_array_end = .)
                0x0000000008000e40                . = ALIGN (0x4)

.fini_array     0x0000000008000e40        0x4
                0x0000000008000e40                . = ALIGN (0x4)
                [!provide]                        PROVIDE (__fini_array_start = .)
 *(SORT_BY_NAME(.fini_array.*))
 *(.fini_array*)
 .fini_array    0x0000000008000e40        0x4 c:/st/stm32cubeide_1.4.0/stm32cubeide/plugins/com.st.stm32cube.ide.mcu.externaltools.gnu-tools-for-stm32.7-2018-q2-update.win32_1.4.0.202007081208/tools/bin/../lib/gcc/arm-none-eabi/7.3.1/thumb/v7-m/crtbegin.o
                [!provide]                        PROVIDE (__fini_array_end = .)
                0x0000000008000e44                . = ALIGN (0x4)
                0x0000000008000e44                _sidata = LOADADDR (.data)

.data           0x0000000020000000       0x40 load address 0x0000000008000e44
                0x0000000020000000                . = ALIGN (0x4)
                0x0000000020000000                _sdata = .
 *(.data)
 *(.data*)
 .data.Keypad_r
                0x0000000020000000       0x10 stm32_f103c6_drivers/keypad_driver/keypad.o
                0x0000000020000000                Keypad_r
 .data.Keypad_c
                0x0000000020000010       0x10 stm32_f103c6_drivers/keypad_driver/keypad.o
                0x0000000020000010                Keypad_c
 .data.GPIO_PINS
                0x0000000020000020       0x20 stm32_f103c6_drivers/lcd_driver/lcd.o
                0x0000000020000020                GPIO_PINS
                0x0000000020000040                . = ALIGN (0x4)
                0x0000000020000040                _edata = .

.igot.plt       0x0000000020000040        0x0 load address 0x0000000008000e84
 .igot.plt      0x0000000020000040        0x0 c:/st/stm32cubeide_1.4.0/stm32cubeide/plugins/com.st.stm32cube.ide.mcu.externaltools.gnu-tools-for-stm32.7-2018-q2-update.win32_1.4.0.202007081208/tools/bin/../lib/gcc/arm-none-eabi/7.3.1/thumb/v7-m/crtbegin.o
                0x0000000020000040                . = ALIGN (0x4)

.bss            0x0000000020000040       0x60 load address 0x0000000008000e84
                0x0000000020000040                _sbss = .
                0x0000000020000040                __bss_start__ = _sbss
 *(.bss)
 .bss           0x0000000020000040       0x1c c:/st/stm32cubeide_1.4.0/stm32cubeide/plugins/com.st.stm32cube.ide.mcu.externaltools.gnu-tools-for-stm32.7-2018-q2-update.win32_1.4.0.202007081208/tools/bin/../lib/gcc/arm-none-eabi/7.3.1/thumb/v7-m/crtbegin.o
 *(.bss*)
 *(COMMON)
 COMMON         0x000000002000005c        0x4 Src/main.o
                0x000000002000005c                flag
 COMMON         0x0000000020000060        0x4 stm32_f103c6_drivers/keypad_driver/keypad.o
                0x0000000020000060                Pincfg
 COMMON         0x0000000020000064       0x3c stm32_f103c6_drivers/stm32_f103c6_EXTI.o
                0x0000000020000064                Gp_IRQ_Callback
                0x00000000200000a0                . = ALIGN (0x4)
                0x00000000200000a0                _ebss = .
                0x00000000200000a0                __bss_end__ = _ebss

._user_heap_stack
                0x00000000200000a0      0x600 load address 0x0000000008000e84
                0x00000000200000a0                . = ALIGN (0x8)
                [!provide]                        PROVIDE (end = .)
                0x00000000200000a0                PROVIDE (_end = .)
                0x00000000200002a0                . = (. + _Min_Heap_Size)
 *fill*         0x00000000200000a0      0x200 
                0x00000000200006a0                . = (. + _Min_Stack_Size)
 *fill*         0x00000000200002a0      0x400 
                0x00000000200006a0                . = ALIGN (0x8)

/DISCARD/
 libc.a(*)
 libm.a(*)
 libgcc.a(*)

.ARM.attributes
                0x0000000000000000       0x29
 *(.ARM.attributes)
 .ARM.attributes
                0x0000000000000000       0x1d c:/st/stm32cubeide_1.4.0/stm32cubeide/plugins/com.st.stm32cube.ide.mcu.externaltools.gnu-tools-for-stm32.7-2018-q2-update.win32_1.4.0.202007081208/tools/bin/../lib/gcc/arm-none-eabi/7.3.1/thumb/v7-m/crti.o
 .ARM.attributes
                0x000000000000001d       0x2d c:/st/stm32cubeide_1.4.0/stm32cubeide/plugins/com.st.stm32cube.ide.mcu.externaltools.gnu-tools-for-stm32.7-2018-q2-update.win32_1.4.0.202007081208/tools/bin/../lib/gcc/arm-none-eabi/7.3.1/thumb/v7-m/crtbegin.o
 .ARM.attributes
                0x000000000000004a       0x33 Src/main.o
 .ARM.attributes
                0x000000000000007d       0x21 Startup/startup_stm32f103c6tx.o
 .ARM.attributes
                0x000000000000009e       0x33 stm32_f103c6_drivers/keypad_driver/keypad.o
 .ARM.attributes
                0x00000000000000d1       0x33 stm32_f103c6_drivers/lcd_driver/lcd.o
 .ARM.attributes
                0x0000000000000104       0x33 stm32_f103c6_drivers/stm32_f103c6_EXTI.o
 .ARM.attributes
                0x0000000000000137       0x33 stm32_f103c6_drivers/stm32_f103c6_GPIO.o
 .ARM.attributes
                0x000000000000016a       0x2d c:/st/stm32cubeide_1.4.0/stm32cubeide/plugins/com.st.stm32cube.ide.mcu.externaltools.gnu-tools-for-stm32.7-2018-q2-update.win32_1.4.0.202007081208/tools/bin/../lib/gcc/arm-none-eabi/7.3.1/../../../../arm-none-eabi/lib/thumb/v7-m\libc_nano.a(lib_a-init.o)
 .ARM.attributes
                0x0000000000000197       0x1d c:/st/stm32cubeide_1.4.0/stm32cubeide/plugins/com.st.stm32cube.ide.mcu.externaltools.gnu-tools-for-stm32.7-2018-q2-update.win32_1.4.0.202007081208/tools/bin/../lib/gcc/arm-none-eabi/7.3.1/thumb/v7-m/crtn.o
OUTPUT(DRIVERS.elf elf32-littlearm)

.debug_info     0x0000000000000000     0x3e99
 .debug_info    0x0000000000000000      0xbe1 Src/main.o
 .debug_info    0x0000000000000be1       0x22 Startup/startup_stm32f103c6tx.o
 .debug_info    0x0000000000000c03      0xb17 stm32_f103c6_drivers/keypad_driver/keypad.o
 .debug_info    0x000000000000171a      0xc62 stm32_f103c6_drivers/lcd_driver/lcd.o
 .debug_info    0x000000000000237c      0xdc4 stm32_f103c6_drivers/stm32_f103c6_EXTI.o
 .debug_info    0x0000000000003140      0xd59 stm32_f103c6_drivers/stm32_f103c6_GPIO.o

.debug_abbrev   0x0000000000000000      0xa22
 .debug_abbrev  0x0000000000000000      0x1be Src/main.o
 .debug_abbrev  0x00000000000001be       0x12 Startup/startup_stm32f103c6tx.o
 .debug_abbrev  0x00000000000001d0      0x1a6 stm32_f103c6_drivers/keypad_driver/keypad.o
 .debug_abbrev  0x0000000000000376      0x242 stm32_f103c6_drivers/lcd_driver/lcd.o
 .debug_abbrev  0x00000000000005b8      0x238 stm32_f103c6_drivers/stm32_f103c6_EXTI.o
 .debug_abbrev  0x00000000000007f0      0x232 stm32_f103c6_drivers/stm32_f103c6_GPIO.o

.debug_loc      0x0000000000000000      0x9dc
 .debug_loc     0x0000000000000000       0xa8 Src/main.o
 .debug_loc     0x00000000000000a8       0xa0 stm32_f103c6_drivers/keypad_driver/keypad.o
 .debug_loc     0x0000000000000148      0x294 stm32_f103c6_drivers/lcd_driver/lcd.o
 .debug_loc     0x00000000000003dc      0x2d0 stm32_f103c6_drivers/stm32_f103c6_EXTI.o
 .debug_loc     0x00000000000006ac      0x330 stm32_f103c6_drivers/stm32_f103c6_GPIO.o

.debug_aranges  0x0000000000000000      0x1b8
 .debug_aranges
                0x0000000000000000       0x30 Src/main.o
 .debug_aranges
                0x0000000000000030       0x28 Startup/startup_stm32f103c6tx.o
 .debug_aranges
                0x0000000000000058       0x28 stm32_f103c6_drivers/keypad_driver/keypad.o
 .debug_aranges
                0x0000000000000080       0x60 stm32_f103c6_drivers/lcd_driver/lcd.o
 .debug_aranges
                0x00000000000000e0       0x78 stm32_f103c6_drivers/stm32_f103c6_EXTI.o
 .debug_aranges
                0x0000000000000158       0x60 stm32_f103c6_drivers/stm32_f103c6_GPIO.o

.debug_ranges   0x0000000000000000      0x160
 .debug_ranges  0x0000000000000000       0x20 Src/main.o
 .debug_ranges  0x0000000000000020       0x20 Startup/startup_stm32f103c6tx.o
 .debug_ranges  0x0000000000000040       0x18 stm32_f103c6_drivers/keypad_driver/keypad.o
 .debug_ranges  0x0000000000000058       0x50 stm32_f103c6_drivers/lcd_driver/lcd.o
 .debug_ranges  0x00000000000000a8       0x68 stm32_f103c6_drivers/stm32_f103c6_EXTI.o
 .debug_ranges  0x0000000000000110       0x50 stm32_f103c6_drivers/stm32_f103c6_GPIO.o

.debug_macro    0x0000000000000000     0x24d6
 .debug_macro   0x0000000000000000      0x168 Src/main.o
 .debug_macro   0x0000000000000168      0xa60 Src/main.o
 .debug_macro   0x0000000000000bc8       0x18 Src/main.o
 .debug_macro   0x0000000000000be0       0x22 Src/main.o
 .debug_macro   0x0000000000000c02       0x40 Src/main.o
 .debug_macro   0x0000000000000c42       0x94 Src/main.o
 .debug_macro   0x0000000000000cd6       0x3c Src/main.o
 .debug_macro   0x0000000000000d12       0x34 Src/main.o
 .debug_macro   0x0000000000000d46       0x16 Src/main.o
 .debug_macro   0x0000000000000d5c      0x10e Src/main.o
 .debug_macro   0x0000000000000e6a       0x8d Src/main.o
 .debug_macro   0x0000000000000ef7       0x57 Src/main.o
 .debug_macro   0x0000000000000f4e       0x52 Src/main.o
 .debug_macro   0x0000000000000fa0       0x1f Src/main.o
 .debug_macro   0x0000000000000fbf       0x43 Src/main.o
 .debug_macro   0x0000000000001002       0x20 Src/main.o
 .debug_macro   0x0000000000001022      0x1a3 Src/main.o
 .debug_macro   0x00000000000011c5      0x330 Src/main.o
 .debug_macro   0x00000000000014f5       0x16 Src/main.o
 .debug_macro   0x000000000000150b       0x29 Src/main.o
 .debug_macro   0x0000000000001534       0xef Src/main.o
 .debug_macro   0x0000000000001623       0x6a Src/main.o
 .debug_macro   0x000000000000168d      0x1df Src/main.o
 .debug_macro   0x000000000000186c      0x1b0 Src/main.o
 .debug_macro   0x0000000000001a1c       0xd0 Src/main.o
 .debug_macro   0x0000000000001aec       0xa6 Src/main.o
 .debug_macro   0x0000000000001b92       0x46 Src/main.o
 .debug_macro   0x0000000000001bd8      0x21b Src/main.o
 .debug_macro   0x0000000000001df3      0x14e stm32_f103c6_drivers/keypad_driver/keypad.o
 .debug_macro   0x0000000000001f41       0x40 stm32_f103c6_drivers/keypad_driver/keypad.o
 .debug_macro   0x0000000000001f81      0x14e stm32_f103c6_drivers/lcd_driver/lcd.o
 .debug_macro   0x00000000000020cf       0xa0 stm32_f103c6_drivers/lcd_driver/lcd.o
 .debug_macro   0x000000000000216f      0x152 stm32_f103c6_drivers/stm32_f103c6_EXTI.o
 .debug_macro   0x00000000000022c1       0xd6 stm32_f103c6_drivers/stm32_f103c6_EXTI.o
 .debug_macro   0x0000000000002397      0x13f stm32_f103c6_drivers/stm32_f103c6_GPIO.o

.debug_line     0x0000000000000000     0x20de
 .debug_line    0x0000000000000000      0x61a Src/main.o
 .debug_line    0x000000000000061a       0x84 Startup/startup_stm32f103c6tx.o
 .debug_line    0x000000000000069e      0x656 stm32_f103c6_drivers/keypad_driver/keypad.o
 .debug_line    0x0000000000000cf4      0x678 stm32_f103c6_drivers/lcd_driver/lcd.o
 .debug_line    0x000000000000136c      0x700 stm32_f103c6_drivers/stm32_f103c6_EXTI.o
 .debug_line    0x0000000000001a6c      0x672 stm32_f103c6_drivers/stm32_f103c6_GPIO.o

.debug_str      0x0000000000000000     0x94a6
 .debug_str     0x0000000000000000     0x9007 Src/main.o
                                       0x9268 (size before relaxing)
 .debug_str     0x0000000000009007       0x31 Startup/startup_stm32f103c6tx.o
                                         0x58 (size before relaxing)
 .debug_str     0x0000000000009038       0x9f stm32_f103c6_drivers/keypad_driver/keypad.o
                                       0x7ccb (size before relaxing)
 .debug_str     0x00000000000090d7       0xd6 stm32_f103c6_drivers/lcd_driver/lcd.o
                                       0x7f34 (size before relaxing)
 .debug_str     0x00000000000091ad      0x1de stm32_f103c6_drivers/stm32_f103c6_EXTI.o
                                       0x9104 (size before relaxing)
 .debug_str     0x000000000000938b      0x11b stm32_f103c6_drivers/stm32_f103c6_GPIO.o
                                       0x7d3e (size before relaxing)

.comment        0x0000000000000000       0x7b
 .comment       0x0000000000000000       0x7b Src/main.o
                                         0x7c (size before relaxing)
 .comment       0x000000000000007b       0x7c stm32_f103c6_drivers/keypad_driver/keypad.o
 .comment       0x000000000000007b       0x7c stm32_f103c6_drivers/lcd_driver/lcd.o
 .comment       0x000000000000007b       0x7c stm32_f103c6_drivers/stm32_f103c6_EXTI.o
 .comment       0x000000000000007b       0x7c stm32_f103c6_drivers/stm32_f103c6_GPIO.o

.debug_frame    0x0000000000000000      0x538
 .debug_frame   0x0000000000000000       0x6c Src/main.o
 .debug_frame   0x000000000000006c       0x58 stm32_f103c6_drivers/keypad_driver/keypad.o
 .debug_frame   0x00000000000000c4      0x148 stm32_f103c6_drivers/lcd_driver/lcd.o
 .debug_frame   0x000000000000020c      0x18c stm32_f103c6_drivers/stm32_f103c6_EXTI.o
 .debug_frame   0x0000000000000398      0x174 stm32_f103c6_drivers/stm32_f103c6_GPIO.o
 .debug_frame   0x000000000000050c       0x2c c:/st/stm32cubeide_1.4.0/stm32cubeide/plugins/com.st.stm32cube.ide.mcu.externaltools.gnu-tools-for-stm32.7-2018-q2-update.win32_1.4.0.202007081208/tools/bin/../lib/gcc/arm-none-eabi/7.3.1/../../../../arm-none-eabi/lib/thumb/v7-m\libc_nano.a(lib_a-init.o)
